Component: ARM Compiler 5.06 update 7 (build 960) Tool: armlink [4d3601]

==============================================================================

Section Cross References

    startup_stm32f407xx.o(STACK) refers (Special) to heapauxi.o(.text) for __use_two_region_memory
    startup_stm32f407xx.o(HEAP) refers (Special) to heapauxi.o(.text) for __use_two_region_memory
    startup_stm32f407xx.o(RESET) refers (Special) to heapauxi.o(.text) for __use_two_region_memory
    startup_stm32f407xx.o(RESET) refers to startup_stm32f407xx.o(STACK) for __initial_sp
    startup_stm32f407xx.o(RESET) refers to startup_stm32f407xx.o(.text) for Reset_Handler
    startup_stm32f407xx.o(RESET) refers to stm32f4xx_it.o(i.NMI_Handler) for NMI_Handler
    startup_stm32f407xx.o(RESET) refers to stm32f4xx_it.o(i.HardFault_Handler) for HardFault_Handler
    startup_stm32f407xx.o(RESET) refers to stm32f4xx_it.o(i.MemManage_Handler) for MemManage_Handler
    startup_stm32f407xx.o(RESET) refers to stm32f4xx_it.o(i.BusFault_Handler) for BusFault_Handler
    startup_stm32f407xx.o(RESET) refers to stm32f4xx_it.o(i.UsageFault_Handler) for UsageFault_Handler
    startup_stm32f407xx.o(RESET) refers to stm32f4xx_it.o(i.SVC_Handler) for SVC_Handler
    startup_stm32f407xx.o(RESET) refers to stm32f4xx_it.o(i.DebugMon_Handler) for DebugMon_Handler
    startup_stm32f407xx.o(RESET) refers to stm32f4xx_it.o(i.PendSV_Handler) for PendSV_Handler
    startup_stm32f407xx.o(RESET) refers to stm32f4xx_it.o(i.SysTick_Handler) for SysTick_Handler
    startup_stm32f407xx.o(RESET) refers to stm32f4xx_it.o(i.CAN1_TX_IRQHandler) for CAN1_TX_IRQHandler
    startup_stm32f407xx.o(RESET) refers to stm32f4xx_it.o(i.CAN1_RX0_IRQHandler) for CAN1_RX0_IRQHandler
    startup_stm32f407xx.o(RESET) refers to stm32f4xx_it.o(i.CAN1_RX1_IRQHandler) for CAN1_RX1_IRQHandler
    startup_stm32f407xx.o(RESET) refers to stm32f4xx_it.o(i.CAN1_SCE_IRQHandler) for CAN1_SCE_IRQHandler
    startup_stm32f407xx.o(RESET) refers to stm32f4xx_it.o(i.DMA2_Stream1_IRQHandler) for DMA2_Stream1_IRQHandler
    startup_stm32f407xx.o(RESET) refers to stm32f4xx_it.o(i.USART6_IRQHandler) for USART6_IRQHandler
    startup_stm32f407xx.o(.text) refers (Special) to heapauxi.o(.text) for __use_two_region_memory
    startup_stm32f407xx.o(.text) refers to system_stm32f4xx.o(i.SystemInit) for SystemInit
    startup_stm32f407xx.o(.text) refers to __main.o(!!!main) for __main
    startup_stm32f407xx.o(.text) refers to startup_stm32f407xx.o(HEAP) for Heap_Mem
    startup_stm32f407xx.o(.text) refers to startup_stm32f407xx.o(STACK) for Stack_Mem
    main.o(i.SystemClock_Config) refers to rt_memclr_w.o(.text) for __aeabi_memclr4
    main.o(i.SystemClock_Config) refers to stm32f4xx_hal_rcc.o(i.HAL_RCC_OscConfig) for HAL_RCC_OscConfig
    main.o(i.SystemClock_Config) refers to stm32f4xx_hal_rcc.o(i.HAL_RCC_ClockConfig) for HAL_RCC_ClockConfig
    main.o(i.main) refers to stm32f4xx_hal.o(i.HAL_Init) for HAL_Init
    main.o(i.main) refers to main.o(i.SystemClock_Config) for SystemClock_Config
    main.o(i.main) refers to gpio.o(i.MX_GPIO_Init) for MX_GPIO_Init
    main.o(i.main) refers to dma.o(i.MX_DMA_Init) for MX_DMA_Init
    main.o(i.main) refers to can.o(i.MX_CAN1_Init) for MX_CAN1_Init
    main.o(i.main) refers to usart.o(i.MX_USART6_UART_Init) for MX_USART6_UART_Init
    main.o(i.main) refers to spi.o(i.MX_SPI1_Init) for MX_SPI1_Init
    main.o(i.main) refers to usart.o(i.MX_USART1_UART_Init) for MX_USART1_UART_Init
    main.o(i.main) refers to bmi088.o(i.BMI088_Proc) for BMI088_Proc
    main.o(i.main) refers to bmi_dection.o(i.USART1_Proc) for USART1_Proc
    gpio.o(i.MX_GPIO_Init) refers to rt_memclr_w.o(.text) for __aeabi_memclr4
    gpio.o(i.MX_GPIO_Init) refers to stm32f4xx_hal_gpio.o(i.HAL_GPIO_WritePin) for HAL_GPIO_WritePin
    gpio.o(i.MX_GPIO_Init) refers to stm32f4xx_hal_gpio.o(i.HAL_GPIO_Init) for HAL_GPIO_Init
    can.o(i.HAL_CAN_MspDeInit) refers to stm32f4xx_hal_gpio.o(i.HAL_GPIO_DeInit) for HAL_GPIO_DeInit
    can.o(i.HAL_CAN_MspDeInit) refers to stm32f4xx_hal_cortex.o(i.HAL_NVIC_DisableIRQ) for HAL_NVIC_DisableIRQ
    can.o(i.HAL_CAN_MspInit) refers to rt_memclr_w.o(.text) for __aeabi_memclr4
    can.o(i.HAL_CAN_MspInit) refers to stm32f4xx_hal_gpio.o(i.HAL_GPIO_Init) for HAL_GPIO_Init
    can.o(i.HAL_CAN_MspInit) refers to stm32f4xx_hal_cortex.o(i.HAL_NVIC_SetPriority) for HAL_NVIC_SetPriority
    can.o(i.HAL_CAN_MspInit) refers to stm32f4xx_hal_cortex.o(i.HAL_NVIC_EnableIRQ) for HAL_NVIC_EnableIRQ
    can.o(i.MX_CAN1_Init) refers to stm32f4xx_hal_can.o(i.HAL_CAN_Init) for HAL_CAN_Init
    can.o(i.MX_CAN1_Init) refers to main.o(i.Error_Handler) for Error_Handler
    can.o(i.MX_CAN1_Init) refers to can.o(.bss) for .bss
    dma.o(i.MX_DMA_Init) refers to stm32f4xx_hal_cortex.o(i.HAL_NVIC_SetPriority) for HAL_NVIC_SetPriority
    dma.o(i.MX_DMA_Init) refers to stm32f4xx_hal_cortex.o(i.HAL_NVIC_EnableIRQ) for HAL_NVIC_EnableIRQ
[...]
    .ARM.Collect$$libinit$$00000016          0x08000212   Section       10  libinit2.o(.ARM.Collect$$libinit$$00000016)
    .ARM.Collect$$libinit$$00000017          0x0800021c   Section        0  libinit2.o(.ARM.Collect$$libinit$$00000017)
    .ARM.Collect$$libinit$$00000019          0x0800021c   Section        0  libinit2.o(.ARM.Collect$$libinit$$00000019)
    .ARM.Collect$$libinit$$0000001B          0x0800021c   Section        0  libinit2.o(.ARM.Collect$$libinit$$0000001B)
    .ARM.Collect$$libinit$$0000001D          0x0800021c   Section        0  libinit2.o(.ARM.Collect$$libinit$$0000001D)
    .ARM.Collect$$libinit$$0000001F          0x0800021c   Section        0  libinit2.o(.ARM.Collect$$libinit$$0000001F)
    .ARM.Collect$$libinit$$00000021          0x0800021c   Section        0  libinit2.o(.ARM.Collect$$libinit$$00000021)
    .ARM.Collect$$libinit$$00000023          0x0800021c   Section        0  libinit2.o(.ARM.Collect$$libinit$$00000023)
    .ARM.Collect$$libinit$$00000025          0x0800021c   Section        0  libinit2.o(.ARM.Collect$$libinit$$00000025)
    .ARM.Collect$$libinit$$0000002C          0x0800021c   Section        0  libinit2.o(.ARM.Collect$$libinit$$0000002C)
    .ARM.Collect$$libinit$$0000002E          0x0800021c   Section        0  libinit2.o(.ARM.Collect$$libinit$$0000002E)
    .ARM.Collect$$libinit$$00000030          0x0800021c   Section        0  libinit2.o(.ARM.Collect$$libinit$$00000030)
    .ARM.Collect$$libinit$$00000032          0x0800021c   Section        0  libinit2.o(.ARM.Collect$$libinit$$00000032)
    .ARM.Collect$$libinit$$00000033          0x0800021c   Section        2  libinit2.o(.ARM.Collect$$libinit$$00000033)
    .ARM.Collect$$libshutdown$$00000000      0x0800021e   Section        2  libshutdown.o(.ARM.Collect$$libshutdown$$00000000)
    .ARM.Collect$$libshutdown$$00000002      0x08000220   Section        0  libshutdown2.o(.ARM.Collect$$libshutdown$$00000002)
    .ARM.Collect$$libshutdown$$00000004      0x08000220   Section        0  libshutdown2.o(.ARM.Collect$$libshutdown$$00000004)
    .ARM.Collect$$libshutdown$$00000006      0x08000220   Section        0  libshutdown2.o(.ARM.Collect$$libshutdown$$00000006)
    .ARM.Collect$$libshutdown$$00000009      0x08000220   Section        0  libshutdown2.o(.ARM.Collect$$libshutdown$$00000009)
    .ARM.Collect$$libshutdown$$0000000C      0x08000220   Section        0  libshutdown2.o(.ARM.Collect$$libshutdown$$0000000C)
    .ARM.Collect$$libshutdown$$0000000E      0x08000220   Section        0  libshutdown2.o(.ARM.Collect$$libshutdown$$0000000E)
    .ARM.Collect$$libshutdown$$00000011      0x08000220   Section        0  libshutdown2.o(.ARM.Collect$$libshutdown$$00000011)
    .ARM.Collect$$libshutdown$$00000012      0x08000220   Section        2  libshutdown2.o(.ARM.Collect$$libshutdown$$00000012)
    .ARM.Collect$$rtentry$$00000000          0x08000222   Section        0  __rtentry.o(.ARM.Collect$$rtentry$$00000000)
    .ARM.Collect$$rtentry$$00000002          0x08000222   Section        0  __rtentry2.o(.ARM.Collect$$rtentry$$00000002)
    .ARM.Collect$$rtentry$$00000004          0x08000222   Section        6  __rtentry4.o(.ARM.Collect$$rtentry$$00000004)
    .ARM.Collect$$rtentry$$00000009          0x08000228   Section        0  __rtentry2.o(.ARM.Collect$$rtentry$$00000009)
    .ARM.Collect$$rtentry$$0000000A          0x08000228   Section        4  __rtentry2.o(.ARM.Collect$$rtentry$$0000000A)
    .ARM.Collect$$rtentry$$0000000C          0x0800022c   Section        0  __rtentry2.o(.ARM.Collect$$rtentry$$0000000C)
    .ARM.Collect$$rtentry$$0000000D          0x0800022c   Section        8  __rtentry2.o(.ARM.Collect$$rtentry$$0000000D)
    .ARM.Collect$$rtexit$$00000000           0x08000234   Section        2  rtexit.o(.ARM.Collect$$rtexit$$00000000)
    .ARM.Collect$$rtexit$$00000002           0x08000236   Section        0  rtexit2.o(.ARM.Collect$$rtexit$$00000002)
    .ARM.Collect$$rtexit$$00000003           0x08000236   Section        4  rtexit2.o(.ARM.Collect$$rtexit$$00000003)
    .ARM.Collect$$rtexit$$00000004           0x0800023a   Section        6  rtexit2.o(.ARM.Collect$$rtexit$$00000004)
    .text                                    0x08000240   Section       64  startup_stm32f407xx.o(.text)
    $v0                                      0x08000240   Number         0  startup_stm32f407xx.o(.text)
    .text                                    0x08000280   Section      238  lludivv7m.o(.text)
    .text                                    0x08000370   Section        0  __2sprintf.o(.text)
    .text                                    0x0800039c   Section        0  __printf_wp.o(.text)
    .text                                    0x080004aa   Section       78  rt_memclr_w.o(.text)
    .text                                    0x080004f8   Section        0  heapauxi.o(.text)
    .text                                    0x080004fe   Section        0  _printf_fp_dec.o(.text)
    _fp_digits                               0x08000501   Thumb Code   432  _printf_fp_dec.o(.text)
    .text                                    0x0800091c   Section        0  _printf_char_common.o(.text)
    _printf_input_char                       0x0800091d   Thumb Code    10  _printf_char_common.o(.text)
    .text                                    0x0800094c   Section        0  _sputc.o(.text)
    .text                                    0x08000958   Section        8  rt_locale_intlibspace.o(.text)
    .text                                    0x08000960   Section      138  lludiv10.o(.text)
    .text                                    0x080009ec   Section        0  _printf_fp_infnan.o(.text)
    .text                                    0x08000a6c   Section        0  bigflt0.o(.text)
    .text                                    0x08000b50   Section        8  libspace.o(.text)
    .text                                    0x08000b58   Section       74  sys_stackheap_outer.o(.text)
    .text                                    0x08000ba2   Section        0  exit.o(.text)
    .text                                    0x08000bb4   Section      128  strcmpv7m.o(.text)
    .text                                    0x08000c34   Section        0  sys_exit.o(.text)
    .text                                    0x08000c40   Section        2  use_no_semi.o(.text)
    .text                                    0x08000c42   Section        0  indicate_semi.o(.text)
    CL$$btod_d2e                             0x08000c42   Section       62  btod.o(CL$$btod_d2e)
    CL$$btod_d2e_denorm_low                  0x08000c80   Section       70  btod.o(CL$$btod_d2e_denorm_low)
    CL$$btod_d2e_norm_op1                    0x08000cc6   Section       96  btod.o(CL$$btod_d2e_norm_op1)
    CL$$btod_div_common                      0x08000d26   Section      824  btod.o(CL$$btod_div_common)
    CL$$btod_e2e                             0x0800105e   Section      220  btod.o(CL$$btod_e2e)
    CL$$btod_ediv                            0x0800113a   Section       42  btod.o(CL$$btod_ediv)
    CL$$btod_emul                            0x08001164   Section       42  btod.o(CL$$btod_emul)
    CL$$btod_mult_common                     0x0800118e   Section      580  btod.o(CL$$btod_mult_common)
    i.BMI088_GetAx                           0x080013d4   Section        0  bmi088.o(i.BMI088_GetAx)
    i.BMI088_GetAy                           0x080013e0   Section        0  bmi088.o(i.BMI088_GetAy)
    i.BMI088_GetAz                           0x080013ec   Section        0  bmi088.o(i.BMI088_GetAz)
    i.BMI088_GetGx                           0x080013f8   Section        0  bmi088.o(i.BMI088_GetGx)
    i.BMI088_GetGy                           0x08001404   Section        0  bmi088.o(i.BMI088_GetGy)
    i.BMI088_GetGz                           0x08001410   Section        0  bmi088.o(i.BMI088_GetGz)
    i.BMI088_Proc                            0x0800141c   Section        0  bmi088.o(i.BMI088_Proc)
    i.BMI088_Update                          0x0800143c   Section        0  bmi088.o(i.BMI088_Update)
    i.BusFault_Handler                       0x080015a4   Section        0  stm32f4xx_it.o(i.BusFault_Handler)
    i.CAN1_RX0_IRQHandler                    0x080015a8   Section        0  stm32f4xx_it.o(i.CAN1_RX0_IRQHandler)
    i.CAN1_RX1_IRQHandler                    0x080015b4   Section        0  stm32f4xx_it.o(i.CAN1_RX1_IRQHandler)
    i.CAN1_SCE_IRQHandler                    0x080015c0   Section        0  stm32f4xx_it.o(i.CAN1_SCE_IRQHandler)
    i.CAN1_TX_IRQHandler                     0x080015cc   Section        0  stm32f4xx_it.o(i.CAN1_TX_IRQHandler)
    i.DMA2_Stream1_IRQHandler                0x080015d8   Section        0  stm32f4xx_it.o(i.DMA2_Stream1_IRQHandler)
    i.DMA_CalcBaseAndBitshift                0x080015e4   Section        0  stm32f4xx_hal_dma.o(i.DMA_CalcBaseAndBitshift)
    DMA_CalcBaseAndBitshift                  0x080015e5   Thumb Code    34  stm32f4xx_hal_dma.o(i.DMA_CalcBaseAndBitshift)
    i.DMA_CheckFifoParam                     0x0800160c   Section        0  stm32f4xx_hal_dma.o(i.DMA_CheckFifoParam)
    DMA_CheckFifoParam                       0x0800160d   Thumb Code    84  stm32f4xx_hal_dma.o(i.DMA_CheckFifoParam)
    i.DMA_SetConfig                          0x08001660   Section        0  stm32f4xx_hal_dma.o(i.DMA_SetConfig)
    DMA_SetConfig                            0x08001661   Thumb Code    40  stm32f4xx_hal_dma.o(i.DMA_SetConfig)
    i.DebugMon_Handler                       0x08001688   Section        0  stm32f4xx_it.o(i.DebugMon_Handler)
    i.Error_Handler                          0x0800168a   Section        0  main.o(i.Error_Handler)
    i.HAL_CAN_ErrorCallback                  0x0800168e   Section        0  stm32f4xx_hal_can.o(i.HAL_CAN_ErrorCallback)
    i.HAL_CAN_IRQHandler                     0x08001690   Section        0  stm32f4xx_hal_can.o(i.HAL_CAN_IRQHandler)
    i.HAL_CAN_Init                           0x0800188c   Section        0  stm32f4xx_hal_can.o(i.HAL_CAN_Init)
    i.HAL_CAN_MspInit                        0x080019a8   Section        0  can.o(i.HAL_CAN_MspInit)
    i.HAL_CAN_RxFifo0FullCallback            0x08001a50   Section        0  stm32f4xx_hal_can.o(i.HAL_CAN_RxFifo0FullCallback)
    i.HAL_CAN_RxFifo0MsgPendingCallback      0x08001a52   Section        0  stm32f4xx_hal_can.o(i.HAL_CAN_RxFifo0MsgPendingCallback)
    i.HAL_CAN_RxFifo1FullCallback            0x08001a54   Section        0  stm32f4xx_hal_can.o(i.HAL_CAN_RxFifo1FullCallback)
    i.HAL_CAN_RxFifo1MsgPendingCallback      0x08001a56   Section        0  stm32f4xx_hal_can.o(i.HAL_CAN_RxFifo1MsgPendingCallback)
    i.HAL_CAN_SleepCallback                  0x08001a58   Section        0  stm32f4xx_hal_can.o(i.HAL_CAN_SleepCallback)
    i.HAL_CAN_TxMailbox0AbortCallback        0x08001a5a   Section        0  stm32f4xx_hal_can.o(i.HAL_CAN_TxMailbox0AbortCallback)
    i.HAL_CAN_TxMailbox0CompleteCallback     0x08001a5c   Section        0  stm32f4xx_hal_can.o(i.HAL_CAN_TxMailbox0CompleteCallback)
    i.HAL_CAN_TxMailbox1AbortCallback        0x08001a5e   Section        0  stm32f4xx_hal_can.o(i.HAL_CAN_TxMailbox1AbortCallback)
    i.HAL_CAN_TxMailbox1CompleteCallback     0x08001a60   Section        0  stm32f4xx_hal_can.o(i.HAL_CAN_TxMailbox1CompleteCallback)
    i.HAL_CAN_TxMailbox2AbortCallback        0x08001a62   Section        0  stm32f4xx_hal_can.o(i.HAL_CAN_TxMailbox2AbortCallback)
    i.HAL_CAN_TxMailbox2CompleteCallback     0x08001a64   Section        0  stm32f4xx_hal_can.o(i.HAL_CAN_TxMailbox2CompleteCallback)
    i.HAL_CAN_WakeUpFromRxMsgCallback        0x08001a66   Section        0  stm32f4xx_hal_can.o(i.HAL_CAN_WakeUpFromRxMsgCallback)
    i.HAL_DMA_Abort                          0x08001a68   Section        0  stm32f4xx_hal_dma.o(i.HAL_DMA_Abort)
    i.HAL_DMA_Abort_IT                       0x08001afa   Section        0  stm32f4xx_hal_dma.o(i.HAL_DMA_Abort_IT)
    i.HAL_DMA_IRQHandler                     0x08001b20   Section        0  stm32f4xx_hal_dma.o(i.HAL_DMA_IRQHandler)
    i.HAL_DMA_Init                           0x08001cc0   Section        0  stm32f4xx_hal_dma.o(i.HAL_DMA_Init)
    i.HAL_DMA_Start_IT                       0x08001d94   Section        0  stm32f4xx_hal_dma.o(i.HAL_DMA_Start_IT)
    i.HAL_GPIO_Init                          0x08001e04   Section        0  stm32f4xx_hal_gpio.o(i.HAL_GPIO_Init)
    i.HAL_GPIO_WritePin                      0x08001ff4   Section        0  stm32f4xx_hal_gpio.o(i.HAL_GPIO_WritePin)
    i.HAL_GetTick                            0x08002000   Section        0  stm32f4xx_hal.o(i.HAL_GetTick)
    i.HAL_IncTick                            0x0800200c   Section        0  stm32f4xx_hal.o(i.HAL_IncTick)
    i.HAL_Init                               0x0800201c   Section        0  stm32f4xx_hal.o(i.HAL_Init)
    i.HAL_InitTick                           0x08002050   Section        0  stm32f4xx_hal.o(i.HAL_InitTick)
    i.HAL_MspInit                            0x08002090   Section        0  stm32f4xx_hal_msp.o(i.HAL_MspInit)
    i.HAL_NVIC_EnableIRQ                     0x080020c0   Section        0  stm32f4xx_hal_cortex.o(i.HAL_NVIC_EnableIRQ)
    i.HAL_NVIC_SetPriority                   0x080020dc   Section        0  stm32f4xx_hal_cortex.o(i.HAL_NVIC_SetPriority)
    i.HAL_NVIC_SetPriorityGrouping           0x0800211c   Section        0  stm32f4xx_hal_cortex.o(i.HAL_NVIC_SetPriorityGrouping)
    i.HAL_RCC_ClockConfig                    0x08002140   Section        0  stm32f4xx_hal_rcc.o(i.HAL_RCC_ClockConfig)
    i.HAL_RCC_GetPCLK1Freq                   0x08002274   Section        0  stm32f4xx_hal_rcc.o(i.HAL_RCC_GetPCLK1Freq)
    i.HAL_RCC_GetPCLK2Freq                   0x08002294   Section        0  stm32f4xx_hal_rcc.o(i.HAL_RCC_GetPCLK2Freq)
    i.HAL_RCC_GetSysClockFreq                0x080022b4   Section        0  stm32f4xx_hal_rcc.o(i.HAL_RCC_GetSysClockFreq)
    i.HAL_RCC_OscConfig                      0x08002318   Section        0  stm32f4xx_hal_rcc.o(i.HAL_RCC_OscConfig)
    i.HAL_SPI_Init                           0x08002684   Section        0  stm32f4xx_hal_spi.o(i.HAL_SPI_Init)
    i.HAL_SPI_MspInit                        0x08002740   Section        0  spi.o(i.HAL_SPI_MspInit)
    i.HAL_SPI_TransmitReceive                0x080027d0   Section        0  stm32f4xx_hal_spi.o(i.HAL_SPI_TransmitReceive)
    i.HAL_SYSTICK_Config                     0x080029c0   Section        0  stm32f4xx_hal_cortex.o(i.HAL_SYSTICK_Config)
    i.HAL_UARTEx_ReceiveToIdle_DMA           0x080029e8   Section        0  stm32f4xx_hal_uart.o(i.HAL_UARTEx_ReceiveToIdle_DMA)
    i.HAL_UARTEx_RxEventCallback             0x08002a34   Section        0  receive.o(i.HAL_UARTEx_RxEventCallback)
    i.HAL_UART_ErrorCallback                 0x08002a58   Section        0  stm32f4xx_hal_uart.o(i.HAL_UART_ErrorCallback)
    i.HAL_UART_IRQHandler                    0x08002a5c   Section        0  stm32f4xx_hal_uart.o(i.HAL_UART_IRQHandler)
    i.HAL_UART_Init                          0x08002cdc   Section        0  stm32f4xx_hal_uart.o(i.HAL_UART_Init)
    i.HAL_UART_MspInit                       0x08002d40   Section        0  usart.o(i.HAL_UART_MspInit)
    i.HAL_UART_RxCpltCallback                0x08002e54   Section        0  stm32f4xx_hal_uart.o(i.HAL_UART_RxCpltCallback)
    i.HAL_UART_RxHalfCpltCallback            0x08002e56   Section        0  stm32f4xx_hal_uart.o(i.HAL_UART_RxHalfCpltCallback)
    i.HAL_UART_Transmit                      0x08002e58   Section        0  stm32f4xx_hal_uart.o(i.HAL_UART_Transmit)
    i.HAL_UART_TxCpltCallback                0x08002ef8   Section        0  stm32f4xx_hal_uart.o(i.HAL_UART_TxCpltCallback)
    i.HardFault_Handler                      0x08002efa   Section        0  stm32f4xx_it.o(i.HardFault_Handler)
    i.MX_CAN1_Init                           0x08002efc   Section        0  can.o(i.MX_CAN1_Init)
    i.MX_DMA_Init                            0x08002f40   Section        0  dma.o(i.MX_DMA_Init)
    i.MX_GPIO_Init                           0x08002f6c   Section        0  gpio.o(i.MX_GPIO_Init)
    i.MX_SPI1_Init                           0x08003068   Section        0  spi.o(i.MX_SPI1_Init)
    i.MX_USART1_UART_Init                    0x080030b0   Section        0  usart.o(i.MX_USART1_UART_Init)
    i.MX_USART6_UART_Init                    0x080030e8   Section        0  usart.o(i.MX_USART6_UART_Init)
    i.MemManage_Handler                      0x08003120   Section        0  stm32f4xx_it.o(i.MemManage_Handler)
    i.NMI_Handler                            0x08003122   Section        0  stm32f4xx_it.o(i.NMI_Handler)
    i.PendSV_Handler                         0x08003124   Section        0  stm32f4xx_it.o(i.PendSV_Handler)
    i.SPI_EndRxTxTransaction                 0x08003128   Section        0  stm32f4xx_hal_spi.o(i.SPI_EndRxTxTransaction)
    SPI_EndRxTxTransaction                   0x08003129   Thumb Code    98  stm32f4xx_hal_spi.o(i.SPI_EndRxTxTransaction)
    i.SPI_WaitFlagStateUntilTimeout          0x08003194   Section        0  stm32f4xx_hal_spi.o(i.SPI_WaitFlagStateUntilTimeout)
    SPI_WaitFlagStateUntilTimeout            0x08003195   Thumb Code   182  stm32f4xx_hal_spi.o(i.SPI_WaitFlagStateUntilTimeout)
    i.SVC_Handler                            0x08003250   Section        0  stm32f4xx_it.o(i.SVC_Handler)
    i.SysTick_Handler                        0x08003252   Section        0  stm32f4xx_it.o(i.SysTick_Handler)
    i.SystemClock_Config                     0x08003258   Section        0  main.o(i.SystemClock_Config)
    i.SystemInit                             0x080032ec   Section        0  system_stm32f4xx.o(i.SystemInit)
    i.UART_DMAAbortOnError                   0x080032fc   Section        0  stm32f4xx_hal_uart.o(i.UART_DMAAbortOnError)
    UART_DMAAbortOnError                     0x080032fd   Thumb Code    14  stm32f4xx_hal_uart.o(i.UART_DMAAbortOnError)
    i.UART_DMAError                          0x0800330a   Section        0  stm32f4xx_hal_uart.o(i.UART_DMAError)
    UART_DMAError                            0x0800330b   Thumb Code    74  stm32f4xx_hal_uart.o(i.UART_DMAError)
    i.UART_DMAReceiveCplt                    0x08003354   Section        0  stm32f4xx_hal_uart.o(i.UART_DMAReceiveCplt)
    UART_DMAReceiveCplt                      0x08003355   Thumb Code   134  stm32f4xx_hal_uart.o(i.UART_DMAReceiveCplt)
    i.UART_DMARxHalfCplt                     0x080033da   Section        0  stm32f4xx_hal_uart.o(i.UART_DMARxHalfCplt)
    UART_DMARxHalfCplt                       0x080033db   Thumb Code    30  stm32f4xx_hal_uart.o(i.UART_DMARxHalfCplt)
    i.UART_EndRxTransfer                     0x080033f8   Section        0  stm32f4xx_hal_uart.o(i.UART_EndRxTransfer)
    UART_EndRxTransfer                       0x080033f9   Thumb Code    78  stm32f4xx_hal_uart.o(i.UART_EndRxTransfer)
    i.UART_EndTxTransfer                     0x08003446   Section        0  stm32f4xx_hal_uart.o(i.UART_EndTxTransfer)
    UART_EndTxTransfer                       0x08003447   Thumb Code    28  stm32f4xx_hal_uart.o(i.UART_EndTxTransfer)
    i.UART_Receive_IT                        0x08003462   Section        0  stm32f4xx_hal_uart.o(i.UART_Receive_IT)
    UART_Receive_IT                          0x08003463   Thumb Code   194  stm32f4xx_hal_uart.o(i.UART_Receive_IT)
    i.UART_SetConfig                         0x08003524   Section        0  stm32f4xx_hal_uart.o(i.UART_SetConfig)
    UART_SetConfig                           0x08003525   Thumb Code   258  stm32f4xx_hal_uart.o(i.UART_SetConfig)
    i.UART_Start_Receive_DMA                 0x08003630   Section        0  stm32f4xx_hal_uart.o(i.UART_Start_Receive_DMA)
    i.UART_WaitOnFlagUntilTimeout            0x080036d0   Section        0  stm32f4xx_hal_uart.o(i.UART_WaitOnFlagUntilTimeout)
    UART_WaitOnFlagUntilTimeout              0x080036d1   Thumb Code   114  stm32f4xx_hal_uart.o(i.UART_WaitOnFlagUntilTimeout)
    i.USART1_Proc                            0x08003744   Section        0  bmi_dection.o(i.USART1_Proc)
    i.USART6_IRQHandler                      0x0800382c   Section        0  stm32f4xx_it.o(i.USART6_IRQHandler)
    i.UsageFault_Handler                     0x08003838   Section        0  stm32f4xx_it.o(i.UsageFault_Handler)
    i.__ARM_fpclassify                       0x0800383a   Section        0  fpclassify.o(i.__ARM_fpclassify)
    i.__NVIC_SetPriority                     0x0800386a   Section        0  stm32f4xx_hal_cortex.o(i.__NVIC_SetPriority)
    __NVIC_SetPriority                       0x0800386b   Thumb Code    32  stm32f4xx_hal_cortex.o(i.__NVIC_SetPriority)
    i._is_digit                              0x0800388a   Section        0  __printf_wp.o(i._is_digit)
    i.binary_search                          0x08003898   Section        0  qmath.o(i.binary_search)
    binary_search                            0x08003899   Thumb Code    50  qmath.o(i.binary_search)
    i.main                                   0x080038ca   Section        0  main.o(i.main)
    i.parse_frame                            0x080038f4   Section        0  receive.o(i.parse_frame)
    parse_frame                              0x080038f5   Thumb Code   234  receive.o(i.parse_frame)
    i.parse_int                              0x080039e8   Section        0  receive.o(i.parse_int)
    parse_int                                0x080039e9   Thumb Code   104  receive.o(i.parse_int)
    i.qatan                                  0x08003a50   Section        0  qmath.o(i.qatan)
    i.qatan2                                 0x08003a9c   Section        0  qmath.o(i.qatan2)
    i.reg_read_buf                           0x08003b1c   Section        0  bmi088.o(i.reg_read_buf)
    reg_read_buf                             0x08003b1d   Thumb Code    70  bmi088.o(i.reg_read_buf)
    i.spi_rw                                 0x08003b64   Section        0  bmi088.o(i.spi_rw)
    spi_rw                                   0x08003b65   Thumb Code    28  bmi088.o(i.spi_rw)
    i.vision_start_dma                       0x08003b84   Section        0  receive.o(i.vision_start_dma)
    vision_start_dma                         0x08003b85   Thumb Code    28  receive.o(i.vision_start_dma)
    locale$$code                             0x08003ba8   Section       44  lc_numeric_c.o(locale$$code)
    x$fpl$dretinf                            0x08003bd4   Section       12  dretinf.o(x$fpl$dretinf)
    $v0                                      0x08003bd4   Number         0  dretinf.o(x$fpl$dretinf)
    x$fpl$f2d                                0x08003be0   Section       86  f2d.o(x$fpl$f2d)
    $v0                                      0x08003be0   Number         0  f2d.o(x$fpl$f2d)
    x$fpl$fnaninf                            0x08003c36   Section      140  fnaninf.o(x$fpl$fnaninf)
    $v0                                      0x08003c36   Number         0  fnaninf.o(x$fpl$fnaninf)
    x$fpl$fpinit                             0x08003cc2   Section       10  fpinit.o(x$fpl$fpinit)
    $v0                                      0x08003cc2   Number         0  fpinit.o(x$fpl$fpinit)
    x$fpl$printf1                            0x08003ccc   Section        4  printf1.o(x$fpl$printf1)
    $v0                                      0x08003ccc   Number         0  printf1.o(x$fpl$printf1)
    .constdata                               0x08003cd0   Section        8  stm32f4xx_hal_dma.o(.constdata)
    x$fpl$usenofp                            0x08003cd0   Section        0  usenofp.o(x$fpl$usenofp)
    flagBitshiftOffset                       0x08003cd0   Data           8  stm32f4xx_hal_dma.o(.constdata)
    .constdata                               0x08003cd8   Section       16  system_stm32f4xx.o(.constdata)
    .constdata                               0x08003ce8   Section        8  system_stm32f4xx.o(.constdata)
    .constdata                               0x08003cf0   Section     8192  qmath.o(.constdata)
    sin_vals                                 0x08003cf0   Data        4096  qmath.o(.constdata)
    tan_vals                                 0x08004cf0   Data        4096  qmath.o(.constdata)
    .constdata                               0x08005cf0   Section      148  bigflt0.o(.constdata)
    tenpwrs_x                                0x08005cf0   Data          60  bigflt0.o(.constdata)
    tenpwrs_i                                0x08005d2c   Data          64  bigflt0.o(.constdata)
    locale$$data                             0x08005da4   Section       28  lc_numeric_c.o(locale$$data)
    __lcnum_c_name                           0x08005da8   Data           2  lc_numeric_c.o(locale$$data)
    __lcnum_c_start                          0x08005db0   Data           0  lc_numeric_c.o(locale$$data)
    __lcnum_c_point                          0x08005dbc   Data           0  lc_numeric_c.o(locale$$data)
    __lcnum_c_thousands                      0x08005dbe   Data           0  lc_numeric_c.o(locale$$data)
    __lcnum_c_grouping                       0x08005dbf   Data           0  lc_numeric_c.o(locale$$data)
    __lcnum_c_end                            0x08005dc0   Data           0  lc_numeric_c.o(locale$$data)
    .data                                    0x20000000   Section       12  stm32f4xx_hal.o(.data)
    .data                                    0x2000000c   Section        4  system_stm32f4xx.o(.data)
    .data                                    0x20000010   Section       36  bmi088.o(.data)
    bmi088_error                             0x20000010   Data           1  bmi088.o(.data)
    last_tick                                0x20000014   Data           4  bmi088.o(.data)
    ax                                       0x20000018   Data           4  bmi088.o(.data)
    ay                                       0x2000001c   Data           4  bmi088.o(.data)
    az                                       0x20000020   Data           4  bmi088.o(.data)
    gx                                       0x20000024   Data           4  bmi088.o(.data)
    gy                                       0x20000028   Data           4  bmi088.o(.data)
    gz                                       0x2000002c   Data           4  bmi088.o(.data)
    temperature                              0x20000030   Data           4  bmi088.o(.data)
    .data                                    0x20000034   Section        4  bmi_dection.o(.data)
    nxt                                      0x20000034   Data           4  bmi_dection.o(.data)
    .bss                                     0x20000038   Section       40  can.o(.bss)
    .bss                                     0x20000060   Section       88  spi.o(.bss)
    .bss                                     0x200000b8   Section      240  usart.o(.bss)
    .bss                                     0x200001a8   Section       84  receive.o(.bss)
    s_rx_buf                                 0x200001a8   Data          64  receive.o(.bss)
    s_vision                                 0x200001e8   Data          20  receive.o(.bss)
    .bss                                     0x200001fc   Section       96  libspace.o(.bss)
    HEAP                                     0x20000260   Section      512  startup_stm32f407xx.o(HEAP)
    Heap_Mem                                 0x20000260   Data         512  startup_stm32f407xx.o(HEAP)
    STACK                                    0x20000460   Section     1024  startup_stm32f407xx.o(STACK)
    Stack_Mem                                0x20000460   Data        1024  startup_stm32f407xx.o(STACK)
    __initial_sp                             0x20000860   Data           0  startup_stm32f407xx.o(STACK)

    Global Symbols

    Symbol Name                              Value     Ov Type        Size  Object(Section)

    BuildAttributes$$THM_ISAv4$E$P$D$K$B$S$7EM$VFPi3$EXTD16$VFPS$VFMA$PE$A:L22UL41UL21$X:L11$S22US41US21$IEEE1$IW$USESV6$~STKCKD$USESV7$~SHL$OTIME$ROPI$IEEEJ$EBA8$UX$STANDARDLIB$REQ8$PRES8$EABIv2 0x00000000   Number         0  anon$$obj.o ABSOLUTE
    __ARM_use_no_argv                        0x00000000   Number         0  main.o ABSOLUTE
    _printf_flags                            0x00000000   Number         0  printf_stubs.o ABSOLUTE
    _printf_return_value                     0x00000000   Number         0  printf_stubs.o ABSOLUTE
    _printf_sizespec                         0x00000000   Number         0  printf_stubs.o ABSOLUTE
    _printf_widthprec                        0x00000000   Number         0  printf_stubs.o ABSOLUTE
    __ARM_exceptions_init                     - Undefined Weak Reference
    __alloca_initialize                       - Undefined Weak Reference
    __arm_fini_                               - Undefined Weak Reference
    __arm_preinit_                            - Undefined Weak Reference
    __cpp_initialize__aeabi_                  - Undefined Weak Reference
    __cxa_finalize                            - Undefined Weak Reference
    __sigvec_lookup                           - Undefined Weak Reference
    _atexit_init                              - Undefined Weak Reference
    _call_atexit_fns                          - Undefined Weak Reference
    _clock_init                               - Undefined Weak Reference
    _fp_trap_init                             - Undefined Weak Reference
    _fp_trap_shutdown                         - Undefined Weak Reference
    _get_lc_collate                           - Undefined Weak Reference
    _get_lc_ctype                             - Undefined Weak Reference
    _get_lc_monetary                          - Undefined Weak Reference
    _get_lc_time                              - Undefined Weak Reference
    _getenv_init                              - Undefined Weak Reference
    _handle_redirection                       - Undefined Weak Reference
    _init_alloc                               - Undefined Weak Reference
    _init_user_alloc                          - Undefined Weak Reference
    _initio                                   - Undefined Weak Reference
    _printf_post_padding                      - Undefined Weak Reference
    _printf_pre_padding                       - Undefined Weak Reference
    _rand_init                                - Undefined Weak Reference
    _signal_finish                            - Undefined Weak Reference
    _signal_init                              - Undefined Weak Reference
    _terminate_alloc                          - Undefined Weak Reference
    _terminate_user_alloc                     - Undefined Weak Reference
    _terminateio                              - Undefined Weak Reference
    __Vectors_Size                           0x00000188   Number         0  startup_stm32f407xx.o ABSOLUTE
    __Vectors                                0x08000000   Data           4  startup_stm32f407xx.o(RESET)
    __Vectors_End                            0x08000188   Data           0  startup_stm32f407xx.o(RESET)
    __main                                   0x08000189   Thumb Code     8  __main.o(!!!main)
    __scatterload                            0x08000191   Thumb Code     0  __scatter.o(!!!scatter)
    __scatterload_rt2                        0x08000191   Thumb Code    44  __scatter.o(!!!scatter)
    __scatterload_rt2_thumb_only             0x08000191   Thumb Code     0  __scatter.o(!!!scatter)
    __scatterload_null                       0x0800019f   Thumb Code     0  __scatter.o(!!!scatter)
    __scatterload_copy                       0x080001c5   Thumb Code    26  __scatter_copy.o(!!handler_copy)
    __scatterload_zeroinit                   0x080001e1   Thumb Code    28  __scatter_zi.o(!!handler_zi)
    _printf_f                                0x080001fd   Thumb Code     0  _printf_f.o(.ARM.Collect$$_printf_percent$$00000003)
    _printf_percent                          0x080001fd   Thumb Code     0  _printf_percent.o(.ARM.Collect$$_printf_percent$$00000000)
    _printf_percent_end                      0x08000203   Thumb Code     0  _printf_percent_end.o(.ARM.Collect$$_printf_percent$$00000017)
    __rt_lib_init                            0x08000207   Thumb Code     0  libinit.o(.ARM.Collect$$libinit$$00000000)
    __rt_lib_init_fp_1                       0x08000209   Thumb Code     0  libinit2.o(.ARM.Collect$$libinit$$00000001)
    __rt_lib_init_heap_1                     0x0800020d   Thumb Code     0  libinit2.o(.ARM.Collect$$libinit$$0000000A)
    __rt_lib_init_lc_common                  0x0800020d   Thumb Code     0  libinit2.o(.ARM.Collect$$libinit$$0000000F)
    __rt_lib_init_preinit_1                  0x0800020d   Thumb Code     0  libinit2.o(.ARM.Collect$$libinit$$00000004)
    __rt_lib_init_rand_1                     0x0800020d   Thumb Code     0  libinit2.o(.ARM.Collect$$libinit$$0000000E)
    __rt_lib_init_user_alloc_1               0x0800020d   Thumb Code     0  libinit2.o(.ARM.Collect$$libinit$$0000000C)
    __rt_lib_init_lc_collate_1               0x08000213   Thumb Code     0  libinit2.o(.ARM.Collect$$libinit$$00000011)
    __rt_lib_init_lc_ctype_1                 0x08000213   Thumb Code     0  libinit2.o(.ARM.Collect$$libinit$$00000013)
    __rt_lib_init_lc_monetary_1              0x08000213   Thumb Code     0  libinit2.o(.ARM.Collect$$libinit$$00000015)
    __rt_lib_init_lc_numeric_2               0x08000213   Thumb Code     0  libinit2.o(.ARM.Collect$$libinit$$00000016)
    __rt_lib_init_alloca_1                   0x0800021d   Thumb Code     0  libinit2.o(.ARM.Collect$$libinit$$0000002E)
    __rt_lib_init_argv_1                     0x0800021d   Thumb Code     0  libinit2.o(.ARM.Collect$$libinit$$0000002C)
    __rt_lib_init_atexit_1                   0x0800021d   Thumb Code     0  libinit2.o(.ARM.Collect$$libinit$$0000001B)
    __rt_lib_init_clock_1                    0x0800021d   Thumb Code     0  libinit2.o(.ARM.Collect$$libinit$$00000021)
    __rt_lib_init_cpp_1                      0x0800021d   Thumb Code     0  libinit2.o(.ARM.Collect$$libinit$$00000032)
    __rt_lib_init_exceptions_1               0x0800021d   Thumb Code     0  libinit2.o(.ARM.Collect$$libinit$$00000030)
    __rt_lib_init_fp_trap_1                  0x0800021d   Thumb Code     0  libinit2.o(.ARM.Collect$$libinit$$0000001F)
    __rt_lib_init_getenv_1                   0x0800021d   Thumb Code     0  libinit2.o(.ARM.Collect$$libinit$$00000023)
    __rt_lib_init_lc_numeric_1               0x0800021d   Thumb Code     0  libinit2.o(.ARM.Collect$$libinit$$00000017)
    __rt_lib_init_lc_time_1                  0x0800021d   Thumb Code     0  libinit2.o(.ARM.Collect$$libinit$$00000019)
    __rt_lib_init_return                     0x0800021d   Thumb Code     0  libinit2.o(.ARM.Collect$$libinit$$00000033)
    __rt_lib_init_signal_1                   0x0800021d   Thumb Code     0  libinit2.o(.ARM.Collect$$libinit$$0000001D)
    __rt_lib_init_stdio_1                    0x0800021d   Thumb Code     0  libinit2.o(.ARM.Collect$$libinit$$00000025)
    __rt_lib_shutdown                        0x0800021f   Thumb Code     0  libshutdown.o(.ARM.Collect$$libshutdown$$00000000)
    __rt_lib_shutdown_cpp_1                  0x08000221   Thumb Code     0  libshutdown2.o(.ARM.Collect$$libshutdown$$00000004)
    __rt_lib_shutdown_fini_1                 0x08000221   Thumb Code     0  libshutdown2.o(.ARM.Collect$$libshutdown$$00000002)
    __rt_lib_shutdown_fp_trap_1              0x08000221   Thumb Code     0  libshutdown2.o(.ARM.Collect$$libshutdown$$00000009)
    __rt_lib_shutdown_heap_1                 0x08000221   Thumb Code     0  libshutdown2.o(.ARM.Collect$$libshutdown$$00000011)
    __rt_lib_shutdown_return                 0x08000221   Thumb Code     0  libshutdown2.o(.ARM.Collect$$libshutdown$$00000012)
    __rt_lib_shutdown_signal_1               0x08000221   Thumb Code     0  libshutdown2.o(.ARM.Collect$$libshutdown$$0000000C)
    __rt_lib_shutdown_stdio_1                0x08000221   Thumb Code     0  libshutdown2.o(.ARM.Collect$$libshutdown$$00000006)
    __rt_lib_shutdown_user_alloc_1           0x08000221   Thumb Code     0  libshutdown2.o(.ARM.Collect$$libshutdown$$0000000E)
    __rt_entry                               0x08000223   Thumb Code     0  __rtentry.o(.ARM.Collect$$rtentry$$00000000)
    __rt_entry_presh_1                       0x08000223   Thumb Code     0  __rtentry2.o(.ARM.Collect$$rtentry$$00000002)
    __rt_entry_sh                            0x08000223   Thumb Code     0  __rtentry4.o(.ARM.Collect$$rtentry$$00000004)
    __rt_entry_li                            0x08000229   Thumb Code     0  __rtentry2.o(.ARM.Collect$$rtentry$$0000000A)
    __rt_entry_postsh_1                      0x08000229   Thumb Code     0  __rtentry2.o(.ARM.Collect$$rtentry$$00000009)
    __rt_entry_main                          0x0800022d   Thumb Code     0  __rtentry2.o(.ARM.Collect$$rtentry$$0000000D)
    __rt_entry_postli_1                      0x0800022d   Thumb Code     0  __rtentry2.o(.ARM.Collect$$rtentry$$0000000C)
    __rt_exit                                0x08000235   Thumb Code     0  rtexit.o(.ARM.Collect$$rtexit$$00000000)
    __rt_exit_ls                             0x08000237   Thumb Code     0  rtexit2.o(.ARM.Collect$$rtexit$$00000003)
    __rt_exit_prels_1                        0x08000237   Thumb Code     0  rtexit2.o(.ARM.Collect$$rtexit$$00000002)
    __rt_exit_exit                           0x0800023b   Thumb Code     0  rtexit2.o(.ARM.Collect$$rtexit$$00000004)
    Reset_Handler                            0x08000241   Thumb Code     8  startup_stm32f407xx.o(.text)
    ADC_IRQHandler                           0x0800025b   Thumb Code     0  startup_stm32f407xx.o(.text)
    CAN2_RX0_IRQHandler                      0x0800025b   Thumb Code     0  startup_stm32f407xx.o(.text)
    CAN2_RX1_IRQHandler                      0x0800025b   Thumb Code     0  startup_stm32f407xx.o(.text)
    CAN2_SCE_IRQHandler                      0x0800025b   Thumb Code     0  startup_stm32f407xx.o(.text)
    CAN2_TX_IRQHandler                       0x0800025b   Thumb Code     0  startup_stm32f407xx.o(.text)
    DCMI_IRQHandler                          0x0800025b   Thumb Code     0  startup_stm32f407xx.o(.text)
    DMA1_Stream0_IRQHandler                  0x0800025b   Thumb Code     0  startup_stm32f407xx.o(.text)
    DMA1_Stream1_IRQHandler                  0x0800025b   Thumb Code     0  startup_stm32f407xx.o(.text)
    DMA1_Stream2_IRQHandler                  0x0800025b   Thumb Code     0  startup_stm32f407xx.o(.text)
    DMA1_Stream3_IRQHandler                  0x0800025b   Thumb Code     0  startup_stm32f407xx.o(.text)
    DMA1_Stream4_IRQHandler                  0x0800025b   Thumb Code     0  startup_stm32f407xx.o(.text)
    DMA1_Stream5_IRQHandler                  0x0800025b   Thumb Code     0  startup_stm32f407xx.o(.text)
    DMA1_Stream6_IRQHandler                  0x0800025b   Thumb Code     0  startup_stm32f407xx.o(.text)
    DMA1_Stream7_IRQHandler                  0x0800025b   Thumb Code     0  startup_stm32f407xx.o(.text)
    DMA2_Stream0_IRQHandler                  0x0800025b   Thumb Code     0  startup_stm32f407xx.o(.text)
    DMA2_Stream2_IRQHandler                  0x0800025b   Thumb Code     0  startup_stm32f407xx.o(.text)
    DMA2_Stream3_IRQHandler                  0x0800025b   Thumb Code     0  startup_stm32f407xx.o(.text)
    DMA2_Stream4_IRQHandler                  0x0800025b   Thumb Code     0  startup_stm32f407xx.o(.text)
    DMA2_Stream5_IRQHandler                  0x0800025b   Thumb Code     0  startup_stm32f407xx.o(.text)
    DMA2_Stream6_IRQHandler                  0x0800025b   Thumb Code     0  startup_stm32f407xx.o(.text)
    DMA2_Stream7_IRQHandler                  0x0800025b   Thumb Code     0  startup_stm32f407xx.o(.text)
    ETH_IRQHandler                           0x0800025b   Thumb Code     0  startup_stm32f407xx.o(.text)
    ETH_WKUP_IRQHandler                      0x0800025b   Thumb Code     0  startup_stm32f407xx.o(.text)
    EXTI0_IRQHandler                         0x0800025b   Thumb Code     0  startup_stm32f407xx.o(.text)
    EXTI15_10_IRQHandler                     0x0800025b   Thumb Code     0  startup_stm32f407xx.o(.text)
    EXTI1_IRQHandler                         0x0800025b   Thumb Code     0  startup_stm32f407xx.o(.text)
    EXTI2_IRQHandler                         0x0800025b   Thumb Code     0  startup_stm32f407xx.o(.text)
    EXTI3_IRQHandler                         0x0800025b   Thumb Code     0  startup_stm32f407xx.o(.text)
    EXTI4_IRQHandler                         0x0800025b   Thumb Code     0  startup_stm32f407xx.o(.text)
    EXTI9_5_IRQHandler                       0x0800025b   Thumb Code     0  startup_stm32f407xx.o(.text)
    FLASH_IRQHandler                         0x0800025b   Thumb Code     0  startup_stm32f407xx.o(.text)
    FMC_IRQHandler                           0x0800025b   Thumb Code     0  startup_stm32f407xx.o(.text)
    FPU_IRQHandler                           0x0800025b   Thumb Code     0  startup_stm32f407xx.o(.text)
    HASH_RNG_IRQHandler                      0x0800025b   Thumb Code     0  startup_stm32f407xx.o(.text)
    I2C1_ER_IRQHandler                       0x0800025b   Thumb Code     0  startup_stm32f407xx.o(.text)
    I2C1_EV_IRQHandler                       0x0800025b   Thumb Code     0  startup_stm32f407xx.o(.text)
    I2C2_ER_IRQHandler                       0x0800025b   Thumb Code     0  startup_stm32f407xx.o(.text)
    I2C2_EV_IRQHandler                       0x0800025b   Thumb Code     0  startup_stm32f407xx.o(.text)
    I2C3_ER_IRQHandler                       0x0800025b   Thumb Code     0  startup_stm32f407xx.o(.text)
    I2C3_EV_IRQHandler                       0x0800025b   Thumb Code     0  startup_stm32f407xx.o(.text)
    OTG_FS_IRQHandler                        0x0800025b   Thumb Code     0  startup_stm32f407xx.o(.text)
    OTG_FS_WKUP_IRQHandler                   0x0800025b   Thumb Code     0  startup_stm32f407xx.o(.text)
    OTG_HS_EP1_IN_IRQHandler                 0x0800025b   Thumb Code     0  startup_stm32f407xx.o(.text)
    OTG_HS_EP1_OUT_IRQHandler                0x0800025b   Thumb Code     0  startup_stm32f407xx.o(.text)
    OTG_HS_IRQHandler                        0x0800025b   Thumb Code     0  startup_stm32f407xx.o(.text)
    OTG_HS_WKUP_IRQHandler                   0x0800025b   Thumb Code     0  startup_stm32f407xx.o(.text)
    PVD_IRQHandler                           0x0800025b   Thumb Code     0  startup_stm32f407xx.o(.text)
    RCC_IRQHandler                           0x0800025b   Thumb Code     0  startup_stm32f407xx.o(.text)
    RTC_Alarm_IRQHandler                     0x0800025b   Thumb Code     0  startup_stm32f407xx.o(.text)
    RTC_WKUP_IRQHandler                      0x0800025b   Thumb Code     0  startup_stm32f407xx.o(.text)
    SDIO_IRQHandler                          0x0800025b   Thumb Code     0  startup_stm32f407xx.o(.text)
    SPI1_IRQHandler                          0x0800025b   Thumb Code     0  startup_stm32f407xx.o(.text)
    SPI2_IRQHandler                          0x0800025b   Thumb Code     0  startup_stm32f407xx.o(.text)
    SPI3_IRQHandler                          0x0800025b   Thumb Code     0  startup_stm32f407xx.o(.text)
    TAMP_STAMP_IRQHandler                    0x0800025b   Thumb Code     0  startup_stm32f407xx.o(.text)
    TIM1_BRK_TIM9_IRQHandler                 0x0800025b   Thumb Code     0  startup_stm32f407xx.o(.text)
    TIM1_CC_IRQHandler                       0x0800025b   Thumb Code     0  startup_stm32f407xx.o(.text)
    TIM1_TRG_COM_TIM11_IRQHandler            0x0800025b   Thumb Code     0  startup_stm32f407xx.o(.text)
    TIM1_UP_TIM10_IRQHandler                 0x0800025b   Thumb Code     0  startup_stm32f407xx.o(.text)
    TIM2_IRQHandler                          0x0800025b   Thumb Code     0  startup_stm32f407xx.o(.text)
    TIM3_IRQHandler                          0x0800025b   Thumb Code     0  startup_stm32f407xx.o(.text)
    TIM4_IRQHandler                          0x0800025b   Thumb Code     0  startup_stm32f407xx.o(.text)
    TIM5_IRQHandler                          0x0800025b   Thumb Code     0  startup_stm32f407xx.o(.text)
    TIM6_DAC_IRQHandler                      0x0800025b   Thumb Code     0  startup_stm32f407xx.o(.text)
    TIM7_IRQHandler                          0x0800025b   Thumb Code     0  startup_stm32f407xx.o(.text)
    TIM8_BRK_TIM12_IRQHandler                0x0800025b   Thumb Code     0  startup_stm32f407xx.o(.text)
    TIM8_CC_IRQHandler                       0x0800025b   Thumb Code     0  startup_stm32f407xx.o(.text)
    TIM8_TRG_COM_TIM14_IRQHandler            0x0800025b   Thumb Code     0  startup_stm32f407xx.o(.text)
    TIM8_UP_TIM13_IRQHandler                 0x0800025b   Thumb Code     0  startup_stm32f407xx.o(.text)
    UART4_IRQHandler                         0x0800025b   Thumb Code     0  startup_stm32f407xx.o(.text)
    UART5_IRQHandler                         0x0800025b   Thumb Code     0  startup_stm32f407xx.o(.text)
    USART1_IRQHandler                        0x0800025b   Thumb Code     0  startup_stm32f407xx.o(.text)
    USART2_IRQHandler                        0x0800025b   Thumb Code     0  startup_stm32f407xx.o(.text)
    USART3_IRQHandler                        0x0800025b   Thumb Code     0  startup_stm32f407xx.o(.text)
    WWDG_IRQHandler                          0x0800025b   Thumb Code     0  startup_stm32f407xx.o(.text)
    __user_initial_stackheap                 0x0800025d   Thumb Code     0  startup_stm32f407xx.o(.text)
    __aeabi_uldivmod                         0x08000281   Thumb Code     0  lludivv7m.o(.text)
    _ll_udiv                                 0x08000281   Thumb Code   238  lludivv7m.o(.text)
    __2sprintf                               0x08000371   Thumb Code    38  __2sprintf.o(.text)
    __printf                                 0x0800039d   Thumb Code   270  __printf_wp.o(.text)
    __aeabi_memclr4                          0x080004ab   Thumb Code     0  rt_memclr_w.o(.text)
    __aeabi_memclr8                          0x080004ab   Thumb Code     0  rt_memclr_w.o(.text)
    __rt_memclr_w                            0x080004ab   Thumb Code    78  rt_memclr_w.o(.text)
    _memset_w                                0x080004af   Thumb Code     0  rt_memclr_w.o(.text)
    __use_two_region_memory                  0x080004f9   Thumb Code     2  heapauxi.o(.text)
    __rt_heap_escrow$2region                 0x080004fb   Thumb Code     2  heapauxi.o(.text)
    __rt_heap_expand$2region                 0x080004fd   Thumb Code     2  heapauxi.o(.text)
    __lib_sel_fp_printf                      0x080004ff   Thumb Code     2  _printf_fp_dec.o(.text)
    _printf_fp_dec_real                      0x080006b1   Thumb Code   620  _printf_fp_dec.o(.text)
    _printf_char_common                      0x08000927   Thumb Code    32  _printf_char_common.o(.text)
    _sputc                                   0x0800094d   Thumb Code    10  _sputc.o(.text)
    __rt_locale                              0x08000959   Thumb Code     8  rt_locale_intlibspace.o(.text)
    _ll_udiv10                               0x08000961   Thumb Code   138  lludiv10.o(.text)
    _printf_fp_infnan                        0x080009ed   Thumb Code   112  _printf_fp_infnan.o(.text)
    _btod_etento                             0x08000a6d   Thumb Code   224  bigflt0.o(.text)
    __user_libspace                          0x08000b51   Thumb Code     8  libspace.o(.text)
    __user_perproc_libspace                  0x08000b51   Thumb Code     0  libspace.o(.text)
    __user_perthread_libspace                0x08000b51   Thumb Code     0  libspace.o(.text)
    __user_setup_stackheap                   0x08000b59   Thumb Code    74  sys_stackheap_outer.o(.text)
    exit                                     0x08000ba3   Thumb Code    18  exit.o(.text)
    strcmp                                   0x08000bb5   Thumb Code   128  strcmpv7m.o(.text)
    _sys_exit                                0x08000c35   Thumb Code     8  sys_exit.o(.text)
    __I$use$semihosting                      0x08000c41   Thumb Code     0  use_no_semi.o(.text)
    __use_no_semihosting_swi                 0x08000c41   Thumb Code     2  use_no_semi.o(.text)
    __semihosting_library_function           0x08000c43   Thumb Code     0  indicate_semi.o(.text)
    _btod_d2e                                0x08000c43   Thumb Code    62  btod.o(CL$$btod_d2e)
    _d2e_denorm_low                          0x08000c81   Thumb Code    70  btod.o(CL$$btod_d2e_denorm_low)
    _d2e_norm_op1                            0x08000cc7   Thumb Code    96  btod.o(CL$$btod_d2e_norm_op1)
    __btod_div_common                        0x08000d27   Thumb Code   696  btod.o(CL$$btod_div_common)
    _e2e                                     0x0800105f   Thumb Code   220  btod.o(CL$$btod_e2e)
    _btod_ediv                               0x0800113b   Thumb Code    42  btod.o(CL$$btod_ediv)
    _btod_emul                               0x08001165   Thumb Code    42  btod.o(CL$$btod_emul)
    __btod_mult_common                       0x0800118f   Thumb Code   580  btod.o(CL$$btod_mult_common)
    BMI088_GetAx                             0x080013d5   Thumb Code     8  bmi088.o(i.BMI088_GetAx)
    BMI088_GetAy                             0x080013e1   Thumb Code     8  bmi088.o(i.BMI088_GetAy)
    BMI088_GetAz                             0x080013ed   Thumb Code     8  bmi088.o(i.BMI088_GetAz)
    BMI088_GetGx                             0x080013f9   Thumb Code     8  bmi088.o(i.BMI088_GetGx)
    BMI088_GetGy                             0x08001405   Thumb Code     8  bmi088.o(i.BMI088_GetGy)
    BMI088_GetGz                             0x08001411   Thumb Code     8  bmi088.o(i.BMI088_GetGz)
    BMI088_Proc                              0x0800141d   Thumb Code    26  bmi088.o(i.BMI088_Proc)
    BMI088_Update                            0x0800143d   Thumb Code   328  bmi088.o(i.BMI088_Update)
    BusFault_Handler                         0x080015a5   Thumb Code     2  stm32f4xx_it.o(i.BusFault_Handler)
    CAN1_RX0_IRQHandler                      0x080015a9   Thumb Code     6  stm32f4xx_it.o(i.CAN1_RX0_IRQHandler)
    CAN1_RX1_IRQHandler                      0x080015b5   Thumb Code     6  stm32f4xx_it.o(i.CAN1_RX1_IRQHandler)
    CAN1_SCE_IRQHandler                      0x080015c1   Thumb Code     6  stm32f4xx_it.o(i.CAN1_SCE_IRQHandler)
    CAN1_TX_IRQHandler                       0x080015cd   Thumb Code     6  stm32f4xx_it.o(i.CAN1_TX_IRQHandler)
    DMA2_Stream1_IRQHandler                  0x080015d9   Thumb Code     6  stm32f4xx_it.o(i.DMA2_Stream1_IRQHandler)
    DebugMon_Handler                         0x08001689   Thumb Code     2  stm32f4xx_it.o(i.DebugMon_Handler)
    Error_Handler                            0x0800168b   Thumb Code     4  main.o(i.Error_Handler)
    HAL_CAN_ErrorCallback                    0x0800168f   Thumb Code     2  stm32f4xx_hal_can.o(i.HAL_CAN_ErrorCallback)
    HAL_CAN_IRQHandler                       0x08001691   Thumb Code   508  stm32f4xx_hal_can.o(i.HAL_CAN_IRQHandler)
    HAL_CAN_Init                             0x0800188d   Thumb Code   282  stm32f4xx_hal_can.o(i.HAL_CAN_Init)
    HAL_CAN_MspInit                          0x080019a9   Thumb Code   154  can.o(i.HAL_CAN_MspInit)
    HAL_CAN_RxFifo0FullCallback              0x08001a51   Thumb Code     2  stm32f4xx_hal_can.o(i.HAL_CAN_RxFifo0FullCallback)
    HAL_CAN_RxFifo0MsgPendingCallback        0x08001a53   Thumb Code     2  stm32f4xx_hal_can.o(i.HAL_CAN_RxFifo0MsgPendingCallback)
    HAL_CAN_RxFifo1FullCallback              0x08001a55   Thumb Code     2  stm32f4xx_hal_can.o(i.HAL_CAN_RxFifo1FullCallback)
    HAL_CAN_RxFifo1MsgPendingCallback        0x08001a57   Thumb Code     2  stm32f4xx_hal_can.o(i.HAL_CAN_RxFifo1MsgPendingCallback)
    HAL_CAN_SleepCallback                    0x08001a59   Thumb Code     2  stm32f4xx_hal_can.o(i.HAL_CAN_SleepCallback)
    HAL_CAN_TxMailbox0AbortCallback          0x08001a5b   Thumb Code     2  stm32f4xx_hal_can.o(i.HAL_CAN_TxMailbox0AbortCallback)
    HAL_CAN_TxMailbox0CompleteCallback       0x08001a5d   Thumb Code     2  stm32f4xx_hal_can.o(i.HAL_CAN_TxMailbox0CompleteCallback)
    HAL_CAN_TxMailbox1AbortCallback          0x08001a5f   Thumb Code     2  stm32f4xx_hal_can.o(i.HAL_CAN_TxMailbox1AbortCallback)
    HAL_CAN_TxMailbox1CompleteCallback       0x08001a61   Thumb Code     2  stm32f4xx_hal_can.o(i.HAL_CAN_TxMailbox1CompleteCallback)
    HAL_CAN_TxMailbox2AbortCallback          0x08001a63   Thumb Code     2  stm32f4xx_hal_can.o(i.HAL_CAN_TxMailbox2AbortCallback)
    HAL_CAN_TxMailbox2CompleteCallback       0x08001a65   Thumb Code     2  stm32f4xx_hal_can.o(i.HAL_CAN_TxMailbox2CompleteCallback)
    HAL_CAN_WakeUpFromRxMsgCallback          0x08001a67   Thumb Code     2  stm32f4xx_hal_can.o(i.HAL_CAN_WakeUpFromRxMsgCallback)
    HAL_DMA_Abort                            0x08001a69   Thumb Code   146  stm32f4xx_hal_dma.o(i.HAL_DMA_Abort)
    HAL_DMA_Abort_IT                         0x08001afb   Thumb Code    36  stm32f4xx_hal_dma.o(i.HAL_DMA_Abort_IT)
    HAL_DMA_IRQHandler                       0x08001b21   Thumb Code   412  stm32f4xx_hal_dma.o(i.HAL_DMA_IRQHandler)
    HAL_DMA_Init                             0x08001cc1   Thumb Code   206  stm32f4xx_hal_dma.o(i.HAL_DMA_Init)
    HAL_DMA_Start_IT                         0x08001d95   Thumb Code   110  stm32f4xx_hal_dma.o(i.HAL_DMA_Start_IT)
    HAL_GPIO_Init                            0x08001e05   Thumb Code   450  stm32f4xx_hal_gpio.o(i.HAL_GPIO_Init)
    HAL_GPIO_WritePin                        0x08001ff5   Thumb Code    10  stm32f4xx_hal_gpio.o(i.HAL_GPIO_WritePin)
    HAL_GetTick                              0x08002001   Thumb Code     6  stm32f4xx_hal.o(i.HAL_GetTick)
    HAL_IncTick                              0x0800200d   Thumb Code    12  stm32f4xx_hal.o(i.HAL_IncTick)
    HAL_Init                                 0x0800201d   Thumb Code    48  stm32f4xx_hal.o(i.HAL_Init)
    HAL_InitTick                             0x08002051   Thumb Code    54  stm32f4xx_hal.o(i.HAL_InitTick)
    HAL_MspInit                              0x08002091   Thumb Code    42  stm32f4xx_hal_msp.o(i.HAL_MspInit)
    HAL_NVIC_EnableIRQ                       0x080020c1   Thumb Code    26  stm32f4xx_hal_cortex.o(i.HAL_NVIC_EnableIRQ)
    HAL_NVIC_SetPriority                     0x080020dd   Thumb Code    60  stm32f4xx_hal_cortex.o(i.HAL_NVIC_SetPriority)
    HAL_NVIC_SetPriorityGrouping             0x0800211d   Thumb Code    26  stm32f4xx_hal_cortex.o(i.HAL_NVIC_SetPriorityGrouping)
    HAL_RCC_ClockConfig                      0x08002141   Thumb Code   288  stm32f4xx_hal_rcc.o(i.HAL_RCC_ClockConfig)
    HAL_RCC_GetPCLK1Freq                     0x08002275   Thumb Code    20  stm32f4xx_hal_rcc.o(i.HAL_RCC_GetPCLK1Freq)
    HAL_RCC_GetPCLK2Freq                     0x08002295   Thumb Code    20  stm32f4xx_hal_rcc.o(i.HAL_RCC_GetPCLK2Freq)
    HAL_RCC_GetSysClockFreq                  0x080022b5   Thumb Code    88  stm32f4xx_hal_rcc.o(i.HAL_RCC_GetSysClockFreq)
    HAL_RCC_OscConfig                        0x08002319   Thumb Code   856  stm32f4xx_hal_rcc.o(i.HAL_RCC_OscConfig)
    HAL_SPI_Init                             0x08002685   Thumb Code   188  stm32f4xx_hal_spi.o(i.HAL_SPI_Init)
    HAL_SPI_MspInit                          0x08002741   Thumb Code   128  spi.o(i.HAL_SPI_MspInit)
    HAL_SPI_TransmitReceive                  0x080027d1   Thumb Code   496  stm32f4xx_hal_spi.o(i.HAL_SPI_TransmitReceive)
    HAL_SYSTICK_Config                       0x080029c1   Thumb Code    40  stm32f4xx_hal_cortex.o(i.HAL_SYSTICK_Config)
    HAL_UARTEx_ReceiveToIdle_DMA             0x080029e9   Thumb Code    74  stm32f4xx_hal_uart.o(i.HAL_UARTEx_ReceiveToIdle_DMA)
    HAL_UARTEx_RxEventCallback               0x08002a35   Thumb Code    26  receive.o(i.HAL_UARTEx_RxEventCallback)
    HAL_UART_ErrorCallback                   0x08002a59   Thumb Code     2  stm32f4xx_hal_uart.o(i.HAL_UART_ErrorCallback)
    HAL_UART_IRQHandler                      0x08002a5d   Thumb Code   636  stm32f4xx_hal_uart.o(i.HAL_UART_IRQHandler)
    HAL_UART_Init                            0x08002cdd   Thumb Code   100  stm32f4xx_hal_uart.o(i.HAL_UART_Init)
    HAL_UART_MspInit                         0x08002d41   Thumb Code   242  usart.o(i.HAL_UART_MspInit)
    HAL_UART_RxCpltCallback                  0x08002e55   Thumb Code     2  stm32f4xx_hal_uart.o(i.HAL_UART_RxCpltCallback)
    HAL_UART_RxHalfCpltCallback              0x08002e57   Thumb Code     2  stm32f4xx_hal_uart.o(i.HAL_UART_RxHalfCpltCallback)
    HAL_UART_Transmit                        0x08002e59   Thumb Code   160  stm32f4xx_hal_uart.o(i.HAL_UART_Transmit)
    HAL_UART_TxCpltCallback                  0x08002ef9   Thumb Code     2  stm32f4xx_hal_uart.o(i.HAL_UART_TxCpltCallback)
    HardFault_Handler                        0x08002efb   Thumb Code     2  stm32f4xx_it.o(i.HardFault_Handler)
    MX_CAN1_Init                             0x08002efd   Thumb Code    60  can.o(i.MX_CAN1_Init)
    MX_DMA_Init                              0x08002f41   Thumb Code    40  dma.o(i.MX_DMA_Init)
    MX_GPIO_Init                             0x08002f6d   Thumb Code   234  gpio.o(i.MX_GPIO_Init)
    MX_SPI1_Init                             0x08003069   Thumb Code    64  spi.o(i.MX_SPI1_Init)
    MX_USART1_UART_Init                      0x080030b1   Thumb Code    48  usart.o(i.MX_USART1_UART_Init)
    MX_USART6_UART_Init                      0x080030e9   Thumb Code    48  usart.o(i.MX_USART6_UART_Init)
    MemManage_Handler                        0x08003121   Thumb Code     2  stm32f4xx_it.o(i.MemManage_Handler)
    NMI_Handler                              0x08003123   Thumb Code     2  stm32f4xx_it.o(i.NMI_Handler)
    PendSV_Handler                           0x08003125   Thumb Code     2  stm32f4xx_it.o(i.PendSV_Handler)
    SVC_Handler                              0x08003251   Thumb Code     2  stm32f4xx_it.o(i.SVC_Handler)
    SysTick_Handler                          0x08003253   Thumb Code     4  stm32f4xx_it.o(i.SysTick_Handler)
    SystemClock_Config                       0x08003259   Thumb Code   140  main.o(i.SystemClock_Config)
    SystemInit                               0x080032ed   Thumb Code    12  system_stm32f4xx.o(i.SystemInit)
    UART_Start_Receive_DMA                   0x08003631   Thumb Code   146  stm32f4xx_hal_uart.o(i.UART_Start_Receive_DMA)
    USART1_Proc                              0x08003745   Thumb Code   168  bmi_dection.o(i.USART1_Proc)
    USART6_IRQHandler                        0x0800382d   Thumb Code     6  stm32f4xx_it.o(i.USART6_IRQHandler)
    UsageFault_Handler                       0x08003839   Thumb Code     2  stm32f4xx_it.o(i.UsageFault_Handler)
    __ARM_fpclassify                         0x0800383b   Thumb Code    48  fpclassify.o(i.__ARM_fpclassify)
    _is_digit                                0x0800388b   Thumb Code    14  __printf_wp.o(i._is_digit)
    main                                     0x080038cb   Thumb Code    42  main.o(i.main)
    qatan                                    0x08003a51   Thumb Code    66  qmath.o(i.qatan)
    qatan2                                   0x08003a9d   Thumb Code   110  qmath.o(i.qatan2)
    _get_lc_numeric                          0x08003ba9   Thumb Code    44  lc_numeric_c.o(locale$$code)
    __fpl_dretinf                            0x08003bd5   Thumb Code    12  dretinf.o(x$fpl$dretinf)
    __aeabi_f2d                              0x08003be1   Thumb Code     0  f2d.o(x$fpl$f2d)
    _f2d                                     0x08003be1   Thumb Code    86  f2d.o(x$fpl$f2d)
    __fpl_fnaninf                            0x08003c37   Thumb Code   140  fnaninf.o(x$fpl$fnaninf)
    _fp_init                                 0x08003cc3   Thumb Code    10  fpinit.o(x$fpl$fpinit)
    __fplib_config_fpu_vfp                   0x08003ccb   Thumb Code     0  fpinit.o(x$fpl$fpinit)
    __fplib_config_pureend_doubles           0x08003ccb   Thumb Code     0  fpinit.o(x$fpl$fpinit)
    _printf_fp_dec                           0x08003ccd   Thumb Code     4  printf1.o(x$fpl$printf1)
    __I$use$fp                               0x08003cd0   Number         0  usenofp.o(x$fpl$usenofp)
    AHBPrescTable                            0x08003cd8   Data          16  system_stm32f4xx.o(.constdata)
    APBPrescTable                            0x08003ce8   Data           8  system_stm32f4xx.o(.constdata)
    Region$$Table$$Base                      0x08005d84   Number         0  anon$$obj.o(Region$$Table)
    Region$$Table$$Limit                     0x08005da4   Number         0  anon$$obj.o(Region$$Table)
    uwTickFreq                               0x20000000   Data           1  stm32f4xx_hal.o(.data)
    uwTickPrio                               0x20000004   Data           4  stm32f4xx_hal.o(.data)
    uwTick                                   0x20000008   Data           4  stm32f4xx_hal.o(.data)
    SystemCoreClock                          0x2000000c   Data           4  system_stm32f4xx.o(.data)
    hcan1                                    0x20000038   Data          40  can.o(.bss)
    hspi1                                    0x20000060   Data          88  spi.o(.bss)
    huart1                                   0x200000b8   Data          72  usart.o(.bss)
    huart6                                   0x20000100   Data          72  usart.o(.bss)
    hdma_usart6_rx                           0x20000148   Data          96  usart.o(.bss)
    __libspace_start                         0x200001fc   Data          96  libspace.o(.bss)
    __temporary_stack_top$libspace           0x2000025c   Data           0  libspace.o(.bss)



==============================================================================

Memory Map of the image

  Image Entry point : 0x08000189

  Load Region LR_IROM1 (Base: 0x08000000, Size: 0x00005df8, Max: 0x00100000, ABSOLUTE)

    Execution Region ER_IROM1 (Exec base: 0x08000000, Load base: 0x08000000, Size: 0x00005dc0, Max: 0x00100000, ABSOLUTE)

    Exec Addr    Load Addr    Size         Type   Attr      Idx    E Section Name        Object

    0x08000000   0x08000000   0x00000188   Data   RO            3    RESET               startup_stm32f407xx.o
    0x08000188   0x08000188   0x00000008   Code   RO         3231  * !!!main             c_w.l(__main.o)
    0x08000190   0x08000190   0x00000034   Code   RO         3467    !!!scatter          c_w.l(__scatter.o)
    0x080001c4   0x080001c4   0x0000001a   Code   RO         3469    !!handler_copy      c_w.l(__scatter_copy.o)
    0x080001de   0x080001de   0x00000002   PAD
    0x080001e0   0x080001e0   0x0000001c   Code   RO         3471    !!handler_zi        c_w.l(__scatter_zi.o)
    0x080001fc   0x080001fc   0x00000000   Code   RO         3226    .ARM.Collect$$_printf_percent$$00000000  c_w.l(_printf_percent.o)
    0x080001fc   0x080001fc   0x00000006   Code   RO         3225    .ARM.Collect$$_printf_percent$$00000003  c_w.l(_printf_f.o)
    0x08000202   0x08000202   0x00000004   Code   RO         3254    .ARM.Collect$$_printf_percent$$00000017  c_w.l(_printf_percent_end.o)
    0x08000206   0x08000206   0x00000002   Code   RO         3338    .ARM.Collect$$libinit$$00000000  c_w.l(libinit.o)
    0x08000208   0x08000208   0x00000004   Code   RO         3339    .ARM.Collect$$libinit$$00000001  c_w.l(libinit2.o)
    0x0800020c   0x0800020c   0x00000000   Code   RO         3342    .ARM.Collect$$libinit$$00000004  c_w.l(libinit2.o)
    0x0800020c   0x0800020c   0x00000000   Code   RO         3345    .ARM.Collect$$libinit$$0000000A  c_w.l(libinit2.o)
    0x0800020c   0x0800020c   0x00000000   Code   RO         3347    .ARM.Collect$$libinit$$0000000C  c_w.l(libinit2.o)
    0x0800020c   0x0800020c   0x00000000   Code   RO         3349    .ARM.Collect$$libinit$$0000000E  c_w.l(libinit2.o)
    0x0800020c   0x0800020c   0x00000006   Code   RO         3350    .ARM.Collect$$libinit$$0000000F  c_w.l(libinit2.o)
    0x08000212   0x08000212   0x00000000   Code   RO         3352    .ARM.Collect$$libinit$$00000011  c_w.l(libinit2.o)
    0x08000212   0x08000212   0x00000000   Code   RO         3354    .ARM.Collect$$libinit$$00000013  c_w.l(libinit2.o)
    0x08000212   0x08000212   0x00000000   Code   RO         3356    .ARM.Collect$$libinit$$00000015  c_w.l(libinit2.o)
    0x08000212   0x08000212   0x0000000a   Code   RO         3357    .ARM.Collect$$libinit$$00000016  c_w.l(libinit2.o)
    0x0800021c   0x0800021c   0x00000000   Code   RO         3358    .ARM.Collect$$libinit$$00000017  c_w.l(libinit2.o)
    0x0800021c   0x0800021c   0x00000000   Code   RO         3360    .ARM.Collect$$libinit$$00000019  c_w.l(libinit2.o)
    0x0800021c   0x0800021c   0x00000000   Code   RO         3362    .ARM.Collect$$libinit$$0000001B  c_w.l(libinit2.o)
    0x0800021c   0x0800021c   0x00000000   Code   RO         3364    .ARM.Collect$$libinit$$0000001D  c_w.l(libinit2.o)
    0x0800021c   0x0800021c   0x00000000   Code   RO         3366    .ARM.Collect$$libinit$$0000001F  c_w.l(libinit2.o)
    0x0800021c   0x0800021c   0x00000000   Code   RO         3368    .ARM.Collect$$libinit$$00000021  c_w.l(libinit2.o)
    0x0800021c   0x0800021c   0x00000000   Code   RO         3370    .ARM.Collect$$libinit$$00000023  c_w.l(libinit2.o)
    0x0800021c   0x0800021c   0x00000000   Code   RO         3372    .ARM.Collect$$libinit$$00000025  c_w.l(libinit2.o)
    0x0800021c   0x0800021c   0x00000000   Code   RO         3376    .ARM.Collect$$libinit$$0000002C  c_w.l(libinit2.o)
    0x0800021c   0x0800021c   0x00000000   Code   RO         3378    .ARM.Collect$$libinit$$0000002E  c_w.l(libinit2.o)
    0x0800021c   0x0800021c   0x00000000   Code   RO         3380    .ARM.Collect$$libinit$$00000030  c_w.l(libinit2.o)
    0x0800021c   0x0800021c   0x00000000   Code   RO         3382    .ARM.Collect$$libinit$$00000032  c_w.l(libinit2.o)
    0x0800021c   0x0800021c   0x00000002   Code   RO         3383    .ARM.Collect$$libinit$$00000033  c_w.l(libinit2.o)
    0x0800021e   0x0800021e   0x00000002   Code   RO         3430    .ARM.Collect$$libshutdown$$00000000  c_w.l(libshutdown.o)
    0x08000220   0x08000220   0x00000000   Code   RO         3448    .ARM.Collect$$libshutdown$$00000002  c_w.l(libshutdown2.o)
    0x08000220   0x08000220   0x00000000   Code   RO         3450    .ARM.Collect$$libshutdown$$00000004  c_w.l(libshutdown2.o)
    0x08000220   0x08000220   0x00000000   Code   RO         3452    .ARM.Collect$$libshutdown$$00000006  c_w.l(libshutdown2.o)
    0x08000220   0x08000220   0x00000000   Code   RO         3455    .ARM.Collect$$libshutdown$$00000009  c_w.l(libshutdown2.o)
    0x08000220   0x08000220   0x00000000   Code   RO         3458    .ARM.Collect$$libshutdown$$0000000C  c_w.l(libshutdown2.o)
    0x08000220   0x08000220   0x00000000   Code   RO         3460    .ARM.Collect$$libshutdown$$0000000E  c_w.l(libshutdown2.o)
    0x08000220   0x08000220   0x00000000   Code   RO         3463    .ARM.Collect$$libshutdown$$00000011  c_w.l(libshutdown2.o)
    0x08000220   0x08000220   0x00000002   Code   RO         3464    .ARM.Collect$$libshutdown$$00000012  c_w.l(libshutdown2.o)
    0x08000222   0x08000222   0x00000000   Code   RO         3243    .ARM.Collect$$rtentry$$00000000  c_w.l(__rtentry.o)
    0x08000222   0x08000222   0x00000000   Code   RO         3261    .ARM.Collect$$rtentry$$00000002  c_w.l(__rtentry2.o)
    0x08000222   0x08000222   0x00000006   Code   RO         3273    .ARM.Collect$$rtentry$$00000004  c_w.l(__rtentry4.o)
    0x08000228   0x08000228   0x00000000   Code   RO         3263    .ARM.Collect$$rtentry$$00000009  c_w.l(__rtentry2.o)
    0x08000228   0x08000228   0x00000004   Code   RO         3264    .ARM.Collect$$rtentry$$0000000A  c_w.l(__rtentry2.o)
    0x0800022c   0x0800022c   0x00000000   Code   RO         3266    .ARM.Collect$$rtentry$$0000000C  c_w.l(__rtentry2.o)
    0x0800022c   0x0800022c   0x00000008   Code   RO         3267    .ARM.Collect$$rtentry$$0000000D  c_w.l(__rtentry2.o)
    0x08000234   0x08000234   0x00000002   Code   RO         3384    .ARM.Collect$$rtexit$$00000000  c_w.l(rtexit.o)
    0x08000236   0x08000236   0x00000000   Code   RO         3399    .ARM.Collect$$rtexit$$00000002  c_w.l(rtexit2.o)
    0x08000236   0x08000236   0x00000004   Code   RO         3400    .ARM.Collect$$rtexit$$00000003  c_w.l(rtexit2.o)
    0x0800023a   0x0800023a   0x00000006   Code   RO         3401    .ARM.Collect$$rtexit$$00000004  c_w.l(rtexit2.o)
    0x08000240   0x08000240   0x00000040   Code   RO            4    .text               startup_stm32f407xx.o
    0x08000280   0x08000280   0x000000ee   Code   RO         3197    .text               c_w.l(lludivv7m.o)
    0x0800036e   0x0800036e   0x00000002   PAD
    0x08000370   0x08000370   0x0000002c   Code   RO         3199    .text               c_w.l(__2sprintf.o)
    0x0800039c   0x0800039c   0x0000010e   Code   RO         3213    .text               c_w.l(__printf_wp.o)
    0x080004aa   0x080004aa   0x0000004e   Code   RO         3227    .text               c_w.l(rt_memclr_w.o)
    0x080004f8   0x080004f8   0x00000006   Code   RO         3229    .text               c_w.l(heapauxi.o)
    0x080004fe   0x080004fe   0x0000041e   Code   RO         3248    .text               c_w.l(_printf_fp_dec.o)
    0x0800091c   0x0800091c   0x00000030   Code   RO         3250    .text               c_w.l(_printf_char_common.o)
    0x0800094c   0x0800094c   0x0000000a   Code   RO         3252    .text               c_w.l(_sputc.o)
    0x08000956   0x08000956   0x00000002   PAD
    0x08000958   0x08000958   0x00000008   Code   RO         3280    .text               c_w.l(rt_locale_intlibspace.o)
    0x08000960   0x08000960   0x0000008a   Code   RO         3282    .text               c_w.l(lludiv10.o)
    0x080009ea   0x080009ea   0x00000002   PAD
    0x080009ec   0x080009ec   0x00000080   Code   RO         3284    .text               c_w.l(_printf_fp_infnan.o)
    0x08000a6c   0x08000a6c   0x000000e4   Code   RO         3288    .text               c_w.l(bigflt0.o)
    0x08000b50   0x08000b50   0x00000008   Code   RO         3320    .text               c_w.l(libspace.o)
    0x08000b58   0x08000b58   0x0000004a   Code   RO         3323    .text               c_w.l(sys_stackheap_outer.o)
    0x08000ba2   0x08000ba2   0x00000012   Code   RO         3325    .text               c_w.l(exit.o)
    0x08000bb4   0x08000bb4   0x00000080   Code   RO         3331    .text               c_w.l(strcmpv7m.o)
    0x08000c34   0x08000c34   0x0000000c   Code   RO         3396    .text               c_w.l(sys_exit.o)
    0x08000c40   0x08000c40   0x00000002   Code   RO         3417    .text               c_w.l(use_no_semi.o)
    0x08000c42   0x08000c42   0x00000000   Code   RO         3419    .text               c_w.l(indicate_semi.o)
    0x08000c42   0x08000c42   0x0000003e   Code   RO         3291    CL$$btod_d2e        c_w.l(btod.o)
    0x08000c80   0x08000c80   0x00000046   Code   RO         3293    CL$$btod_d2e_denorm_low  c_w.l(btod.o)
    0x08000cc6   0x08000cc6   0x00000060   Code   RO         3292    CL$$btod_d2e_norm_op1  c_w.l(btod.o)
    0x08000d26   0x08000d26   0x00000338   Code   RO         3301    CL$$btod_div_common  c_w.l(btod.o)
    0x0800105e   0x0800105e   0x000000dc   Code   RO         3298    CL$$btod_e2e        c_w.l(btod.o)
    0x0800113a   0x0800113a   0x0000002a   Code   RO         3295    CL$$btod_ediv       c_w.l(btod.o)
    0x08001164   0x08001164   0x0000002a   Code   RO         3294    CL$$btod_emul       c_w.l(btod.o)
    0x0800118e   0x0800118e   0x00000244   Code   RO         3300    CL$$btod_mult_common  c_w.l(btod.o)
    0x080013d2   0x080013d2   0x00000002   PAD
    0x080013d4   0x080013d4   0x0000000c   Code   RO         2847    i.BMI088_GetAx      bmi088.o
    0x080013e0   0x080013e0   0x0000000c   Code   RO         2848    i.BMI088_GetAy      bmi088.o
    0x080013ec   0x080013ec   0x0000000c   Code   RO         2849    i.BMI088_GetAz      bmi088.o
    0x080013f8   0x080013f8   0x0000000c   Code   RO         2851    i.BMI088_GetGx      bmi088.o
    0x08001404   0x08001404   0x0000000c   Code   RO         2852    i.BMI088_GetGy      bmi088.o
    0x08001410   0x08001410   0x0000000c   Code   RO         2853    i.BMI088_GetGz      bmi088.o
    0x0800141c   0x0800141c   0x00000020   Code   RO         2856    i.BMI088_Proc       bmi088.o
    0x0800143c   0x0800143c   0x00000168   Code   RO         2857    i.BMI088_Update     bmi088.o
    0x080015a4   0x080015a4   0x00000002   Code   RO          356    i.BusFault_Handler  stm32f4xx_it.o
    0x080015a6   0x080015a6   0x00000002   PAD
    0x080015a8   0x080015a8   0x0000000c   Code   RO          357    i.CAN1_RX0_IRQHandler  stm32f4xx_it.o
    0x080015b4   0x080015b4   0x0000000c   Code   RO          358    i.CAN1_RX1_IRQHandler  stm32f4xx_it.o
    0x080015c0   0x080015c0   0x0000000c   Code   RO          359    i.CAN1_SCE_IRQHandler  stm32f4xx_it.o
    0x080015cc   0x080015cc   0x0000000c   Code   RO          360    i.CAN1_TX_IRQHandler  stm32f4xx_it.o
    0x080015d8   0x080015d8   0x0000000c   Code   RO          361    i.DMA2_Stream1_IRQHandler  stm32f4xx_it.o
    0x080015e4   0x080015e4   0x00000028   Code   RO         1185    i.DMA_CalcBaseAndBitshift  stm32f4xx_hal_dma.o
    0x0800160c   0x0800160c   0x00000054   Code   RO         1186    i.DMA_CheckFifoParam  stm32f4xx_hal_dma.o
    0x08001660   0x08001660   0x00000028   Code   RO         1187    i.DMA_SetConfig     stm32f4xx_hal_dma.o
    0x08001688   0x08001688   0x00000002   Code   RO          362    i.DebugMon_Handler  stm32f4xx_it.o
    0x0800168a   0x0800168a   0x00000004   Code   RO           13    i.Error_Handler     main.o
    0x0800168e   0x0800168e   0x00000002   Code   RO          498    i.HAL_CAN_ErrorCallback  stm32f4xx_hal_can.o
    0x08001690   0x08001690   0x000001fc   Code   RO          505    i.HAL_CAN_IRQHandler  stm32f4xx_hal_can.o
    0x0800188c   0x0800188c   0x0000011a   Code   RO          506    i.HAL_CAN_Init      stm32f4xx_hal_can.o
    0x080019a6   0x080019a6   0x00000002   PAD
    0x080019a8   0x080019a8   0x000000a8   Code   RO          201    i.HAL_CAN_MspInit   can.o
    0x08001a50   0x08001a50   0x00000002   Code   RO          513    i.HAL_CAN_RxFifo0FullCallback  stm32f4xx_hal_can.o
    0x08001a52   0x08001a52   0x00000002   Code   RO          514    i.HAL_CAN_RxFifo0MsgPendingCallback  stm32f4xx_hal_can.o
    0x08001a54   0x08001a54   0x00000002   Code   RO          515    i.HAL_CAN_RxFifo1FullCallback  stm32f4xx_hal_can.o
    0x08001a56   0x08001a56   0x00000002   Code   RO          516    i.HAL_CAN_RxFifo1MsgPendingCallback  stm32f4xx_hal_can.o
    0x08001a58   0x08001a58   0x00000002   Code   RO          517    i.HAL_CAN_SleepCallback  stm32f4xx_hal_can.o
    0x08001a5a   0x08001a5a   0x00000002   Code   RO          520    i.HAL_CAN_TxMailbox0AbortCallback  stm32f4xx_hal_can.o
    0x08001a5c   0x08001a5c   0x00000002   Code   RO          521    i.HAL_CAN_TxMailbox0CompleteCallback  stm32f4xx_hal_can.o
    0x08001a5e   0x08001a5e   0x00000002   Code   RO          522    i.HAL_CAN_TxMailbox1AbortCallback  stm32f4xx_hal_can.o
    0x08001a60   0x08001a60   0x00000002   Code   RO          523    i.HAL_CAN_TxMailbox1CompleteCallback  stm32f4xx_hal_can.o
    0x08001a62   0x08001a62   0x00000002   Code   RO          524    i.HAL_CAN_TxMailbox2AbortCallback  stm32f4xx_hal_can.o
    0x08001a64   0x08001a64   0x00000002   Code   RO          525    i.HAL_CAN_TxMailbox2CompleteCallback  stm32f4xx_hal_can.o
    0x08001a66   0x08001a66   0x00000002   Code   RO          527    i.HAL_CAN_WakeUpFromRxMsgCallback  stm32f4xx_hal_can.o
    0x08001a68   0x08001a68   0x00000092   Code   RO         1188    i.HAL_DMA_Abort     stm32f4xx_hal_dma.o
    0x08001afa   0x08001afa   0x00000024   Code   RO         1189    i.HAL_DMA_Abort_IT  stm32f4xx_hal_dma.o
    0x08001b1e   0x08001b1e   0x00000002   PAD
    0x08001b20   0x08001b20   0x000001a0   Code   RO         1193    i.HAL_DMA_IRQHandler  stm32f4xx_hal_dma.o
    0x08001cc0   0x08001cc0   0x000000d4   Code   RO         1194    i.HAL_DMA_Init      stm32f4xx_hal_dma.o
    0x08001d94   0x08001d94   0x0000006e   Code   RO         1198    i.HAL_DMA_Start_IT  stm32f4xx_hal_dma.o
    0x08001e02   0x08001e02   0x00000002   PAD
    0x08001e04   0x08001e04   0x000001f0   Code   RO         1081    i.HAL_GPIO_Init     stm32f4xx_hal_gpio.o
    0x08001ff4   0x08001ff4   0x0000000a   Code   RO         1085    i.HAL_GPIO_WritePin  stm32f4xx_hal_gpio.o
    0x08001ffe   0x08001ffe   0x00000002   PAD
    0x08002000   0x08002000   0x0000000c   Code   RO         1631    i.HAL_GetTick       stm32f4xx_hal.o
    0x0800200c   0x0800200c   0x00000010   Code   RO         1637    i.HAL_IncTick       stm32f4xx_hal.o
    0x0800201c   0x0800201c   0x00000034   Code   RO         1638    i.HAL_Init          stm32f4xx_hal.o
    0x08002050   0x08002050   0x00000040   Code   RO         1639    i.HAL_InitTick      stm32f4xx_hal.o
    0x08002090   0x08002090   0x00000030   Code   RO          468    i.HAL_MspInit       stm32f4xx_hal_msp.o
    0x080020c0   0x080020c0   0x0000001a   Code   RO         1473    i.HAL_NVIC_EnableIRQ  stm32f4xx_hal_cortex.o
    0x080020da   0x080020da   0x00000002   PAD
    0x080020dc   0x080020dc   0x00000040   Code   RO         1479    i.HAL_NVIC_SetPriority  stm32f4xx_hal_cortex.o
    0x0800211c   0x0800211c   0x00000024   Code   RO         1480    i.HAL_NVIC_SetPriorityGrouping  stm32f4xx_hal_cortex.o
    0x08002140   0x08002140   0x00000134   Code   RO          727    i.HAL_RCC_ClockConfig  stm32f4xx_hal_rcc.o
    0x08002274   0x08002274   0x00000020   Code   RO          734    i.HAL_RCC_GetPCLK1Freq  stm32f4xx_hal_rcc.o
    0x08002294   0x08002294   0x00000020   Code   RO          735    i.HAL_RCC_GetPCLK2Freq  stm32f4xx_hal_rcc.o
    0x080022b4   0x080022b4   0x00000064   Code   RO          736    i.HAL_RCC_GetSysClockFreq  stm32f4xx_hal_rcc.o
    0x08002318   0x08002318   0x0000036c   Code   RO          739    i.HAL_RCC_OscConfig  stm32f4xx_hal_rcc.o
    0x08002684   0x08002684   0x000000bc   Code   RO         1887    i.HAL_SPI_Init      stm32f4xx_hal_spi.o
    0x08002740   0x08002740   0x00000090   Code   RO          267    i.HAL_SPI_MspInit   spi.o
    0x080027d0   0x080027d0   0x000001f0   Code   RO         1896    i.HAL_SPI_TransmitReceive  stm32f4xx_hal_spi.o
    0x080029c0   0x080029c0   0x00000028   Code   RO         1484    i.HAL_SYSTICK_Config  stm32f4xx_hal_cortex.o
    0x080029e8   0x080029e8   0x0000004a   Code   RO         2208    i.HAL_UARTEx_ReceiveToIdle_DMA  stm32f4xx_hal_uart.o
    0x08002a32   0x08002a32   0x00000002   PAD
    0x08002a34   0x08002a34   0x00000024   Code   RO         2781    i.HAL_UARTEx_RxEventCallback  receive.o
    0x08002a58   0x08002a58   0x00000002   Code   RO         2224    i.HAL_UART_ErrorCallback  stm32f4xx_hal_uart.o
    0x08002a5a   0x08002a5a   0x00000002   PAD
    0x08002a5c   0x08002a5c   0x00000280   Code   RO         2227    i.HAL_UART_IRQHandler  stm32f4xx_hal_uart.o
    0x08002cdc   0x08002cdc   0x00000064   Code   RO         2228    i.HAL_UART_Init     stm32f4xx_hal_uart.o
    0x08002d40   0x08002d40   0x00000114   Code   RO          309    i.HAL_UART_MspInit  usart.o
    0x08002e54   0x08002e54   0x00000002   Code   RO         2234    i.HAL_UART_RxCpltCallback  stm32f4xx_hal_uart.o
    0x08002e56   0x08002e56   0x00000002   Code   RO         2235    i.HAL_UART_RxHalfCpltCallback  stm32f4xx_hal_uart.o
    0x08002e58   0x08002e58   0x000000a0   Code   RO         2236    i.HAL_UART_Transmit  stm32f4xx_hal_uart.o
    0x08002ef8   0x08002ef8   0x00000002   Code   RO         2239    i.HAL_UART_TxCpltCallback  stm32f4xx_hal_uart.o
    0x08002efa   0x08002efa   0x00000002   Code   RO          363    i.HardFault_Handler  stm32f4xx_it.o
    0x08002efc   0x08002efc   0x00000044   Code   RO          202    i.MX_CAN1_Init      can.o
    0x08002f40   0x08002f40   0x0000002c   Code   RO          242    i.MX_DMA_Init       dma.o
    0x08002f6c   0x08002f6c   0x000000fc   Code   RO          176    i.MX_GPIO_Init      gpio.o
    0x08003068   0x08003068   0x00000048   Code   RO          268    i.MX_SPI1_Init      spi.o
    0x080030b0   0x080030b0   0x00000038   Code   RO          310    i.MX_USART1_UART_Init  usart.o
    0x080030e8   0x080030e8   0x00000038   Code   RO          311    i.MX_USART6_UART_Init  usart.o
    0x08003120   0x08003120   0x00000002   Code   RO          364    i.MemManage_Handler  stm32f4xx_it.o
    0x08003122   0x08003122   0x00000002   Code   RO          365    i.NMI_Handler       stm32f4xx_it.o
    0x08003124   0x08003124   0x00000002   Code   RO          366    i.PendSV_Handler    stm32f4xx_it.o
    0x08003126   0x08003126   0x00000002   PAD
    0x08003128   0x08003128   0x0000006c   Code   RO         1925    i.SPI_EndRxTxTransaction  stm32f4xx_hal_spi.o
    0x08003194   0x08003194   0x000000bc   Code   RO         1930    i.SPI_WaitFlagStateUntilTimeout  stm32f4xx_hal_spi.o
    0x08003250   0x08003250   0x00000002   Code   RO          367    i.SVC_Handler       stm32f4xx_it.o
    0x08003252   0x08003252   0x00000004   Code   RO          368    i.SysTick_Handler   stm32f4xx_it.o
    0x08003256   0x08003256   0x00000002   PAD
    0x08003258   0x08003258   0x00000094   Code   RO           14    i.SystemClock_Config  main.o
    0x080032ec   0x080032ec   0x00000010   Code   RO         2562    i.SystemInit        system_stm32f4xx.o
    0x080032fc   0x080032fc   0x0000000e   Code   RO         2241    i.UART_DMAAbortOnError  stm32f4xx_hal_uart.o
    0x0800330a   0x0800330a   0x0000004a   Code   RO         2242    i.UART_DMAError     stm32f4xx_hal_uart.o
    0x08003354   0x08003354   0x00000086   Code   RO         2243    i.UART_DMAReceiveCplt  stm32f4xx_hal_uart.o
    0x080033da   0x080033da   0x0000001e   Code   RO         2245    i.UART_DMARxHalfCplt  stm32f4xx_hal_uart.o
    0x080033f8   0x080033f8   0x0000004e   Code   RO         2251    i.UART_EndRxTransfer  stm32f4xx_hal_uart.o
    0x08003446   0x08003446   0x0000001c   Code   RO         2252    i.UART_EndTxTransfer  stm32f4xx_hal_uart.o
    0x08003462   0x08003462   0x000000c2   Code   RO         2253    i.UART_Receive_IT   stm32f4xx_hal_uart.o
    0x08003524   0x08003524   0x0000010c   Code   RO         2254    i.UART_SetConfig    stm32f4xx_hal_uart.o
    0x08003630   0x08003630   0x000000a0   Code   RO         2255    i.UART_Start_Receive_DMA  stm32f4xx_hal_uart.o
    0x080036d0   0x080036d0   0x00000072   Code   RO         2257    i.UART_WaitOnFlagUntilTimeout  stm32f4xx_hal_uart.o
    0x08003742   0x08003742   0x00000002   PAD
    0x08003744   0x08003744   0x000000e8   Code   RO         3166    i.USART1_Proc       bmi_dection.o
    0x0800382c   0x0800382c   0x0000000c   Code   RO          369    i.USART6_IRQHandler  stm32f4xx_it.o
    0x08003838   0x08003838   0x00000002   Code   RO          370    i.UsageFault_Handler  stm32f4xx_it.o
    0x0800383a   0x0800383a   0x00000030   Code   RO         3318    i.__ARM_fpclassify  m_wm.l(fpclassify.o)
    0x0800386a   0x0800386a   0x00000020   Code   RO         1486    i.__NVIC_SetPriority  stm32f4xx_hal_cortex.o
    0x0800388a   0x0800388a   0x0000000e   Code   RO         3215    i._is_digit         c_w.l(__printf_wp.o)
    0x08003898   0x08003898   0x00000032   Code   RO         3089    i.binary_search     qmath.o
    0x080038ca   0x080038ca   0x0000002a   Code   RO           15    i.main              main.o
    0x080038f4   0x080038f4   0x000000f4   Code   RO         2785    i.parse_frame       receive.o
    0x080039e8   0x080039e8   0x00000068   Code   RO         2786    i.parse_int         receive.o
    0x08003a50   0x08003a50   0x0000004c   Code   RO         3092    i.qatan             qmath.o
    0x08003a9c   0x08003a9c   0x00000080   Code   RO         3093    i.qatan2            qmath.o
    0x08003b1c   0x08003b1c   0x00000046   Code   RO         2859    i.reg_read_buf      bmi088.o
    0x08003b62   0x08003b62   0x00000002   PAD
    0x08003b64   0x08003b64   0x00000020   Code   RO         2861    i.spi_rw            bmi088.o
    0x08003b84   0x08003b84   0x00000024   Code   RO         2787    i.vision_start_dma  receive.o
    0x08003ba8   0x08003ba8   0x0000002c   Code   RO         3314    locale$$code        c_w.l(lc_numeric_c.o)
    0x08003bd4   0x08003bd4   0x0000000c   Code   RO         3255    x$fpl$dretinf       fz_wm.l(dretinf.o)
    0x08003be0   0x08003be0   0x00000056   Code   RO         3233    x$fpl$f2d           fz_wm.l(f2d.o)
    0x08003c36   0x08003c36   0x0000008c   Code   RO         3257    x$fpl$fnaninf       fz_wm.l(fnaninf.o)
    0x08003cc2   0x08003cc2   0x0000000a   Code   RO         3394    x$fpl$fpinit        fz_wm.l(fpinit.o)
    0x08003ccc   0x08003ccc   0x00000004   Code   RO         3241    x$fpl$printf1       fz_wm.l(printf1.o)
    0x08003cd0   0x08003cd0   0x00000000   Code   RO         3259    x$fpl$usenofp       fz_wm.l(usenofp.o)
    0x08003cd0   0x08003cd0   0x00000008   Data   RO         1200    .constdata          stm32f4xx_hal_dma.o
    0x08003cd8   0x08003cd8   0x00000010   Data   RO         2563    .constdata          system_stm32f4xx.o
    0x08003ce8   0x08003ce8   0x00000008   Data   RO         2564    .constdata          system_stm32f4xx.o
    0x08003cf0   0x08003cf0   0x00002000   Data   RO         3097    .constdata          qmath.o
    0x08005cf0   0x08005cf0   0x00000094   Data   RO         3289    .constdata          c_w.l(bigflt0.o)
    0x08005d84   0x08005d84   0x00000020   Data   RO         3465    Region$$Table       anon$$obj.o
    0x08005da4   0x08005da4   0x0000001c   Data   RO         3313    locale$$data        c_w.l(lc_numeric_c.o)


    Execution Region RW_IRAM1 (Exec base: 0x20000000, Load base: 0x08005dc0, Size: 0x00000860, Max: 0x0001c000, ABSOLUTE)

    Exec Addr    Load Addr    Size         Type   Attr      Idx    E Section Name        Object

    0x20000000   0x08005dc0   0x0000000c   Data   RW         1645    .data               stm32f4xx_hal.o
    0x2000000c   0x08005dcc   0x00000004   Data   RW         2565    .data               system_stm32f4xx.o
    0x20000010   0x08005dd0   0x00000024   Data   RW         2862    .data               bmi088.o
    0x20000034   0x08005df4   0x00000004   Data   RW         3167    .data               bmi_dection.o
    0x20000038        -       0x00000028   Zero   RW          203    .bss                can.o
    0x20000060        -       0x00000058   Zero   RW          269    .bss                spi.o
    0x200000b8        -       0x000000f0   Zero   RW          312    .bss                usart.o
    0x200001a8        -       0x00000054   Zero   RW         2788    .bss                receive.o
    0x200001fc        -       0x00000060   Zero   RW         3321    .bss                c_w.l(libspace.o)
    0x2000025c   0x08005df8   0x00000004   PAD
    0x20000260        -       0x00000200   Zero   RW            2    HEAP                startup_stm32f407xx.o
    0x20000460        -       0x00000400   Zero   RW            1    STACK               startup_stm32f407xx.o


    Execution Region RW_IRAM2 (Exec base: 0x2001c000, Load base: 0x08005df8, Size: 0x00000000, Max: 0x00004000, ABSOLUTE)

    **** No section assigned to this execution region ****


==============================================================================

Image component sizes


      Code (inc. data)   RO Data    RW Data    ZI Data      Debug   Object Name

       566         66          0         36          0       6356   bmi088.o
       232         64          0          4          0        602   bmi_dection.o
       236         22          0          0         40       1717   can.o
         0          0          0          0          0        564   control.o
        44          4          0          0          0        774   dma.o
       252         18          0          0          0       1055   gpio.o
       194          8          0          0          0     677048   main.o
       254         28       8192          0          0       2849   qmath.o
       420         28          0          0         84       3537   receive.o
       216         24          0          0         88       1741   spi.o
        64         26        392          0       1536        840   startup_stm32f407xx.o
       144         24          0         12          0       8765   stm32f4xx_hal.o
       816          0          0          0          0      10163   stm32f4xx_hal_can.o
       198         14          0          0          0      33811   stm32f4xx_hal_cortex.o
      1084         16          8          0          0       7338   stm32f4xx_hal_dma.o
       506         46          0          0          0       2192   stm32f4xx_hal_gpio.o
        48          6          0          0          0        858   stm32f4xx_hal_msp.o
      1348         76          0          0          0       5252   stm32f4xx_hal_rcc.o
       980         16          0          0          0       4897   stm32f4xx_hal_spi.o
      2076         28          0          0          0      14933   stm32f4xx_hal_uart.o
        92         36          0          0          0       6979   stm32f4xx_it.o
        16          4         24          4          0       1127   system_stm32f4xx.o
       388         50          0          0        240       2566   usart.o

    ----------------------------------------------------------------------
     10198        604       8648         56       1988     795964   Object Totals
         0          0         32          0          0          0   (incl. Generated)
        24          0          0          0          0          0   (incl. Padding)

    ----------------------------------------------------------------------

      Code (inc. data)   RO Data    RW Data    ZI Data      Debug   Library Member Name

        44          6          0          0          0         84   __2sprintf.o
         8          0          0          0          0         68   __main.o
       284          0          0          0          0        156   __printf_wp.o
         0          0          0          0          0          0   __rtentry.o
        12          0          0          0          0          0   __rtentry2.o
         6          0          0          0          0          0   __rtentry4.o
        52          8          0          0          0          0   __scatter.o
        26          0          0          0          0          0   __scatter_copy.o
        28          0          0          0          0          0   __scatter_zi.o
        48          6          0          0          0         96   _printf_char_common.o
         6          0          0          0          0          0   _printf_f.o
      1054          0          0          0          0        216   _printf_fp_dec.o
       128         16          0          0          0         84   _printf_fp_infnan.o
         0          0          0          0          0          0   _printf_percent.o
         4          0          0          0          0          0   _printf_percent_end.o
        10          0          0          0          0         68   _sputc.o
       228          4        148          0          0         96   bigflt0.o
      1936        128          0          0          0        672   btod.o
        18          0          0          0          0         80   exit.o
         6          0          0          0          0        152   heapauxi.o
         0          0          0          0          0          0   indicate_semi.o
        44         10         28          0          0         76   lc_numeric_c.o
         2          0          0          0          0          0   libinit.o
        22          0          0          0          0          0   libinit2.o
         2          0          0          0          0          0   libshutdown.o
         2          0          0          0          0          0   libshutdown2.o
         8          4          0          0         96         68   libspace.o
       138          0          0          0          0         80   lludiv10.o
       238          0          0          0          0        100   lludivv7m.o
         8          4          0          0          0         68   rt_locale_intlibspace.o
        78          0          0          0          0         80   rt_memclr_w.o
         2          0          0          0          0          0   rtexit.o
        10          0          0          0          0          0   rtexit2.o
       128          0          0          0          0         68   strcmpv7m.o
        12          4          0          0          0         68   sys_exit.o
        74          0          0          0          0         80   sys_stackheap_outer.o
         2          0          0          0          0         68   use_no_semi.o
        12          0          0          0          0        116   dretinf.o
        86          4          0          0          0        132   f2d.o
       140          4          0          0          0        132   fnaninf.o
        10          0          0          0          0        116   fpinit.o
         4          0          0          0          0        116   printf1.o
         0          0          0          0          0          0   usenofp.o
        48          0          0          0          0        124   fpclassify.o

    ----------------------------------------------------------------------
      4978        198        176          0        100       3264   Library Totals
        10          0          0          0          4          0   (incl. Padding)

    ----------------------------------------------------------------------

      Code (inc. data)   RO Data    RW Data    ZI Data      Debug   Library Name

      4668        190        176          0         96       2528   c_w.l
       252          8          0          0          0        612   fz_wm.l
        48          0          0          0          0        124   m_wm.l

    ----------------------------------------------------------------------
      4978        198        176          0        100       3264   Library Totals

    ----------------------------------------------------------------------

==============================================================================


      Code (inc. data)   RO Data    RW Data    ZI Data      Debug   

     15176        802       8824         56       2088     787376   Grand Totals
     15176        802       8824         56       2088     787376   ELF Image Totals
     15176        802       8824         56          0          0   ROM Totals

==============================================================================

    Total RO  Size (Code + RO Data)                24000 (  23.44kB)
    Total RW  Size (RW Data + ZI Data)              2144 (   2.09kB)
    Total ROM Size (Code + RO Data + RW Data)      24056 (  23.49kB)

==============================================================================

