<html>
<body>
<pre>
<h1>µVision Build Log</h1>
<h2>Tool Versions:</h2>
IDE-Version: ¦ÌVision V5.37.0.0
Copyright (C) 2022 ARM Ltd and ARM Germany GmbH. All rights reserved.
License Information: 1 ASUS, 1, LIC=50D7S-L2NXH-79QG1-CRXSR-7QG6B-FH0EQ
 
Tool Versions:
Toolchain:       MDK-ARM Professional  Version: 5.37.0.0
Toolchain Path:  E:\keil5\Core\ARM\ARMCC\Bin
C Compiler:      Armcc.exe V5.06 update 7 (build 960)
Assembler:       Armasm.exe V5.06 update 7 (build 960)
Linker/Locator:  ArmLink.exe V5.06 update 7 (build 960)
Library Manager: ArmAr.exe V5.06 update 7 (build 960)
Hex Converter:   FromElf.exe V5.06 update 7 (build 960)
CPU DLL:         SARMCM3.DLL V5.37.0.0
Dialog DLL:      DCM.DLL V1.17.5.0
Target DLL:      STLink\ST-LINKIII-KEIL_SWO.dll V3.0.9.0
Dialog DLL:      TCM.DLL V1.56.1.0
 
<h2>Project:</h2>
E:\µçÈü\mine\QDrive_C_gimbal_task\QDrive_C_gimbal_task\MDK-ARM\QDrive_C_gimbal_task.uvprojx
Project File Date:  07/07/2026

<h2>Output:</h2>
*** Using Compiler 'V5.06 update 7 (build 960)', folder: 'E:\keil5\Core\ARM\ARMCC\Bin'
Rebuild target 'QDrive_C_gimbal_task'
assembling startup_stm32f407xx.s...
compiling gpio.c...
compiling main.c...
compiling usart.c...
compiling stm32f4xx_hal_pwr_ex.c...
compiling stm32f4xx_hal_rcc_ex.c...
compiling stm32f4xx_hal_exti.c...
compiling spi.c...
compiling stm32f4xx_it.c...
compiling stm32f4xx_hal_cortex.c...
compiling stm32f4xx_hal_flash_ramfunc.c...
compiling stm32f4xx_hal_flash.c...
compiling stm32f4xx_hal_pwr.c...
compiling stm32f4xx_hal_rcc.c...
compiling stm32f4xx_hal_msp.c...
compiling stm32f4xx_hal_flash_ex.c...
compiling stm32f4xx_hal_gpio.c...
compiling can.c...
compiling stm32f4xx_hal_can.c...
compiling stm32f4xx_hal.c...
compiling dma.c...
compiling stm32f4xx_hal_dma.c...
compiling stm32f4xx_hal_dma_ex.c...
compiling stm32f4xx_hal_spi.c...
compiling pid.c...
compiling system_stm32f4xx.c...
compiling QD4310.c...
compiling stm32f4xx_hal_uart.c...
compiling gimbal.c...
compiling control.c...
compiling receive.c...
compiling user_key.c...
compiling delay.c...
compiling button.c...
compiling qmath.c...
compiling bmi_dection.c...
compiling bmi088.c...
linking...
Program Size: Code=22766 RO-data=8710 RW-data=264 ZI-data=2584  
FromELF: creating hex file...
"QDrive_C_gimbal_task\QDrive_C_gimbal_task.axf" - 0 Error(s), 0 Warning(s).

<h2>Software Packages used:</h2>

Package Vendor: ARM
                http://www.keil.com/pack/ARM.CMSIS.5.9.0.pack
                ARM.CMSIS.5.9.0
                CMSIS (Common Microcontroller Software Interface Standard)
   * Component: CORE Version: 5.6.0

Package Vendor: Keil
                https://www.keil.com/pack/Keil.STM32F4xx_DFP.3.1.1.pack
                Keil.STM32F4xx_DFP.3.1.1
                STMicroelectronics STM32F4 Series Device Support

<h2>Collection of Component include folders:</h2>
  ./RTE/_QDrive_C_gimbal_task
  E:/keil5/Pack/ARM/CMSIS/5.9.0/CMSIS/Core/Include

<h2>Collection of Component Files used:</h2>

   * Component: ARM::CMSIS:CORE:5.6.0
      Include file:  CMSIS/Core/Include/tz_context.h
Build Time Elapsed:  00:00:05
</pre>
</body>
</html>
