Component: ARM Compiler 5.06 update 7 (build 960) Tool: armlink [4d3601]

==============================================================================

Section Cross References

    startup_stm32f407xx.o(STACK) refers (Special) to heapauxi.o(.text) for __use_two_region_memory
    startup_stm32f407xx.o(HEAP) refers (Special) to heapauxi.o(.text) for __use_two_region_memory
    startup_stm32f407xx.o(RESET) refers (Special) to heapauxi.o(.text) for __use_two_region_memory
    startup_stm32f407xx.o(RESET) refers to startup_stm32f407xx.o(STACK) for __initial_sp
    startup_stm32f407xx.o(RESET) refers to startup_stm32f407xx.o(.text) for Reset_Handler
    startup_stm32f407xx.o(RESET) refers to stm32f4xx_it.o(i.NMI_Handler) for NMI_Handler
    startup_stm32f407xx.o(RESET) refers to stm32f4xx_it.o(i.HardFault_Handler) for HardFault_Handler
    startup_stm32f407xx.o(RESET) refers to stm32f4xx_it.o(i.MemManage_Handler) for MemManage_Handler
    startup_stm32f407xx.o(RESET) refers to stm32f4xx_it.o(i.BusFault_Handler) for BusFault_Handler
    startup_stm32f407xx.o(RESET) refers to stm32f4xx_it.o(i.UsageFault_Handler) for UsageFault_Handler
    startup_stm32f407xx.o(RESET) refers to stm32f4xx_it.o(i.SVC_Handler) for SVC_Handler
    startup_stm32f407xx.o(RESET) refers to stm32f4xx_it.o(i.DebugMon_Handler) for DebugMon_Handler
    startup_stm32f407xx.o(RESET) refers to stm32f4xx_it.o(i.PendSV_Handler) for PendSV_Handler
    startup_stm32f407xx.o(RESET) refers to stm32f4xx_it.o(i.SysTick_Handler) for SysTick_Handler
    startup_stm32f407xx.o(RESET) refers to stm32f4xx_it.o(i.EXTI4_IRQHandler) for EXTI4_IRQHandler
    startup_stm32f407xx.o(RESET) refers to stm32f4xx_it.o(i.CAN1_TX_IRQHandler) for CAN1_TX_IRQHandler
    startup_stm32f407xx.o(RESET) refers to stm32f4xx_it.o(i.CAN1_RX0_IRQHandler) for CAN1_RX0_IRQHandler
    startup_stm32f407xx.o(RESET) refers to stm32f4xx_it.o(i.CAN1_RX1_IRQHandler) for CAN1_RX1_IRQHandler
    startup_stm32f407xx.o(RESET) refers to stm32f4xx_it.o(i.CAN1_SCE_IRQHandler) for CAN1_SCE_IRQHandler
    startup_stm32f407xx.o(RESET) refers to stm32f4xx_it.o(i.EXTI9_5_IRQHandler) for EXTI9_5_IRQHandler
    startup_stm32f407xx.o(RESET) refers to stm32f4xx_it.o(i.SPI1_IRQHandler) for SPI1_IRQHandler
    startup_stm32f407xx.o(RESET) refers to stm32f4xx_it.o(i.DMA2_Stream0_IRQHandler) for DMA2_Stream0_IRQHandler
    startup_stm32f407xx.o(RESET) refers to stm32f4xx_it.o(i.DMA2_Stream1_IRQHandler) for DMA2_Stream1_IRQHandler
    startup_stm32f407xx.o(RESET) refers to stm32f4xx_it.o(i.DMA2_Stream3_IRQHandler) for DMA2_Stream3_IRQHandler
    startup_stm32f407xx.o(RESET) refers to stm32f4xx_it.o(i.USART6_IRQHandler) for USART6_IRQHandler
    startup_stm32f407xx.o(.text) refers (Special) to heapauxi.o(.text) for __use_two_region_memory
    startup_stm32f407xx.o(.text) refers to system_stm32f4xx.o(i.SystemInit) for SystemInit
    startup_stm32f407xx.o(.text) refers to __main.o(!!!main) for __main
    startup_stm32f407xx.o(.text) refers to startup_stm32f407xx.o(HEAP) for Heap_Mem
    startup_stm32f407xx.o(.text) refers to startup_stm32f407xx.o(STACK) for Stack_Mem
    main.o(i.SystemClock_Config) refers to rt_memclr_w.o(.text) for __aeabi_memclr4
    main.o(i.SystemClock_Config) refers to stm32f4xx_hal_rcc.o(i.HAL_RCC_OscConfig) for HAL_RCC_OscConfig
    main.o(i.SystemClock_Config) refers to stm32f4xx_hal_rcc.o(i.HAL_RCC_ClockConfig) for HAL_RCC_ClockConfig
    main.o(i.main) refers to stm32f4xx_hal.o(i.HAL_Init) for HAL_Init
    main.o(i.main) refers to main.o(i.SystemClock_Config) for SystemClock_Config
    main.o(i.main) refers to gpio.o(i.MX_GPIO_Init) for MX_GPIO_Init
    main.o(i.main) refers to dma.o(i.MX_DMA_Init) for MX_DMA_Init
    main.o(i.main) refers to can.o(i.MX_CAN1_Init) for MX_CAN1_Init
    main.o(i.main) refers to usart.o(i.MX_USART6_UART_Init) for MX_USART6_UART_Init
    main.o(i.main) refers to spi.o(i.MX_SPI1_Init) for MX_SPI1_Init
    main.o(i.main) refers to usart.o(i.MX_USART1_UART_Init) for MX_USART1_UART_Init
    main.o(i.main) refers to receive.o(i.Vision_Init) for Vision_Init
    main.o(i.main) refers to stm32f4xx_hal_uart.o(i.HAL_UART_Transmit) for HAL_UART_Transmit
    main.o(i.main) refers to bmi_dection.o(i.USART1_Proc) for USART1_Proc
    main.o(i.main) refers to usart.o(.bss) for huart1
    gpio.o(i.MX_GPIO_Init) refers to rt_memclr_w.o(.text) for __aeabi_memclr4
    gpio.o(i.MX_GPIO_Init) refers to stm32f4xx_hal_gpio.o(i.HAL_GPIO_WritePin) for HAL_GPIO_WritePin
    gpio.o(i.MX_GPIO_Init) refers to stm32f4xx_hal_gpio.o(i.HAL_GPIO_Init) for HAL_GPIO_Init
    gpio.o(i.MX_GPIO_Init) refers to stm32f4xx_hal_cortex.o(i.HAL_NVIC_SetPriority) for HAL_NVIC_SetPriority
    gpio.o(i.MX_GPIO_Init) refers to stm32f4xx_hal_cortex.o(i.HAL_NVIC_EnableIRQ) for HAL_NVIC_EnableIRQ
    can.o(i.HAL_CAN_MspDeInit) refers to stm32f4xx_hal_gpio.o(i.HAL_GPIO_DeInit) for HAL_GPIO_DeInit
    can.o(i.HAL_CAN_MspDeInit) refers to stm32f4xx_hal_cortex.o(i.HAL_NVIC_DisableIRQ) for HAL_NVIC_DisableIRQ
[...]
    i.HAL_UART_Transmit                      0x08003288   Section        0  stm32f4xx_hal_uart.o(i.HAL_UART_Transmit)
    i.HAL_UART_TxCpltCallback                0x08003328   Section        0  stm32f4xx_hal_uart.o(i.HAL_UART_TxCpltCallback)
    i.HardFault_Handler                      0x0800332a   Section        0  stm32f4xx_it.o(i.HardFault_Handler)
    i.MX_CAN1_Init                           0x0800332c   Section        0  can.o(i.MX_CAN1_Init)
    i.MX_DMA_Init                            0x08003370   Section        0  dma.o(i.MX_DMA_Init)
    i.MX_GPIO_Init                           0x080033bc   Section        0  gpio.o(i.MX_GPIO_Init)
    i.MX_SPI1_Init                           0x08003524   Section        0  spi.o(i.MX_SPI1_Init)
    i.MX_USART1_UART_Init                    0x0800356c   Section        0  usart.o(i.MX_USART1_UART_Init)
    i.MX_USART6_UART_Init                    0x080035a4   Section        0  usart.o(i.MX_USART6_UART_Init)
    i.MemManage_Handler                      0x080035dc   Section        0  stm32f4xx_it.o(i.MemManage_Handler)
    i.NMI_Handler                            0x080035de   Section        0  stm32f4xx_it.o(i.NMI_Handler)
    i.PID_ChangeSP                           0x080035e0   Section        0  pid.o(i.PID_ChangeSP)
    i.PID_Compute                            0x080035e8   Section        0  pid.o(i.PID_Compute)
    i.PendSV_Handler                         0x080036d4   Section        0  stm32f4xx_it.o(i.PendSV_Handler)
    i.QD4310_Clamp                           0x080036d6   Section        0  qd4310.o(i.QD4310_Clamp)
    QD4310_Clamp                             0x080036d7   Thumb Code    32  qd4310.o(i.QD4310_Clamp)
    i.QD4310_SendCommand                     0x080036f8   Section        0  qd4310.o(i.QD4310_SendCommand)
    i.QD4310_SetSpeed                        0x08003748   Section        0  qd4310.o(i.QD4310_SetSpeed)
    i.SPI1_IRQHandler                        0x08003794   Section        0  stm32f4xx_it.o(i.SPI1_IRQHandler)
    i.SPI_DMAAbortOnError                    0x080037a0   Section        0  stm32f4xx_hal_spi.o(i.SPI_DMAAbortOnError)
    SPI_DMAAbortOnError                      0x080037a1   Thumb Code    16  stm32f4xx_hal_spi.o(i.SPI_DMAAbortOnError)
    i.SPI_DMAError                           0x080037b0   Section        0  stm32f4xx_hal_spi.o(i.SPI_DMAError)
    SPI_DMAError                             0x080037b1   Thumb Code    34  stm32f4xx_hal_spi.o(i.SPI_DMAError)
    i.SPI_DMAHalfReceiveCplt                 0x080037d2   Section        0  stm32f4xx_hal_spi.o(i.SPI_DMAHalfReceiveCplt)
    SPI_DMAHalfReceiveCplt                   0x080037d3   Thumb Code    10  stm32f4xx_hal_spi.o(i.SPI_DMAHalfReceiveCplt)
    i.SPI_DMAHalfTransmitReceiveCplt         0x080037dc   Section        0  stm32f4xx_hal_spi.o(i.SPI_DMAHalfTransmitReceiveCplt)
    SPI_DMAHalfTransmitReceiveCplt           0x080037dd   Thumb Code    10  stm32f4xx_hal_spi.o(i.SPI_DMAHalfTransmitReceiveCplt)
    i.SPI_DMAReceiveCplt                     0x080037e6   Section        0  stm32f4xx_hal_spi.o(i.SPI_DMAReceiveCplt)
    SPI_DMAReceiveCplt                       0x080037e7   Thumb Code   106  stm32f4xx_hal_spi.o(i.SPI_DMAReceiveCplt)
    i.SPI_DMATransmitReceiveCplt             0x08003850   Section        0  stm32f4xx_hal_spi.o(i.SPI_DMATransmitReceiveCplt)
    SPI_DMATransmitReceiveCplt               0x08003851   Thumb Code    90  stm32f4xx_hal_spi.o(i.SPI_DMATransmitReceiveCplt)
    i.SPI_EndRxTransaction                   0x080038aa   Section        0  stm32f4xx_hal_spi.o(i.SPI_EndRxTransaction)
    SPI_EndRxTransaction                     0x080038ab   Thumb Code    92  stm32f4xx_hal_spi.o(i.SPI_EndRxTransaction)
    i.SPI_EndRxTxTransaction                 0x08003908   Section        0  stm32f4xx_hal_spi.o(i.SPI_EndRxTxTransaction)
    SPI_EndRxTxTransaction                   0x08003909   Thumb Code    98  stm32f4xx_hal_spi.o(i.SPI_EndRxTxTransaction)
    i.SPI_WaitFlagStateUntilTimeout          0x08003974   Section        0  stm32f4xx_hal_spi.o(i.SPI_WaitFlagStateUntilTimeout)
    SPI_WaitFlagStateUntilTimeout            0x08003975   Thumb Code   182  stm32f4xx_hal_spi.o(i.SPI_WaitFlagStateUntilTimeout)
    i.SVC_Handler                            0x08003a30   Section        0  stm32f4xx_it.o(i.SVC_Handler)
    i.SetGimbal0Speed                        0x08003a34   Section        0  control.o(i.SetGimbal0Speed)
    i.SetGimbal1Speed                        0x08003a40   Section        0  control.o(i.SetGimbal1Speed)
    i.SysTick_Handler                        0x08003a4c   Section        0  stm32f4xx_it.o(i.SysTick_Handler)
    i.SystemClock_Config                     0x08003a50   Section        0  main.o(i.SystemClock_Config)
    i.SystemInit                             0x08003ae4   Section        0  system_stm32f4xx.o(i.SystemInit)
    i.UART_DMAAbortOnError                   0x08003af4   Section        0  stm32f4xx_hal_uart.o(i.UART_DMAAbortOnError)
    UART_DMAAbortOnError                     0x08003af5   Thumb Code    14  stm32f4xx_hal_uart.o(i.UART_DMAAbortOnError)
    i.UART_DMAError                          0x08003b02   Section        0  stm32f4xx_hal_uart.o(i.UART_DMAError)
    UART_DMAError                            0x08003b03   Thumb Code    74  stm32f4xx_hal_uart.o(i.UART_DMAError)
    i.UART_DMAReceiveCplt                    0x08003b4c   Section        0  stm32f4xx_hal_uart.o(i.UART_DMAReceiveCplt)
    UART_DMAReceiveCplt                      0x08003b4d   Thumb Code   134  stm32f4xx_hal_uart.o(i.UART_DMAReceiveCplt)
    i.UART_DMARxHalfCplt                     0x08003bd2   Section        0  stm32f4xx_hal_uart.o(i.UART_DMARxHalfCplt)
    UART_DMARxHalfCplt                       0x08003bd3   Thumb Code    30  stm32f4xx_hal_uart.o(i.UART_DMARxHalfCplt)
    i.UART_EndRxTransfer                     0x08003bf0   Section        0  stm32f4xx_hal_uart.o(i.UART_EndRxTransfer)
    UART_EndRxTransfer                       0x08003bf1   Thumb Code    78  stm32f4xx_hal_uart.o(i.UART_EndRxTransfer)
    i.UART_EndTxTransfer                     0x08003c3e   Section        0  stm32f4xx_hal_uart.o(i.UART_EndTxTransfer)
    UART_EndTxTransfer                       0x08003c3f   Thumb Code    28  stm32f4xx_hal_uart.o(i.UART_EndTxTransfer)
    i.UART_Receive_IT                        0x08003c5a   Section        0  stm32f4xx_hal_uart.o(i.UART_Receive_IT)
    UART_Receive_IT                          0x08003c5b   Thumb Code   194  stm32f4xx_hal_uart.o(i.UART_Receive_IT)
    i.UART_SetConfig                         0x08003d1c   Section        0  stm32f4xx_hal_uart.o(i.UART_SetConfig)
    UART_SetConfig                           0x08003d1d   Thumb Code   258  stm32f4xx_hal_uart.o(i.UART_SetConfig)
    i.UART_Start_Receive_DMA                 0x08003e28   Section        0  stm32f4xx_hal_uart.o(i.UART_Start_Receive_DMA)
    i.UART_WaitOnFlagUntilTimeout            0x08003ec8   Section        0  stm32f4xx_hal_uart.o(i.UART_WaitOnFlagUntilTimeout)
    UART_WaitOnFlagUntilTimeout              0x08003ec9   Thumb Code   114  stm32f4xx_hal_uart.o(i.UART_WaitOnFlagUntilTimeout)
    i.USART1_Proc                            0x08003f3c   Section        0  bmi_dection.o(i.USART1_Proc)
    i.USART6_IRQHandler                      0x08003fe8   Section        0  stm32f4xx_it.o(i.USART6_IRQHandler)
    i.UsageFault_Handler                     0x08003ff4   Section        0  stm32f4xx_it.o(i.UsageFault_Handler)
    i.Vision_GetErr                          0x08003ff8   Section        0  receive.o(i.Vision_GetErr)
    i.Vision_Init                            0x08004000   Section        0  receive.o(i.Vision_Init)
    i.Vision_IsOnline                        0x08004024   Section        0  receive.o(i.Vision_IsOnline)
    i.__ARM_fpclassify                       0x08004044   Section        0  fpclassify.o(i.__ARM_fpclassify)
    i.__NVIC_SetPriority                     0x08004074   Section        0  stm32f4xx_hal_cortex.o(i.__NVIC_SetPriority)
    __NVIC_SetPriority                       0x08004075   Thumb Code    32  stm32f4xx_hal_cortex.o(i.__NVIC_SetPriority)
    i._is_digit                              0x08004094   Section        0  __printf_wp.o(i._is_digit)
    i.binary_search                          0x080040a2   Section        0  qmath.o(i.binary_search)
    binary_search                            0x080040a3   Thumb Code    50  qmath.o(i.binary_search)
    i.inv_sqrt                               0x080040d4   Section        0  bmi088.o(i.inv_sqrt)
    inv_sqrt                                 0x080040d5   Thumb Code    40  bmi088.o(i.inv_sqrt)
    i.main                                   0x08004100   Section        0  main.o(i.main)
    i.parse_frame                            0x08004144   Section        0  receive.o(i.parse_frame)
    parse_frame                              0x08004145   Thumb Code   234  receive.o(i.parse_frame)
    i.parse_gyro                             0x08004238   Section        0  bmi088.o(i.parse_gyro)
    parse_gyro                               0x08004239   Thumb Code   120  bmi088.o(i.parse_gyro)
    i.parse_int                              0x080042c4   Section        0  receive.o(i.parse_int)
    parse_int                                0x080042c5   Thumb Code   104  receive.o(i.parse_int)
    i.pitch_solve_step                       0x0800432c   Section        0  bmi088.o(i.pitch_solve_step)
    pitch_solve_step                         0x0800432d   Thumb Code   390  bmi088.o(i.pitch_solve_step)
    i.qasin                                  0x080044bc   Section        0  qmath.o(i.qasin)
    i.qatan                                  0x08004508   Section        0  qmath.o(i.qatan)
    i.qatan2                                 0x08004554   Section        0  qmath.o(i.qatan2)
    i.vision_start_dma                       0x080045d4   Section        0  receive.o(i.vision_start_dma)
    vision_start_dma                         0x080045d5   Thumb Code    28  receive.o(i.vision_start_dma)
    i.wrap_pi                                0x080045f8   Section        0  control.o(i.wrap_pi)
    wrap_pi                                  0x080045f9   Thumb Code    40  control.o(i.wrap_pi)
    i.yaw_solve_step                         0x0800462c   Section        0  bmi088.o(i.yaw_solve_step)
    yaw_solve_step                           0x0800462d   Thumb Code    84  bmi088.o(i.yaw_solve_step)
    locale$$code                             0x0800468c   Section       44  lc_numeric_c.o(locale$$code)
    x$fpl$dretinf                            0x080046b8   Section       12  dretinf.o(x$fpl$dretinf)
    $v0                                      0x080046b8   Number         0  dretinf.o(x$fpl$dretinf)
    x$fpl$f2d                                0x080046c4   Section       86  f2d.o(x$fpl$f2d)
    $v0                                      0x080046c4   Number         0  f2d.o(x$fpl$f2d)
    x$fpl$ffltll                             0x0800471a   Section       96  ffltll_clz.o(x$fpl$ffltll)
    $v0                                      0x0800471a   Number         0  ffltll_clz.o(x$fpl$ffltll)
    x$fpl$fnaninf                            0x0800477a   Section      140  fnaninf.o(x$fpl$fnaninf)
    $v0                                      0x0800477a   Number         0  fnaninf.o(x$fpl$fnaninf)
    x$fpl$fpinit                             0x08004806   Section       10  fpinit.o(x$fpl$fpinit)
    $v0                                      0x08004806   Number         0  fpinit.o(x$fpl$fpinit)
    x$fpl$printf1                            0x08004810   Section        4  printf1.o(x$fpl$printf1)
    $v0                                      0x08004810   Number         0  printf1.o(x$fpl$printf1)
    .constdata                               0x08004814   Section        8  stm32f4xx_hal_dma.o(.constdata)
    x$fpl$usenofp                            0x08004814   Section        0  usenofp.o(x$fpl$usenofp)
    flagBitshiftOffset                       0x08004814   Data           8  stm32f4xx_hal_dma.o(.constdata)
    .constdata                               0x0800481c   Section       16  system_stm32f4xx.o(.constdata)
    .constdata                               0x0800482c   Section        8  system_stm32f4xx.o(.constdata)
    .constdata                               0x08004834   Section     8192  qmath.o(.constdata)
    sin_vals                                 0x08004834   Data        4096  qmath.o(.constdata)
    tan_vals                                 0x08005834   Data        4096  qmath.o(.constdata)
    .constdata                               0x08006834   Section      148  bigflt0.o(.constdata)
    tenpwrs_x                                0x08006834   Data          60  bigflt0.o(.constdata)
    tenpwrs_i                                0x08006870   Data          64  bigflt0.o(.constdata)
    locale$$data                             0x080068e8   Section       28  lc_numeric_c.o(locale$$data)
    __lcnum_c_name                           0x080068ec   Data           2  lc_numeric_c.o(locale$$data)
    __lcnum_c_start                          0x080068f4   Data           0  lc_numeric_c.o(locale$$data)
    __lcnum_c_point                          0x08006900   Data           0  lc_numeric_c.o(locale$$data)
    __lcnum_c_thousands                      0x08006902   Data           0  lc_numeric_c.o(locale$$data)
    __lcnum_c_grouping                       0x08006903   Data           0  lc_numeric_c.o(locale$$data)
    __lcnum_c_end                            0x08006904   Data           0  lc_numeric_c.o(locale$$data)
    .data                                    0x20000000   Section       12  stm32f4xx_hal.o(.data)
    .data                                    0x2000000c   Section        4  system_stm32f4xx.o(.data)
    .data                                    0x20000010   Section        3  qd4310.o(.data)
    TxBuffer                                 0x20000010   Data           3  qd4310.o(.data)
    .data                                    0x20000014   Section       20  control.o(.data)
    ref_inited                               0x20000014   Data           1  control.o(.data)
    yaw_ref                                  0x20000018   Data           4  control.o(.data)
    pitch_ref                                0x2000001c   Data           4  control.o(.data)
    yaw_err_lp                               0x20000020   Data           4  control.o(.data)
    pitch_err_lp                             0x20000024   Data           4  control.o(.data)
    .data                                    0x20000028   Section      100  bmi088.o(.data)
    bmi088_error                             0x20000028   Data           1  bmi088.o(.data)
    yaw_calibrated                           0x20000029   Data           1  bmi088.o(.data)
    imu_phase                                0x2000002a   Data           1  bmi088.o(.data)
    yaw_calib_cnt                            0x2000002c   Data           2  bmi088.o(.data)
    yaw                                      0x20000030   Data           4  bmi088.o(.data)
    gz_bias                                  0x20000034   Data           4  bmi088.o(.data)
    yaw_calib_accum                          0x20000038   Data           4  bmi088.o(.data)
    q0                                       0x2000003c   Data           4  bmi088.o(.data)
    q1                                       0x20000040   Data           4  bmi088.o(.data)
    q2                                       0x20000044   Data           4  bmi088.o(.data)
    q3                                       0x20000048   Data           4  bmi088.o(.data)
    pitch                                    0x2000004c   Data           4  bmi088.o(.data)
    ax                                       0x20000050   Data           4  bmi088.o(.data)
    ay                                       0x20000054   Data           4  bmi088.o(.data)
    az                                       0x20000058   Data           4  bmi088.o(.data)
    gx                                       0x2000005c   Data           4  bmi088.o(.data)
    gy                                       0x20000060   Data           4  bmi088.o(.data)
    gz                                       0x20000064   Data           4  bmi088.o(.data)
    temperature                              0x20000068   Data           4  bmi088.o(.data)
    gyro_tx                                  0x2000006c   Data           7  bmi088.o(.data)
    gyro_rx                                  0x20000074   Data           7  bmi088.o(.data)
    accel_tx                                 0x2000007c   Data           8  bmi088.o(.data)
    accel_rx                                 0x20000084   Data           8  bmi088.o(.data)
    .data                                    0x2000008c   Section        4  delay.o(.data)
    g_fac_us                                 0x2000008c   Data           4  delay.o(.data)
    .data                                    0x20000090   Section        4  bmi_dection.o(.data)
    last_rx_time_ms                          0x20000090   Data           4  bmi_dection.o(.data)
    .bss                                     0x20000094   Section       40  can.o(.bss)
    .bss                                     0x200000bc   Section      280  spi.o(.bss)
    .bss                                     0x200001d4   Section      240  usart.o(.bss)
    .bss                                     0x200002c8   Section      120  control.o(.bss)
    pid_yaw                                  0x200002c8   Data          40  control.o(.bss)
    pid_pitch                                0x200002f0   Data          40  control.o(.bss)
    gimbal_motor0                            0x20000318   Data          20  control.o(.bss)
    gimbal_motor1                            0x2000032c   Data          20  control.o(.bss)
    .bss                                     0x20000340   Section       84  receive.o(.bss)
    s_rx_buf                                 0x20000340   Data          64  receive.o(.bss)
    s_vision                                 0x20000380   Data          20  receive.o(.bss)
    .bss                                     0x20000394   Section       96  libspace.o(.bss)
    HEAP                                     0x200003f8   Section      512  startup_stm32f407xx.o(HEAP)
    Heap_Mem                                 0x200003f8   Data         512  startup_stm32f407xx.o(HEAP)
    STACK                                    0x200005f8   Section     1024  startup_stm32f407xx.o(STACK)
    Stack_Mem                                0x200005f8   Data        1024  startup_stm32f407xx.o(STACK)
    __initial_sp                             0x200009f8   Data           0  startup_stm32f407xx.o(STACK)

    Global Symbols

    Symbol Name                              Value     Ov Type        Size  Object(Section)

    BuildAttributes$$THM_ISAv4$E$P$D$K$B$S$7EM$VFPi3$EXTD16$VFPS$VFMA$PE$A:L22UL41UL21$X:L11$S22US41US21$IEEE1$IW$USESV6$~STKCKD$USESV7$~SHL$OTIME$ROPI$IEEEJ$EBA8$UX$STANDARDLIB$REQ8$PRES8$EABIv2 0x00000000   Number         0  anon$$obj.o ABSOLUTE
    __ARM_use_no_argv                        0x00000000   Number         0  main.o ABSOLUTE
    _printf_flags                            0x00000000   Number         0  printf_stubs.o ABSOLUTE
    _printf_return_value                     0x00000000   Number         0  printf_stubs.o ABSOLUTE
    _printf_sizespec                         0x00000000   Number         0  printf_stubs.o ABSOLUTE
    _printf_widthprec                        0x00000000   Number         0  printf_stubs.o ABSOLUTE
    __ARM_exceptions_init                     - Undefined Weak Reference
    __alloca_initialize                       - Undefined Weak Reference
    __arm_fini_                               - Undefined Weak Reference
    __arm_preinit_                            - Undefined Weak Reference
    __cpp_initialize__aeabi_                  - Undefined Weak Reference
    __cxa_finalize                            - Undefined Weak Reference
    __sigvec_lookup                           - Undefined Weak Reference
    _atexit_init                              - Undefined Weak Reference
    _call_atexit_fns                          - Undefined Weak Reference
    _clock_init                               - Undefined Weak Reference
    _fp_trap_init                             - Undefined Weak Reference
    _fp_trap_shutdown                         - Undefined Weak Reference
    _get_lc_collate                           - Undefined Weak Reference
    _get_lc_ctype                             - Undefined Weak Reference
    _get_lc_monetary                          - Undefined Weak Reference
    _get_lc_time                              - Undefined Weak Reference
    _getenv_init                              - Undefined Weak Reference
    _handle_redirection                       - Undefined Weak Reference
    _init_alloc                               - Undefined Weak Reference
    _init_user_alloc                          - Undefined Weak Reference
    _initio                                   - Undefined Weak Reference
    _printf_post_padding                      - Undefined Weak Reference
    _printf_pre_padding                       - Undefined Weak Reference
    _printf_truncate_signed                   - Undefined Weak Reference
    _printf_truncate_unsigned                 - Undefined Weak Reference
    _rand_init                                - Undefined Weak Reference
    _signal_finish                            - Undefined Weak Reference
    _signal_init                              - Undefined Weak Reference
    _terminate_alloc                          - Undefined Weak Reference
    _terminate_user_alloc                     - Undefined Weak Reference
    _terminateio                              - Undefined Weak Reference
    __Vectors_Size                           0x00000188   Number         0  startup_stm32f407xx.o ABSOLUTE
    __Vectors                                0x08000000   Data           4  startup_stm32f407xx.o(RESET)
    __Vectors_End                            0x08000188   Data           0  startup_stm32f407xx.o(RESET)
    __main                                   0x08000189   Thumb Code     8  __main.o(!!!main)
    __scatterload                            0x08000191   Thumb Code     0  __scatter.o(!!!scatter)
    __scatterload_rt2                        0x08000191   Thumb Code    44  __scatter.o(!!!scatter)
    __scatterload_rt2_thumb_only             0x08000191   Thumb Code     0  __scatter.o(!!!scatter)
    __scatterload_null                       0x0800019f   Thumb Code     0  __scatter.o(!!!scatter)
    __scatterload_copy                       0x080001c5   Thumb Code    26  __scatter_copy.o(!!handler_copy)
    __scatterload_zeroinit                   0x080001e1   Thumb Code    28  __scatter_zi.o(!!handler_zi)
    _printf_f                                0x080001fd   Thumb Code     0  _printf_f.o(.ARM.Collect$$_printf_percent$$00000003)
    _printf_percent                          0x080001fd   Thumb Code     0  _printf_percent.o(.ARM.Collect$$_printf_percent$$00000000)
    _printf_d                                0x08000203   Thumb Code     0  _printf_d.o(.ARM.Collect$$_printf_percent$$00000009)
    _printf_u                                0x08000209   Thumb Code     0  _printf_u.o(.ARM.Collect$$_printf_percent$$0000000A)
    _printf_percent_end                      0x0800020f   Thumb Code     0  _printf_percent_end.o(.ARM.Collect$$_printf_percent$$00000017)
    __rt_lib_init                            0x08000213   Thumb Code     0  libinit.o(.ARM.Collect$$libinit$$00000000)
    __rt_lib_init_fp_1                       0x08000215   Thumb Code     0  libinit2.o(.ARM.Collect$$libinit$$00000001)
    __rt_lib_init_heap_1                     0x08000219   Thumb Code     0  libinit2.o(.ARM.Collect$$libinit$$0000000A)
    __rt_lib_init_lc_common                  0x08000219   Thumb Code     0  libinit2.o(.ARM.Collect$$libinit$$0000000F)
    __rt_lib_init_preinit_1                  0x08000219   Thumb Code     0  libinit2.o(.ARM.Collect$$libinit$$00000004)
    __rt_lib_init_rand_1                     0x08000219   Thumb Code     0  libinit2.o(.ARM.Collect$$libinit$$0000000E)
    __rt_lib_init_user_alloc_1               0x08000219   Thumb Code     0  libinit2.o(.ARM.Collect$$libinit$$0000000C)
    __rt_lib_init_lc_collate_1               0x0800021f   Thumb Code     0  libinit2.o(.ARM.Collect$$libinit$$00000011)
    __rt_lib_init_lc_ctype_1                 0x0800021f   Thumb Code     0  libinit2.o(.ARM.Collect$$libinit$$00000013)
    __rt_lib_init_lc_monetary_1              0x0800021f   Thumb Code     0  libinit2.o(.ARM.Collect$$libinit$$00000015)
    __rt_lib_init_lc_numeric_2               0x0800021f   Thumb Code     0  libinit2.o(.ARM.Collect$$libinit$$00000016)
    __rt_lib_init_alloca_1                   0x08000229   Thumb Code     0  libinit2.o(.ARM.Collect$$libinit$$0000002E)
    __rt_lib_init_argv_1                     0x08000229   Thumb Code     0  libinit2.o(.ARM.Collect$$libinit$$0000002C)
    __rt_lib_init_atexit_1                   0x08000229   Thumb Code     0  libinit2.o(.ARM.Collect$$libinit$$0000001B)
    __rt_lib_init_clock_1                    0x08000229   Thumb Code     0  libinit2.o(.ARM.Collect$$libinit$$00000021)
    __rt_lib_init_cpp_1                      0x08000229   Thumb Code     0  libinit2.o(.ARM.Collect$$libinit$$00000032)
    __rt_lib_init_exceptions_1               0x08000229   Thumb Code     0  libinit2.o(.ARM.Collect$$libinit$$00000030)
    __rt_lib_init_fp_trap_1                  0x08000229   Thumb Code     0  libinit2.o(.ARM.Collect$$libinit$$0000001F)
    __rt_lib_init_getenv_1                   0x08000229   Thumb Code     0  libinit2.o(.ARM.Collect$$libinit$$00000023)
    __rt_lib_init_lc_numeric_1               0x08000229   Thumb Code     0  libinit2.o(.ARM.Collect$$libinit$$00000017)
    __rt_lib_init_lc_time_1                  0x08000229   Thumb Code     0  libinit2.o(.ARM.Collect$$libinit$$00000019)
    __rt_lib_init_return                     0x08000229   Thumb Code     0  libinit2.o(.ARM.Collect$$libinit$$00000033)
    __rt_lib_init_signal_1                   0x08000229   Thumb Code     0  libinit2.o(.ARM.Collect$$libinit$$0000001D)
    __rt_lib_init_stdio_1                    0x08000229   Thumb Code     0  libinit2.o(.ARM.Collect$$libinit$$00000025)
    __rt_lib_shutdown                        0x0800022b   Thumb Code     0  libshutdown.o(.ARM.Collect$$libshutdown$$00000000)
    __rt_lib_shutdown_cpp_1                  0x0800022d   Thumb Code     0  libshutdown2.o(.ARM.Collect$$libshutdown$$00000004)
    __rt_lib_shutdown_fini_1                 0x0800022d   Thumb Code     0  libshutdown2.o(.ARM.Collect$$libshutdown$$00000002)
    __rt_lib_shutdown_fp_trap_1              0x0800022d   Thumb Code     0  libshutdown2.o(.ARM.Collect$$libshutdown$$00000009)
    __rt_lib_shutdown_heap_1                 0x0800022d   Thumb Code     0  libshutdown2.o(.ARM.Collect$$libshutdown$$00000011)
    __rt_lib_shutdown_return                 0x0800022d   Thumb Code     0  libshutdown2.o(.ARM.Collect$$libshutdown$$00000012)
    __rt_lib_shutdown_signal_1               0x0800022d   Thumb Code     0  libshutdown2.o(.ARM.Collect$$libshutdown$$0000000C)
    __rt_lib_shutdown_stdio_1                0x0800022d   Thumb Code     0  libshutdown2.o(.ARM.Collect$$libshutdown$$00000006)
    __rt_lib_shutdown_user_alloc_1           0x0800022d   Thumb Code     0  libshutdown2.o(.ARM.Collect$$libshutdown$$0000000E)
    __rt_entry                               0x0800022f   Thumb Code     0  __rtentry.o(.ARM.Collect$$rtentry$$00000000)
    __rt_entry_presh_1                       0x0800022f   Thumb Code     0  __rtentry2.o(.ARM.Collect$$rtentry$$00000002)
    __rt_entry_sh                            0x0800022f   Thumb Code     0  __rtentry4.o(.ARM.Collect$$rtentry$$00000004)
    __rt_entry_li                            0x08000235   Thumb Code     0  __rtentry2.o(.ARM.Collect$$rtentry$$0000000A)
    __rt_entry_postsh_1                      0x08000235   Thumb Code     0  __rtentry2.o(.ARM.Collect$$rtentry$$00000009)
    __rt_entry_main                          0x08000239   Thumb Code     0  __rtentry2.o(.ARM.Collect$$rtentry$$0000000D)
    __rt_entry_postli_1                      0x08000239   Thumb Code     0  __rtentry2.o(.ARM.Collect$$rtentry$$0000000C)
    __rt_exit                                0x08000241   Thumb Code     0  rtexit.o(.ARM.Collect$$rtexit$$00000000)
    __rt_exit_ls                             0x08000243   Thumb Code     0  rtexit2.o(.ARM.Collect$$rtexit$$00000003)
    __rt_exit_prels_1                        0x08000243   Thumb Code     0  rtexit2.o(.ARM.Collect$$rtexit$$00000002)
    __rt_exit_exit                           0x08000247   Thumb Code     0  rtexit2.o(.ARM.Collect$$rtexit$$00000004)
    Reset_Handler                            0x0800024d   Thumb Code     8  startup_stm32f407xx.o(.text)
    ADC_IRQHandler                           0x08000267   Thumb Code     0  startup_stm32f407xx.o(.text)
    CAN2_RX0_IRQHandler                      0x08000267   Thumb Code     0  startup_stm32f407xx.o(.text)
    CAN2_RX1_IRQHandler                      0x08000267   Thumb Code     0  startup_stm32f407xx.o(.text)
    CAN2_SCE_IRQHandler                      0x08000267   Thumb Code     0  startup_stm32f407xx.o(.text)
    CAN2_TX_IRQHandler                       0x08000267   Thumb Code     0  startup_stm32f407xx.o(.text)
    DCMI_IRQHandler                          0x08000267   Thumb Code     0  startup_stm32f407xx.o(.text)
    DMA1_Stream0_IRQHandler                  0x08000267   Thumb Code     0  startup_stm32f407xx.o(.text)
    DMA1_Stream1_IRQHandler                  0x08000267   Thumb Code     0  startup_stm32f407xx.o(.text)
    DMA1_Stream2_IRQHandler                  0x08000267   Thumb Code     0  startup_stm32f407xx.o(.text)
    DMA1_Stream3_IRQHandler                  0x08000267   Thumb Code     0  startup_stm32f407xx.o(.text)
    DMA1_Stream4_IRQHandler                  0x08000267   Thumb Code     0  startup_stm32f407xx.o(.text)
    DMA1_Stream5_IRQHandler                  0x08000267   Thumb Code     0  startup_stm32f407xx.o(.text)
    DMA1_Stream6_IRQHandler                  0x08000267   Thumb Code     0  startup_stm32f407xx.o(.text)
    DMA1_Stream7_IRQHandler                  0x08000267   Thumb Code     0  startup_stm32f407xx.o(.text)
    DMA2_Stream2_IRQHandler                  0x08000267   Thumb Code     0  startup_stm32f407xx.o(.text)
    DMA2_Stream4_IRQHandler                  0x08000267   Thumb Code     0  startup_stm32f407xx.o(.text)
    DMA2_Stream5_IRQHandler                  0x08000267   Thumb Code     0  startup_stm32f407xx.o(.text)
    DMA2_Stream6_IRQHandler                  0x08000267   Thumb Code     0  startup_stm32f407xx.o(.text)
    DMA2_Stream7_IRQHandler                  0x08000267   Thumb Code     0  startup_stm32f407xx.o(.text)
    ETH_IRQHandler                           0x08000267   Thumb Code     0  startup_stm32f407xx.o(.text)
    ETH_WKUP_IRQHandler                      0x08000267   Thumb Code     0  startup_stm32f407xx.o(.text)
    EXTI0_IRQHandler                         0x08000267   Thumb Code     0  startup_stm32f407xx.o(.text)
    EXTI15_10_IRQHandler                     0x08000267   Thumb Code     0  startup_stm32f407xx.o(.text)
    EXTI1_IRQHandler                         0x08000267   Thumb Code     0  startup_stm32f407xx.o(.text)
    EXTI2_IRQHandler                         0x08000267   Thumb Code     0  startup_stm32f407xx.o(.text)
    EXTI3_IRQHandler                         0x08000267   Thumb Code     0  startup_stm32f407xx.o(.text)
    FLASH_IRQHandler                         0x08000267   Thumb Code     0  startup_stm32f407xx.o(.text)
    FMC_IRQHandler                           0x08000267   Thumb Code     0  startup_stm32f407xx.o(.text)
    FPU_IRQHandler                           0x08000267   Thumb Code     0  startup_stm32f407xx.o(.text)
    HASH_RNG_IRQHandler                      0x08000267   Thumb Code     0  startup_stm32f407xx.o(.text)
    I2C1_ER_IRQHandler                       0x08000267   Thumb Code     0  startup_stm32f407xx.o(.text)
    I2C1_EV_IRQHandler                       0x08000267   Thumb Code     0  startup_stm32f407xx.o(.text)
    I2C2_ER_IRQHandler                       0x08000267   Thumb Code     0  startup_stm32f407xx.o(.text)
    I2C2_EV_IRQHandler                       0x08000267   Thumb Code     0  startup_stm32f407xx.o(.text)
    I2C3_ER_IRQHandler                       0x08000267   Thumb Code     0  startup_stm32f407xx.o(.text)
    I2C3_EV_IRQHandler                       0x08000267   Thumb Code     0  startup_stm32f407xx.o(.text)
    OTG_FS_IRQHandler                        0x08000267   Thumb Code     0  startup_stm32f407xx.o(.text)
    OTG_FS_WKUP_IRQHandler                   0x08000267   Thumb Code     0  startup_stm32f407xx.o(.text)
    OTG_HS_EP1_IN_IRQHandler                 0x08000267   Thumb Code     0  startup_stm32f407xx.o(.text)
    OTG_HS_EP1_OUT_IRQHandler                0x08000267   Thumb Code     0  startup_stm32f407xx.o(.text)
    OTG_HS_IRQHandler                        0x08000267   Thumb Code     0  startup_stm32f407xx.o(.text)
    OTG_HS_WKUP_IRQHandler                   0x08000267   Thumb Code     0  startup_stm32f407xx.o(.text)
    PVD_IRQHandler                           0x08000267   Thumb Code     0  startup_stm32f407xx.o(.text)
    RCC_IRQHandler                           0x08000267   Thumb Code     0  startup_stm32f407xx.o(.text)
    RTC_Alarm_IRQHandler                     0x08000267   Thumb Code     0  startup_stm32f407xx.o(.text)
    RTC_WKUP_IRQHandler                      0x08000267   Thumb Code     0  startup_stm32f407xx.o(.text)
    SDIO_IRQHandler                          0x08000267   Thumb Code     0  startup_stm32f407xx.o(.text)
    SPI2_IRQHandler                          0x08000267   Thumb Code     0  startup_stm32f407xx.o(.text)
    SPI3_IRQHandler                          0x08000267   Thumb Code     0  startup_stm32f407xx.o(.text)
    TAMP_STAMP_IRQHandler                    0x08000267   Thumb Code     0  startup_stm32f407xx.o(.text)
    TIM1_BRK_TIM9_IRQHandler                 0x08000267   Thumb Code     0  startup_stm32f407xx.o(.text)
    TIM1_CC_IRQHandler                       0x08000267   Thumb Code     0  startup_stm32f407xx.o(.text)
    TIM1_TRG_COM_TIM11_IRQHandler            0x08000267   Thumb Code     0  startup_stm32f407xx.o(.text)
    TIM1_UP_TIM10_IRQHandler                 0x08000267   Thumb Code     0  startup_stm32f407xx.o(.text)
    TIM2_IRQHandler                          0x08000267   Thumb Code     0  startup_stm32f407xx.o(.text)
    TIM3_IRQHandler                          0x08000267   Thumb Code     0  startup_stm32f407xx.o(.text)
    TIM4_IRQHandler                          0x08000267   Thumb Code     0  startup_stm32f407xx.o(.text)
    TIM5_IRQHandler                          0x08000267   Thumb Code     0  startup_stm32f407xx.o(.text)
    TIM6_DAC_IRQHandler                      0x08000267   Thumb Code     0  startup_stm32f407xx.o(.text)
    TIM7_IRQHandler                          0x08000267   Thumb Code     0  startup_stm32f407xx.o(.text)
    TIM8_BRK_TIM12_IRQHandler                0x08000267   Thumb Code     0  startup_stm32f407xx.o(.text)
    TIM8_CC_IRQHandler                       0x08000267   Thumb Code     0  startup_stm32f407xx.o(.text)
    TIM8_TRG_COM_TIM14_IRQHandler            0x08000267   Thumb Code     0  startup_stm32f407xx.o(.text)
    TIM8_UP_TIM13_IRQHandler                 0x08000267   Thumb Code     0  startup_stm32f407xx.o(.text)
    UART4_IRQHandler                         0x08000267   Thumb Code     0  startup_stm32f407xx.o(.text)
    UART5_IRQHandler                         0x08000267   Thumb Code     0  startup_stm32f407xx.o(.text)
    USART1_IRQHandler                        0x08000267   Thumb Code     0  startup_stm32f407xx.o(.text)
    USART2_IRQHandler                        0x08000267   Thumb Code     0  startup_stm32f407xx.o(.text)
    USART3_IRQHandler                        0x08000267   Thumb Code     0  startup_stm32f407xx.o(.text)
    WWDG_IRQHandler                          0x08000267   Thumb Code     0  startup_stm32f407xx.o(.text)
    __user_initial_stackheap                 0x08000269   Thumb Code     0  startup_stm32f407xx.o(.text)
    __aeabi_uldivmod                         0x0800028d   Thumb Code     0  lludivv7m.o(.text)
    _ll_udiv                                 0x0800028d   Thumb Code   238  lludivv7m.o(.text)
    __2snprintf                              0x0800037d   Thumb Code    50  __2snprintf.o(.text)
    _printf_int_dec                          0x080003b5   Thumb Code   104  _printf_dec.o(.text)
    __printf                                 0x0800042d   Thumb Code   270  __printf_wp.o(.text)
    __aeabi_memclr4                          0x0800053b   Thumb Code     0  rt_memclr_w.o(.text)
    __aeabi_memclr8                          0x0800053b   Thumb Code     0  rt_memclr_w.o(.text)
    __rt_memclr_w                            0x0800053b   Thumb Code    78  rt_memclr_w.o(.text)
    _memset_w                                0x0800053f   Thumb Code     0  rt_memclr_w.o(.text)
    __use_two_region_memory                  0x08000589   Thumb Code     2  heapauxi.o(.text)
    __rt_heap_escrow$2region                 0x0800058b   Thumb Code     2  heapauxi.o(.text)
    __rt_heap_expand$2region                 0x0800058d   Thumb Code     2  heapauxi.o(.text)
    _printf_int_common                       0x0800058f   Thumb Code   178  _printf_intcommon.o(.text)
    __lib_sel_fp_printf                      0x08000641   Thumb Code     2  _printf_fp_dec.o(.text)
    _printf_fp_dec_real                      0x080007f3   Thumb Code   620  _printf_fp_dec.o(.text)
    _printf_char_common                      0x08000a6b   Thumb Code    32  _printf_char_common.o(.text)
    _sputc                                   0x08000a91   Thumb Code    10  _sputc.o(.text)
    _snputc                                  0x08000a9b   Thumb Code    16  _snputc.o(.text)
    __rt_locale                              0x08000aad   Thumb Code     8  rt_locale_intlibspace.o(.text)
    _ll_udiv10                               0x08000ab5   Thumb Code   138  lludiv10.o(.text)
    _printf_fp_infnan                        0x08000b41   Thumb Code   112  _printf_fp_infnan.o(.text)
    _btod_etento                             0x08000bc1   Thumb Code   224  bigflt0.o(.text)
    __user_libspace                          0x08000ca5   Thumb Code     8  libspace.o(.text)
    __user_perproc_libspace                  0x08000ca5   Thumb Code     0  libspace.o(.text)
    __user_perthread_libspace                0x08000ca5   Thumb Code     0  libspace.o(.text)
    __user_setup_stackheap                   0x08000cad   Thumb Code    74  sys_stackheap_outer.o(.text)
    exit                                     0x08000cf7   Thumb Code    18  exit.o(.text)
    strcmp                                   0x08000d09   Thumb Code   128  strcmpv7m.o(.text)
    _sys_exit                                0x08000d89   Thumb Code     8  sys_exit.o(.text)
    __I$use$semihosting                      0x08000d95   Thumb Code     0  use_no_semi.o(.text)
    __use_no_semihosting_swi                 0x08000d95   Thumb Code     2  use_no_semi.o(.text)
    __semihosting_library_function           0x08000d97   Thumb Code     0  indicate_semi.o(.text)
    _btod_d2e                                0x08000d97   Thumb Code    62  btod.o(CL$$btod_d2e)
    _d2e_denorm_low                          0x08000dd5   Thumb Code    70  btod.o(CL$$btod_d2e_denorm_low)
    _d2e_norm_op1                            0x08000e1b   Thumb Code    96  btod.o(CL$$btod_d2e_norm_op1)
    __btod_div_common                        0x08000e7b   Thumb Code   696  btod.o(CL$$btod_div_common)
    _e2e                                     0x080011b3   Thumb Code   220  btod.o(CL$$btod_e2e)
    _btod_ediv                               0x0800128f   Thumb Code    42  btod.o(CL$$btod_ediv)
    _btod_emul                               0x080012b9   Thumb Code    42  btod.o(CL$$btod_emul)
    __btod_mult_common                       0x080012e3   Thumb Code   580  btod.o(CL$$btod_mult_common)
    BMI088_GetPitch                          0x08001529   Thumb Code     8  bmi088.o(i.BMI088_GetPitch)
    BMI088_GetYaw                            0x08001535   Thumb Code     8  bmi088.o(i.BMI088_GetYaw)
    BusFault_Handler                         0x08001541   Thumb Code     2  stm32f4xx_it.o(i.BusFault_Handler)
    CAN1_RX0_IRQHandler                      0x08001545   Thumb Code     6  stm32f4xx_it.o(i.CAN1_RX0_IRQHandler)
    CAN1_RX1_IRQHandler                      0x08001551   Thumb Code     6  stm32f4xx_it.o(i.CAN1_RX1_IRQHandler)
    CAN1_SCE_IRQHandler                      0x0800155d   Thumb Code     6  stm32f4xx_it.o(i.CAN1_SCE_IRQHandler)
    CAN1_TX_IRQHandler                       0x08001569   Thumb Code     6  stm32f4xx_it.o(i.CAN1_TX_IRQHandler)
    Control_Proc                             0x08001575   Thumb Code   258  control.o(i.Control_Proc)
    DMA2_Stream0_IRQHandler                  0x0800168d   Thumb Code     6  stm32f4xx_it.o(i.DMA2_Stream0_IRQHandler)
    DMA2_Stream1_IRQHandler                  0x08001699   Thumb Code     6  stm32f4xx_it.o(i.DMA2_Stream1_IRQHandler)
    DMA2_Stream3_IRQHandler                  0x080016a5   Thumb Code     6  stm32f4xx_it.o(i.DMA2_Stream3_IRQHandler)
    DebugMon_Handler                         0x08001755   Thumb Code     2  stm32f4xx_it.o(i.DebugMon_Handler)
    Delay_Init                               0x08001759   Thumb Code    16  delay.o(i.Delay_Init)
    EXTI4_IRQHandler                         0x08001775   Thumb Code     6  stm32f4xx_it.o(i.EXTI4_IRQHandler)
    EXTI9_5_IRQHandler                       0x0800177b   Thumb Code     6  stm32f4xx_it.o(i.EXTI9_5_IRQHandler)
    Error_Handler                            0x08001781   Thumb Code     4  main.o(i.Error_Handler)
    GetUs                                    0x08001785   Thumb Code    66  delay.o(i.GetUs)
    HAL_CAN_AddTxMessage                     0x080017cd   Thumb Code   208  stm32f4xx_hal_can.o(i.HAL_CAN_AddTxMessage)
    HAL_CAN_ErrorCallback                    0x0800189d   Thumb Code     2  stm32f4xx_hal_can.o(i.HAL_CAN_ErrorCallback)
    HAL_CAN_GetTxMailboxesFreeLevel          0x0800189f   Thumb Code    44  stm32f4xx_hal_can.o(i.HAL_CAN_GetTxMailboxesFreeLevel)
    HAL_CAN_IRQHandler                       0x080018cb   Thumb Code   508  stm32f4xx_hal_can.o(i.HAL_CAN_IRQHandler)
    HAL_CAN_Init                             0x08001ac7   Thumb Code   282  stm32f4xx_hal_can.o(i.HAL_CAN_Init)
    HAL_CAN_MspInit                          0x08001be1   Thumb Code   154  can.o(i.HAL_CAN_MspInit)
    HAL_CAN_RxFifo0FullCallback              0x08001c89   Thumb Code     2  stm32f4xx_hal_can.o(i.HAL_CAN_RxFifo0FullCallback)
    HAL_CAN_RxFifo0MsgPendingCallback        0x08001c8b   Thumb Code     2  stm32f4xx_hal_can.o(i.HAL_CAN_RxFifo0MsgPendingCallback)
    HAL_CAN_RxFifo1FullCallback              0x08001c8d   Thumb Code     2  stm32f4xx_hal_can.o(i.HAL_CAN_RxFifo1FullCallback)
    HAL_CAN_RxFifo1MsgPendingCallback        0x08001c8f   Thumb Code     2  stm32f4xx_hal_can.o(i.HAL_CAN_RxFifo1MsgPendingCallback)
    HAL_CAN_SleepCallback                    0x08001c91   Thumb Code     2  stm32f4xx_hal_can.o(i.HAL_CAN_SleepCallback)
    HAL_CAN_TxMailbox0AbortCallback          0x08001c93   Thumb Code     2  stm32f4xx_hal_can.o(i.HAL_CAN_TxMailbox0AbortCallback)
    HAL_CAN_TxMailbox0CompleteCallback       0x08001c95   Thumb Code     2  stm32f4xx_hal_can.o(i.HAL_CAN_TxMailbox0CompleteCallback)
    HAL_CAN_TxMailbox1AbortCallback          0x08001c97   Thumb Code     2  stm32f4xx_hal_can.o(i.HAL_CAN_TxMailbox1AbortCallback)
    HAL_CAN_TxMailbox1CompleteCallback       0x08001c99   Thumb Code     2  stm32f4xx_hal_can.o(i.HAL_CAN_TxMailbox1CompleteCallback)
    HAL_CAN_TxMailbox2AbortCallback          0x08001c9b   Thumb Code     2  stm32f4xx_hal_can.o(i.HAL_CAN_TxMailbox2AbortCallback)
    HAL_CAN_TxMailbox2CompleteCallback       0x08001c9d   Thumb Code     2  stm32f4xx_hal_can.o(i.HAL_CAN_TxMailbox2CompleteCallback)
    HAL_CAN_WakeUpFromRxMsgCallback          0x08001c9f   Thumb Code     2  stm32f4xx_hal_can.o(i.HAL_CAN_WakeUpFromRxMsgCallback)
    HAL_DMA_Abort                            0x08001ca1   Thumb Code   146  stm32f4xx_hal_dma.o(i.HAL_DMA_Abort)
    HAL_DMA_Abort_IT                         0x08001d33   Thumb Code    36  stm32f4xx_hal_dma.o(i.HAL_DMA_Abort_IT)
    HAL_DMA_IRQHandler                       0x08001d59   Thumb Code   412  stm32f4xx_hal_dma.o(i.HAL_DMA_IRQHandler)
    HAL_DMA_Init                             0x08001ef9   Thumb Code   206  stm32f4xx_hal_dma.o(i.HAL_DMA_Init)
    HAL_DMA_Start_IT                         0x08001fcd   Thumb Code   110  stm32f4xx_hal_dma.o(i.HAL_DMA_Start_IT)
    HAL_GPIO_EXTI_Callback                   0x0800203d   Thumb Code    50  bmi088.o(i.HAL_GPIO_EXTI_Callback)
    HAL_GPIO_EXTI_IRQHandler                 0x0800207d   Thumb Code    18  stm32f4xx_hal_gpio.o(i.HAL_GPIO_EXTI_IRQHandler)
    HAL_GPIO_Init                            0x08002095   Thumb Code   450  stm32f4xx_hal_gpio.o(i.HAL_GPIO_Init)
    HAL_GPIO_WritePin                        0x08002285   Thumb Code    10  stm32f4xx_hal_gpio.o(i.HAL_GPIO_WritePin)
    HAL_GetTick                              0x08002291   Thumb Code     6  stm32f4xx_hal.o(i.HAL_GetTick)
    HAL_IncTick                              0x0800229d   Thumb Code    12  stm32f4xx_hal.o(i.HAL_IncTick)
    HAL_Init                                 0x080022ad   Thumb Code    48  stm32f4xx_hal.o(i.HAL_Init)
    HAL_InitTick                             0x080022e1   Thumb Code    54  stm32f4xx_hal.o(i.HAL_InitTick)
    HAL_MspInit                              0x08002321   Thumb Code    42  stm32f4xx_hal_msp.o(i.HAL_MspInit)
    HAL_NVIC_EnableIRQ                       0x08002351   Thumb Code    26  stm32f4xx_hal_cortex.o(i.HAL_NVIC_EnableIRQ)
    HAL_NVIC_SetPriority                     0x0800236d   Thumb Code    60  stm32f4xx_hal_cortex.o(i.HAL_NVIC_SetPriority)
    HAL_NVIC_SetPriorityGrouping             0x080023ad   Thumb Code    26  stm32f4xx_hal_cortex.o(i.HAL_NVIC_SetPriorityGrouping)
    HAL_RCC_ClockConfig                      0x080023d1   Thumb Code   288  stm32f4xx_hal_rcc.o(i.HAL_RCC_ClockConfig)
    HAL_RCC_GetPCLK1Freq                     0x08002505   Thumb Code    20  stm32f4xx_hal_rcc.o(i.HAL_RCC_GetPCLK1Freq)
    HAL_RCC_GetPCLK2Freq                     0x08002525   Thumb Code    20  stm32f4xx_hal_rcc.o(i.HAL_RCC_GetPCLK2Freq)
    HAL_RCC_GetSysClockFreq                  0x08002545   Thumb Code    88  stm32f4xx_hal_rcc.o(i.HAL_RCC_GetSysClockFreq)
    HAL_RCC_OscConfig                        0x080025a9   Thumb Code   856  stm32f4xx_hal_rcc.o(i.HAL_RCC_OscConfig)
    HAL_SPI_ErrorCallback                    0x08002915   Thumb Code     2  stm32f4xx_hal_spi.o(i.HAL_SPI_ErrorCallback)
    HAL_SPI_IRQHandler                       0x08002919   Thumb Code   246  stm32f4xx_hal_spi.o(i.HAL_SPI_IRQHandler)
    HAL_SPI_Init                             0x08002a15   Thumb Code   188  stm32f4xx_hal_spi.o(i.HAL_SPI_Init)
    HAL_SPI_MspInit                          0x08002ad1   Thumb Code   246  spi.o(i.HAL_SPI_MspInit)
    HAL_SPI_RxCpltCallback                   0x08002be1   Thumb Code     2  stm32f4xx_hal_spi.o(i.HAL_SPI_RxCpltCallback)
    HAL_SPI_RxHalfCpltCallback               0x08002be3   Thumb Code     2  stm32f4xx_hal_spi.o(i.HAL_SPI_RxHalfCpltCallback)
    HAL_SPI_TransmitReceive_DMA              0x08002be5   Thumb Code   252  stm32f4xx_hal_spi.o(i.HAL_SPI_TransmitReceive_DMA)
    HAL_SPI_TxRxCpltCallback                 0x08002cf5   Thumb Code   206  bmi088.o(i.HAL_SPI_TxRxCpltCallback)
    HAL_SPI_TxRxHalfCpltCallback             0x08002de1   Thumb Code     2  stm32f4xx_hal_spi.o(i.HAL_SPI_TxRxHalfCpltCallback)
    HAL_SYSTICK_Config                       0x08002de3   Thumb Code    40  stm32f4xx_hal_cortex.o(i.HAL_SYSTICK_Config)
    HAL_UARTEx_ReceiveToIdle_DMA             0x08002e0b   Thumb Code    74  stm32f4xx_hal_uart.o(i.HAL_UARTEx_ReceiveToIdle_DMA)
    HAL_UARTEx_RxEventCallback               0x08002e55   Thumb Code    40  receive.o(i.HAL_UARTEx_RxEventCallback)
    HAL_UART_ErrorCallback                   0x08002e89   Thumb Code     2  stm32f4xx_hal_uart.o(i.HAL_UART_ErrorCallback)
    HAL_UART_IRQHandler                      0x08002e8d   Thumb Code   636  stm32f4xx_hal_uart.o(i.HAL_UART_IRQHandler)
    HAL_UART_Init                            0x0800310d   Thumb Code   100  stm32f4xx_hal_uart.o(i.HAL_UART_Init)
    HAL_UART_MspInit                         0x08003171   Thumb Code   242  usart.o(i.HAL_UART_MspInit)
    HAL_UART_RxCpltCallback                  0x08003285   Thumb Code     2  stm32f4xx_hal_uart.o(i.HAL_UART_RxCpltCallback)
    HAL_UART_RxHalfCpltCallback              0x08003287   Thumb Code     2  stm32f4xx_hal_uart.o(i.HAL_UART_RxHalfCpltCallback)
    HAL_UART_Transmit                        0x08003289   Thumb Code   160  stm32f4xx_hal_uart.o(i.HAL_UART_Transmit)
    HAL_UART_TxCpltCallback                  0x08003329   Thumb Code     2  stm32f4xx_hal_uart.o(i.HAL_UART_TxCpltCallback)
    HardFault_Handler                        0x0800332b   Thumb Code     2  stm32f4xx_it.o(i.HardFault_Handler)
    MX_CAN1_Init                             0x0800332d   Thumb Code    60  can.o(i.MX_CAN1_Init)
    MX_DMA_Init                              0x08003371   Thumb Code    72  dma.o(i.MX_DMA_Init)
    MX_GPIO_Init                             0x080033bd   Thumb Code   340  gpio.o(i.MX_GPIO_Init)
    MX_SPI1_Init                             0x08003525   Thumb Code    64  spi.o(i.MX_SPI1_Init)
    MX_USART1_UART_Init                      0x0800356d   Thumb Code    48  usart.o(i.MX_USART1_UART_Init)
    MX_USART6_UART_Init                      0x080035a5   Thumb Code    48  usart.o(i.MX_USART6_UART_Init)
    MemManage_Handler                        0x080035dd   Thumb Code     2  stm32f4xx_it.o(i.MemManage_Handler)
    NMI_Handler                              0x080035df   Thumb Code     2  stm32f4xx_it.o(i.NMI_Handler)
    PID_ChangeSP                             0x080035e1   Thumb Code     6  pid.o(i.PID_ChangeSP)
    PID_Compute                              0x080035e9   Thumb Code   226  pid.o(i.PID_Compute)
    PendSV_Handler                           0x080036d5   Thumb Code     2  stm32f4xx_it.o(i.PendSV_Handler)
    QD4310_SendCommand                       0x080036f9   Thumb Code    76  qd4310.o(i.QD4310_SendCommand)
    QD4310_SetSpeed                          0x08003749   Thumb Code    62  qd4310.o(i.QD4310_SetSpeed)
    SPI1_IRQHandler                          0x08003795   Thumb Code     6  stm32f4xx_it.o(i.SPI1_IRQHandler)
    SVC_Handler                              0x08003a31   Thumb Code     2  stm32f4xx_it.o(i.SVC_Handler)
    SetGimbal0Speed                          0x08003a35   Thumb Code     6  control.o(i.SetGimbal0Speed)
    SetGimbal1Speed                          0x08003a41   Thumb Code     6  control.o(i.SetGimbal1Speed)
    SysTick_Handler                          0x08003a4d   Thumb Code     4  stm32f4xx_it.o(i.SysTick_Handler)
    SystemClock_Config                       0x08003a51   Thumb Code   140  main.o(i.SystemClock_Config)
    SystemInit                               0x08003ae5   Thumb Code    12  system_stm32f4xx.o(i.SystemInit)
    UART_Start_Receive_DMA                   0x08003e29   Thumb Code   146  stm32f4xx_hal_uart.o(i.UART_Start_Receive_DMA)
    USART1_Proc                              0x08003f3d   Thumb Code   100  bmi_dection.o(i.USART1_Proc)
    USART6_IRQHandler                        0x08003fe9   Thumb Code     6  stm32f4xx_it.o(i.USART6_IRQHandler)
    UsageFault_Handler                       0x08003ff5   Thumb Code     2  stm32f4xx_it.o(i.UsageFault_Handler)
    Vision_GetErr                            0x08003ff9   Thumb Code     4  receive.o(i.Vision_GetErr)
    Vision_Init                              0x08004001   Thumb Code    28  receive.o(i.Vision_Init)
    Vision_IsOnline                          0x08004025   Thumb Code    26  receive.o(i.Vision_IsOnline)
    __ARM_fpclassify                         0x08004045   Thumb Code    48  fpclassify.o(i.__ARM_fpclassify)
    _is_digit                                0x08004095   Thumb Code    14  __printf_wp.o(i._is_digit)
    main                                     0x08004101   Thumb Code    54  main.o(i.main)
    qasin                                    0x080044bd   Thumb Code    66  qmath.o(i.qasin)
    qatan                                    0x08004509   Thumb Code    66  qmath.o(i.qatan)
    qatan2                                   0x08004555   Thumb Code   110  qmath.o(i.qatan2)
    _get_lc_numeric                          0x0800468d   Thumb Code    44  lc_numeric_c.o(locale$$code)
    __fpl_dretinf                            0x080046b9   Thumb Code    12  dretinf.o(x$fpl$dretinf)
    __aeabi_f2d                              0x080046c5   Thumb Code     0  f2d.o(x$fpl$f2d)
    _f2d                                     0x080046c5   Thumb Code    86  f2d.o(x$fpl$f2d)
    __aeabi_ul2f                             0x0800471b   Thumb Code     0  ffltll_clz.o(x$fpl$ffltll)
    _ll_uto_f                                0x0800471b   Thumb Code     6  ffltll_clz.o(x$fpl$ffltll)
    __aeabi_l2f                              0x08004721   Thumb Code     0  ffltll_clz.o(x$fpl$ffltll)
    _ll_sto_f                                0x08004721   Thumb Code    90  ffltll_clz.o(x$fpl$ffltll)
    __fpl_fnaninf                            0x0800477b   Thumb Code   140  fnaninf.o(x$fpl$fnaninf)
    _fp_init                                 0x08004807   Thumb Code    10  fpinit.o(x$fpl$fpinit)
    __fplib_config_fpu_vfp                   0x0800480f   Thumb Code     0  fpinit.o(x$fpl$fpinit)
    __fplib_config_pureend_doubles           0x0800480f   Thumb Code     0  fpinit.o(x$fpl$fpinit)
    _printf_fp_dec                           0x08004811   Thumb Code     4  printf1.o(x$fpl$printf1)
    __I$use$fp                               0x08004814   Number         0  usenofp.o(x$fpl$usenofp)
    AHBPrescTable                            0x0800481c   Data          16  system_stm32f4xx.o(.constdata)
    APBPrescTable                            0x0800482c   Data           8  system_stm32f4xx.o(.constdata)
    Region$$Table$$Base                      0x080068c8   Number         0  anon$$obj.o(Region$$Table)
    Region$$Table$$Limit                     0x080068e8   Number         0  anon$$obj.o(Region$$Table)
    uwTickFreq                               0x20000000   Data           1  stm32f4xx_hal.o(.data)
    uwTickPrio                               0x20000004   Data           4  stm32f4xx_hal.o(.data)
    uwTick                                   0x20000008   Data           4  stm32f4xx_hal.o(.data)
    SystemCoreClock                          0x2000000c   Data           4  system_stm32f4xx.o(.data)
    hcan1                                    0x20000094   Data          40  can.o(.bss)
    hspi1                                    0x200000bc   Data          88  spi.o(.bss)
    hdma_spi1_tx                             0x20000114   Data          96  spi.o(.bss)
    hdma_spi1_rx                             0x20000174   Data          96  spi.o(.bss)
    huart1                                   0x200001d4   Data          72  usart.o(.bss)
    huart6                                   0x2000021c   Data          72  usart.o(.bss)
    hdma_usart6_rx                           0x20000264   Data          96  usart.o(.bss)
    __libspace_start                         0x20000394   Data          96  libspace.o(.bss)
    __temporary_stack_top$libspace           0x200003f4   Data           0  libspace.o(.bss)



==============================================================================

Memory Map of the image

  Image Entry point : 0x08000189

  Load Region LR_IROM1 (Base: 0x08000000, Size: 0x00006998, Max: 0x00100000, ABSOLUTE)

    Execution Region ER_IROM1 (Exec base: 0x08000000, Load base: 0x08000000, Size: 0x00006904, Max: 0x00100000, ABSOLUTE)

    Exec Addr    Load Addr    Size         Type   Attr      Idx    E Section Name        Object

    0x08000000   0x08000000   0x00000188   Data   RO            3    RESET               startup_stm32f407xx.o
    0x08000188   0x08000188   0x00000008   Code   RO         3321  * !!!main             c_w.l(__main.o)
    0x08000190   0x08000190   0x00000034   Code   RO         3561    !!!scatter          c_w.l(__scatter.o)
    0x080001c4   0x080001c4   0x0000001a   Code   RO         3563    !!handler_copy      c_w.l(__scatter_copy.o)
    0x080001de   0x080001de   0x00000002   PAD
    0x080001e0   0x080001e0   0x0000001c   Code   RO         3565    !!handler_zi        c_w.l(__scatter_zi.o)
    0x080001fc   0x080001fc   0x00000000   Code   RO         3316    .ARM.Collect$$_printf_percent$$00000000  c_w.l(_printf_percent.o)
    0x080001fc   0x080001fc   0x00000006   Code   RO         3315    .ARM.Collect$$_printf_percent$$00000003  c_w.l(_printf_f.o)
    0x08000202   0x08000202   0x00000006   Code   RO         3313    .ARM.Collect$$_printf_percent$$00000009  c_w.l(_printf_d.o)
    0x08000208   0x08000208   0x00000006   Code   RO         3314    .ARM.Collect$$_printf_percent$$0000000A  c_w.l(_printf_u.o)
    0x0800020e   0x0800020e   0x00000004   Code   RO         3348    .ARM.Collect$$_printf_percent$$00000017  c_w.l(_printf_percent_end.o)
    0x08000212   0x08000212   0x00000002   Code   RO         3432    .ARM.Collect$$libinit$$00000000  c_w.l(libinit.o)
    0x08000214   0x08000214   0x00000004   Code   RO         3433    .ARM.Collect$$libinit$$00000001  c_w.l(libinit2.o)
    0x08000218   0x08000218   0x00000000   Code   RO         3436    .ARM.Collect$$libinit$$00000004  c_w.l(libinit2.o)
    0x08000218   0x08000218   0x00000000   Code   RO         3439    .ARM.Collect$$libinit$$0000000A  c_w.l(libinit2.o)
    0x08000218   0x08000218   0x00000000   Code   RO         3441    .ARM.Collect$$libinit$$0000000C  c_w.l(libinit2.o)
    0x08000218   0x08000218   0x00000000   Code   RO         3443    .ARM.Collect$$libinit$$0000000E  c_w.l(libinit2.o)
    0x08000218   0x08000218   0x00000006   Code   RO         3444    .ARM.Collect$$libinit$$0000000F  c_w.l(libinit2.o)
    0x0800021e   0x0800021e   0x00000000   Code   RO         3446    .ARM.Collect$$libinit$$00000011  c_w.l(libinit2.o)
    0x0800021e   0x0800021e   0x00000000   Code   RO         3448    .ARM.Collect$$libinit$$00000013  c_w.l(libinit2.o)
    0x0800021e   0x0800021e   0x00000000   Code   RO         3450    .ARM.Collect$$libinit$$00000015  c_w.l(libinit2.o)
    0x0800021e   0x0800021e   0x0000000a   Code   RO         3451    .ARM.Collect$$libinit$$00000016  c_w.l(libinit2.o)
    0x08000228   0x08000228   0x00000000   Code   RO         3452    .ARM.Collect$$libinit$$00000017  c_w.l(libinit2.o)
    0x08000228   0x08000228   0x00000000   Code   RO         3454    .ARM.Collect$$libinit$$00000019  c_w.l(libinit2.o)
    0x08000228   0x08000228   0x00000000   Code   RO         3456    .ARM.Collect$$libinit$$0000001B  c_w.l(libinit2.o)
    0x08000228   0x08000228   0x00000000   Code   RO         3458    .ARM.Collect$$libinit$$0000001D  c_w.l(libinit2.o)
    0x08000228   0x08000228   0x00000000   Code   RO         3460    .ARM.Collect$$libinit$$0000001F  c_w.l(libinit2.o)
    0x08000228   0x08000228   0x00000000   Code   RO         3462    .ARM.Collect$$libinit$$00000021  c_w.l(libinit2.o)
    0x08000228   0x08000228   0x00000000   Code   RO         3464    .ARM.Collect$$libinit$$00000023  c_w.l(libinit2.o)
    0x08000228   0x08000228   0x00000000   Code   RO         3466    .ARM.Collect$$libinit$$00000025  c_w.l(libinit2.o)
    0x08000228   0x08000228   0x00000000   Code   RO         3470    .ARM.Collect$$libinit$$0000002C  c_w.l(libinit2.o)
    0x08000228   0x08000228   0x00000000   Code   RO         3472    .ARM.Collect$$libinit$$0000002E  c_w.l(libinit2.o)
    0x08000228   0x08000228   0x00000000   Code   RO         3474    .ARM.Collect$$libinit$$00000030  c_w.l(libinit2.o)
    0x08000228   0x08000228   0x00000000   Code   RO         3476    .ARM.Collect$$libinit$$00000032  c_w.l(libinit2.o)
    0x08000228   0x08000228   0x00000002   Code   RO         3477    .ARM.Collect$$libinit$$00000033  c_w.l(libinit2.o)
    0x0800022a   0x0800022a   0x00000002   Code   RO         3524    .ARM.Collect$$libshutdown$$00000000  c_w.l(libshutdown.o)
    0x0800022c   0x0800022c   0x00000000   Code   RO         3542    .ARM.Collect$$libshutdown$$00000002  c_w.l(libshutdown2.o)
    0x0800022c   0x0800022c   0x00000000   Code   RO         3544    .ARM.Collect$$libshutdown$$00000004  c_w.l(libshutdown2.o)
    0x0800022c   0x0800022c   0x00000000   Code   RO         3546    .ARM.Collect$$libshutdown$$00000006  c_w.l(libshutdown2.o)
    0x0800022c   0x0800022c   0x00000000   Code   RO         3549    .ARM.Collect$$libshutdown$$00000009  c_w.l(libshutdown2.o)
    0x0800022c   0x0800022c   0x00000000   Code   RO         3552    .ARM.Collect$$libshutdown$$0000000C  c_w.l(libshutdown2.o)
    0x0800022c   0x0800022c   0x00000000   Code   RO         3554    .ARM.Collect$$libshutdown$$0000000E  c_w.l(libshutdown2.o)
    0x0800022c   0x0800022c   0x00000000   Code   RO         3557    .ARM.Collect$$libshutdown$$00000011  c_w.l(libshutdown2.o)
    0x0800022c   0x0800022c   0x00000002   Code   RO         3558    .ARM.Collect$$libshutdown$$00000012  c_w.l(libshutdown2.o)
    0x0800022e   0x0800022e   0x00000000   Code   RO         3333    .ARM.Collect$$rtentry$$00000000  c_w.l(__rtentry.o)
    0x0800022e   0x0800022e   0x00000000   Code   RO         3355    .ARM.Collect$$rtentry$$00000002  c_w.l(__rtentry2.o)
    0x0800022e   0x0800022e   0x00000006   Code   RO         3367    .ARM.Collect$$rtentry$$00000004  c_w.l(__rtentry4.o)
    0x08000234   0x08000234   0x00000000   Code   RO         3357    .ARM.Collect$$rtentry$$00000009  c_w.l(__rtentry2.o)
    0x08000234   0x08000234   0x00000004   Code   RO         3358    .ARM.Collect$$rtentry$$0000000A  c_w.l(__rtentry2.o)
    0x08000238   0x08000238   0x00000000   Code   RO         3360    .ARM.Collect$$rtentry$$0000000C  c_w.l(__rtentry2.o)
    0x08000238   0x08000238   0x00000008   Code   RO         3361    .ARM.Collect$$rtentry$$0000000D  c_w.l(__rtentry2.o)
    0x08000240   0x08000240   0x00000002   Code   RO         3478    .ARM.Collect$$rtexit$$00000000  c_w.l(rtexit.o)
    0x08000242   0x08000242   0x00000000   Code   RO         3493    .ARM.Collect$$rtexit$$00000002  c_w.l(rtexit2.o)
    0x08000242   0x08000242   0x00000004   Code   RO         3494    .ARM.Collect$$rtexit$$00000003  c_w.l(rtexit2.o)
    0x08000246   0x08000246   0x00000006   Code   RO         3495    .ARM.Collect$$rtexit$$00000004  c_w.l(rtexit2.o)
    0x0800024c   0x0800024c   0x00000040   Code   RO            4    .text               startup_stm32f407xx.o
    0x0800028c   0x0800028c   0x000000ee   Code   RO         3283    .text               c_w.l(lludivv7m.o)
    0x0800037a   0x0800037a   0x00000002   PAD
    0x0800037c   0x0800037c   0x00000038   Code   RO         3285    .text               c_w.l(__2snprintf.o)
    0x080003b4   0x080003b4   0x00000078   Code   RO         3291    .text               c_w.l(_printf_dec.o)
    0x0800042c   0x0800042c   0x0000010e   Code   RO         3301    .text               c_w.l(__printf_wp.o)
    0x0800053a   0x0800053a   0x0000004e   Code   RO         3317    .text               c_w.l(rt_memclr_w.o)
    0x08000588   0x08000588   0x00000006   Code   RO         3319    .text               c_w.l(heapauxi.o)
    0x0800058e   0x0800058e   0x000000b2   Code   RO         3338    .text               c_w.l(_printf_intcommon.o)
    0x08000640   0x08000640   0x0000041e   Code   RO         3340    .text               c_w.l(_printf_fp_dec.o)
    0x08000a5e   0x08000a5e   0x00000002   PAD
    0x08000a60   0x08000a60   0x00000030   Code   RO         3342    .text               c_w.l(_printf_char_common.o)
    0x08000a90   0x08000a90   0x0000000a   Code   RO         3344    .text               c_w.l(_sputc.o)
    0x08000a9a   0x08000a9a   0x00000010   Code   RO         3346    .text               c_w.l(_snputc.o)
    0x08000aaa   0x08000aaa   0x00000002   PAD
    0x08000aac   0x08000aac   0x00000008   Code   RO         3374    .text               c_w.l(rt_locale_intlibspace.o)
    0x08000ab4   0x08000ab4   0x0000008a   Code   RO         3376    .text               c_w.l(lludiv10.o)
    0x08000b3e   0x08000b3e   0x00000002   PAD
    0x08000b40   0x08000b40   0x00000080   Code   RO         3378    .text               c_w.l(_printf_fp_infnan.o)
    0x08000bc0   0x08000bc0   0x000000e4   Code   RO         3382    .text               c_w.l(bigflt0.o)
    0x08000ca4   0x08000ca4   0x00000008   Code   RO         3414    .text               c_w.l(libspace.o)
    0x08000cac   0x08000cac   0x0000004a   Code   RO         3417    .text               c_w.l(sys_stackheap_outer.o)
    0x08000cf6   0x08000cf6   0x00000012   Code   RO         3419    .text               c_w.l(exit.o)
    0x08000d08   0x08000d08   0x00000080   Code   RO         3425    .text               c_w.l(strcmpv7m.o)
    0x08000d88   0x08000d88   0x0000000c   Code   RO         3490    .text               c_w.l(sys_exit.o)
    0x08000d94   0x08000d94   0x00000002   Code   RO         3511    .text               c_w.l(use_no_semi.o)
    0x08000d96   0x08000d96   0x00000000   Code   RO         3513    .text               c_w.l(indicate_semi.o)
    0x08000d96   0x08000d96   0x0000003e   Code   RO         3385    CL$$btod_d2e        c_w.l(btod.o)
    0x08000dd4   0x08000dd4   0x00000046   Code   RO         3387    CL$$btod_d2e_denorm_low  c_w.l(btod.o)
    0x08000e1a   0x08000e1a   0x00000060   Code   RO         3386    CL$$btod_d2e_norm_op1  c_w.l(btod.o)
    0x08000e7a   0x08000e7a   0x00000338   Code   RO         3395    CL$$btod_div_common  c_w.l(btod.o)
    0x080011b2   0x080011b2   0x000000dc   Code   RO         3392    CL$$btod_e2e        c_w.l(btod.o)
    0x0800128e   0x0800128e   0x0000002a   Code   RO         3389    CL$$btod_ediv       c_w.l(btod.o)
    0x080012b8   0x080012b8   0x0000002a   Code   RO         3388    CL$$btod_emul       c_w.l(btod.o)
    0x080012e2   0x080012e2   0x00000244   Code   RO         3394    CL$$btod_mult_common  c_w.l(btod.o)
    0x08001526   0x08001526   0x00000002   PAD
    0x08001528   0x08001528   0x0000000c   Code   RO         2904    i.BMI088_GetPitch   bmi088.o
    0x08001534   0x08001534   0x0000000c   Code   RO         2906    i.BMI088_GetYaw     bmi088.o
    0x08001540   0x08001540   0x00000002   Code   RO          359    i.BusFault_Handler  stm32f4xx_it.o
    0x08001542   0x08001542   0x00000002   PAD
    0x08001544   0x08001544   0x0000000c   Code   RO          360    i.CAN1_RX0_IRQHandler  stm32f4xx_it.o
    0x08001550   0x08001550   0x0000000c   Code   RO          361    i.CAN1_RX1_IRQHandler  stm32f4xx_it.o
    0x0800155c   0x0800155c   0x0000000c   Code   RO          362    i.CAN1_SCE_IRQHandler  stm32f4xx_it.o
    0x08001568   0x08001568   0x0000000c   Code   RO          363    i.CAN1_TX_IRQHandler  stm32f4xx_it.o
    0x08001574   0x08001574   0x00000118   Code   RO         2771    i.Control_Proc      control.o
    0x0800168c   0x0800168c   0x0000000c   Code   RO          364    i.DMA2_Stream0_IRQHandler  stm32f4xx_it.o
    0x08001698   0x08001698   0x0000000c   Code   RO          365    i.DMA2_Stream1_IRQHandler  stm32f4xx_it.o
    0x080016a4   0x080016a4   0x0000000c   Code   RO          366    i.DMA2_Stream3_IRQHandler  stm32f4xx_it.o
    0x080016b0   0x080016b0   0x00000028   Code   RO         1218    i.DMA_CalcBaseAndBitshift  stm32f4xx_hal_dma.o
    0x080016d8   0x080016d8   0x00000054   Code   RO         1219    i.DMA_CheckFifoParam  stm32f4xx_hal_dma.o
    0x0800172c   0x0800172c   0x00000028   Code   RO         1220    i.DMA_SetConfig     stm32f4xx_hal_dma.o
    0x08001754   0x08001754   0x00000002   Code   RO          367    i.DebugMon_Handler  stm32f4xx_it.o
    0x08001756   0x08001756   0x00000002   PAD
    0x08001758   0x08001758   0x0000001c   Code   RO         3127    i.Delay_Init        delay.o
    0x08001774   0x08001774   0x00000006   Code   RO          368    i.EXTI4_IRQHandler  stm32f4xx_it.o
    0x0800177a   0x0800177a   0x00000006   Code   RO          369    i.EXTI9_5_IRQHandler  stm32f4xx_it.o
    0x08001780   0x08001780   0x00000004   Code   RO           13    i.Error_Handler     main.o
    0x08001784   0x08001784   0x00000048   Code   RO         3129    i.GetUs             delay.o
    0x080017cc   0x080017cc   0x000000d0   Code   RO          527    i.HAL_CAN_AddTxMessage  stm32f4xx_hal_can.o
    0x0800189c   0x0800189c   0x00000002   Code   RO          531    i.HAL_CAN_ErrorCallback  stm32f4xx_hal_can.o
    0x0800189e   0x0800189e   0x0000002c   Code   RO          536    i.HAL_CAN_GetTxMailboxesFreeLevel  stm32f4xx_hal_can.o
    0x080018ca   0x080018ca   0x000001fc   Code   RO          538    i.HAL_CAN_IRQHandler  stm32f4xx_hal_can.o
    0x08001ac6   0x08001ac6   0x0000011a   Code   RO          539    i.HAL_CAN_Init      stm32f4xx_hal_can.o
    0x08001be0   0x08001be0   0x000000a8   Code   RO          204    i.HAL_CAN_MspInit   can.o
    0x08001c88   0x08001c88   0x00000002   Code   RO          546    i.HAL_CAN_RxFifo0FullCallback  stm32f4xx_hal_can.o
    0x08001c8a   0x08001c8a   0x00000002   Code   RO          547    i.HAL_CAN_RxFifo0MsgPendingCallback  stm32f4xx_hal_can.o
    0x08001c8c   0x08001c8c   0x00000002   Code   RO          548    i.HAL_CAN_RxFifo1FullCallback  stm32f4xx_hal_can.o
    0x08001c8e   0x08001c8e   0x00000002   Code   RO          549    i.HAL_CAN_RxFifo1MsgPendingCallback  stm32f4xx_hal_can.o
    0x08001c90   0x08001c90   0x00000002   Code   RO          550    i.HAL_CAN_SleepCallback  stm32f4xx_hal_can.o
    0x08001c92   0x08001c92   0x00000002   Code   RO          553    i.HAL_CAN_TxMailbox0AbortCallback  stm32f4xx_hal_can.o
    0x08001c94   0x08001c94   0x00000002   Code   RO          554    i.HAL_CAN_TxMailbox0CompleteCallback  stm32f4xx_hal_can.o
    0x08001c96   0x08001c96   0x00000002   Code   RO          555    i.HAL_CAN_TxMailbox1AbortCallback  stm32f4xx_hal_can.o
    0x08001c98   0x08001c98   0x00000002   Code   RO          556    i.HAL_CAN_TxMailbox1CompleteCallback  stm32f4xx_hal_can.o
    0x08001c9a   0x08001c9a   0x00000002   Code   RO          557    i.HAL_CAN_TxMailbox2AbortCallback  stm32f4xx_hal_can.o
    0x08001c9c   0x08001c9c   0x00000002   Code   RO          558    i.HAL_CAN_TxMailbox2CompleteCallback  stm32f4xx_hal_can.o
    0x08001c9e   0x08001c9e   0x00000002   Code   RO          560    i.HAL_CAN_WakeUpFromRxMsgCallback  stm32f4xx_hal_can.o
    0x08001ca0   0x08001ca0   0x00000092   Code   RO         1221    i.HAL_DMA_Abort     stm32f4xx_hal_dma.o
    0x08001d32   0x08001d32   0x00000024   Code   RO         1222    i.HAL_DMA_Abort_IT  stm32f4xx_hal_dma.o
    0x08001d56   0x08001d56   0x00000002   PAD
    0x08001d58   0x08001d58   0x000001a0   Code   RO         1226    i.HAL_DMA_IRQHandler  stm32f4xx_hal_dma.o
    0x08001ef8   0x08001ef8   0x000000d4   Code   RO         1227    i.HAL_DMA_Init      stm32f4xx_hal_dma.o
    0x08001fcc   0x08001fcc   0x0000006e   Code   RO         1231    i.HAL_DMA_Start_IT  stm32f4xx_hal_dma.o
    0x0800203a   0x0800203a   0x00000002   PAD
    0x0800203c   0x0800203c   0x00000040   Code   RO         2910    i.HAL_GPIO_EXTI_Callback  bmi088.o
    0x0800207c   0x0800207c   0x00000018   Code   RO         1113    i.HAL_GPIO_EXTI_IRQHandler  stm32f4xx_hal_gpio.o
    0x08002094   0x08002094   0x000001f0   Code   RO         1114    i.HAL_GPIO_Init     stm32f4xx_hal_gpio.o
    0x08002284   0x08002284   0x0000000a   Code   RO         1118    i.HAL_GPIO_WritePin  stm32f4xx_hal_gpio.o
    0x0800228e   0x0800228e   0x00000002   PAD
    0x08002290   0x08002290   0x0000000c   Code   RO         1664    i.HAL_GetTick       stm32f4xx_hal.o
    0x0800229c   0x0800229c   0x00000010   Code   RO         1670    i.HAL_IncTick       stm32f4xx_hal.o
    0x080022ac   0x080022ac   0x00000034   Code   RO         1671    i.HAL_Init          stm32f4xx_hal.o
    0x080022e0   0x080022e0   0x00000040   Code   RO         1672    i.HAL_InitTick      stm32f4xx_hal.o
    0x08002320   0x08002320   0x00000030   Code   RO          501    i.HAL_MspInit       stm32f4xx_hal_msp.o
    0x08002350   0x08002350   0x0000001a   Code   RO         1506    i.HAL_NVIC_EnableIRQ  stm32f4xx_hal_cortex.o
    0x0800236a   0x0800236a   0x00000002   PAD
    0x0800236c   0x0800236c   0x00000040   Code   RO         1512    i.HAL_NVIC_SetPriority  stm32f4xx_hal_cortex.o
    0x080023ac   0x080023ac   0x00000024   Code   RO         1513    i.HAL_NVIC_SetPriorityGrouping  stm32f4xx_hal_cortex.o
    0x080023d0   0x080023d0   0x00000134   Code   RO          760    i.HAL_RCC_ClockConfig  stm32f4xx_hal_rcc.o
    0x08002504   0x08002504   0x00000020   Code   RO          767    i.HAL_RCC_GetPCLK1Freq  stm32f4xx_hal_rcc.o
    0x08002524   0x08002524   0x00000020   Code   RO          768    i.HAL_RCC_GetPCLK2Freq  stm32f4xx_hal_rcc.o
    0x08002544   0x08002544   0x00000064   Code   RO          769    i.HAL_RCC_GetSysClockFreq  stm32f4xx_hal_rcc.o
    0x080025a8   0x080025a8   0x0000036c   Code   RO          772    i.HAL_RCC_OscConfig  stm32f4xx_hal_rcc.o
    0x08002914   0x08002914   0x00000002   Code   RO         1916    i.HAL_SPI_ErrorCallback  stm32f4xx_hal_spi.o
    0x08002916   0x08002916   0x00000002   PAD
    0x08002918   0x08002918   0x000000fc   Code   RO         1919    i.HAL_SPI_IRQHandler  stm32f4xx_hal_spi.o
    0x08002a14   0x08002a14   0x000000bc   Code   RO         1920    i.HAL_SPI_Init      stm32f4xx_hal_spi.o
    0x08002ad0   0x08002ad0   0x00000110   Code   RO          270    i.HAL_SPI_MspInit   spi.o
    0x08002be0   0x08002be0   0x00000002   Code   RO         1926    i.HAL_SPI_RxCpltCallback  stm32f4xx_hal_spi.o
    0x08002be2   0x08002be2   0x00000002   Code   RO         1927    i.HAL_SPI_RxHalfCpltCallback  stm32f4xx_hal_spi.o
    0x08002be4   0x08002be4   0x00000110   Code   RO         1930    i.HAL_SPI_TransmitReceive_DMA  stm32f4xx_hal_spi.o
    0x08002cf4   0x08002cf4   0x000000ec   Code   RO         2911    i.HAL_SPI_TxRxCpltCallback  bmi088.o
    0x08002de0   0x08002de0   0x00000002   Code   RO         1937    i.HAL_SPI_TxRxHalfCpltCallback  stm32f4xx_hal_spi.o
    0x08002de2   0x08002de2   0x00000028   Code   RO         1517    i.HAL_SYSTICK_Config  stm32f4xx_hal_cortex.o
    0x08002e0a   0x08002e0a   0x0000004a   Code   RO         2241    i.HAL_UARTEx_ReceiveToIdle_DMA  stm32f4xx_hal_uart.o
    0x08002e54   0x08002e54   0x00000034   Code   RO         2835    i.HAL_UARTEx_RxEventCallback  receive.o
    0x08002e88   0x08002e88   0x00000002   Code   RO         2257    i.HAL_UART_ErrorCallback  stm32f4xx_hal_uart.o
    0x08002e8a   0x08002e8a   0x00000002   PAD
    0x08002e8c   0x08002e8c   0x00000280   Code   RO         2260    i.HAL_UART_IRQHandler  stm32f4xx_hal_uart.o
    0x0800310c   0x0800310c   0x00000064   Code   RO         2261    i.HAL_UART_Init     stm32f4xx_hal_uart.o
    0x08003170   0x08003170   0x00000114   Code   RO          312    i.HAL_UART_MspInit  usart.o
    0x08003284   0x08003284   0x00000002   Code   RO         2267    i.HAL_UART_RxCpltCallback  stm32f4xx_hal_uart.o
    0x08003286   0x08003286   0x00000002   Code   RO         2268    i.HAL_UART_RxHalfCpltCallback  stm32f4xx_hal_uart.o
    0x08003288   0x08003288   0x000000a0   Code   RO         2269    i.HAL_UART_Transmit  stm32f4xx_hal_uart.o
    0x08003328   0x08003328   0x00000002   Code   RO         2272    i.HAL_UART_TxCpltCallback  stm32f4xx_hal_uart.o
    0x0800332a   0x0800332a   0x00000002   Code   RO          370    i.HardFault_Handler  stm32f4xx_it.o
    0x0800332c   0x0800332c   0x00000044   Code   RO          205    i.MX_CAN1_Init      can.o
    0x08003370   0x08003370   0x0000004c   Code   RO          245    i.MX_DMA_Init       dma.o
    0x080033bc   0x080033bc   0x00000168   Code   RO          179    i.MX_GPIO_Init      gpio.o
    0x08003524   0x08003524   0x00000048   Code   RO          271    i.MX_SPI1_Init      spi.o
    0x0800356c   0x0800356c   0x00000038   Code   RO          313    i.MX_USART1_UART_Init  usart.o
    0x080035a4   0x080035a4   0x00000038   Code   RO          314    i.MX_USART6_UART_Init  usart.o
    0x080035dc   0x080035dc   0x00000002   Code   RO          371    i.MemManage_Handler  stm32f4xx_it.o
    0x080035de   0x080035de   0x00000002   Code   RO          372    i.NMI_Handler       stm32f4xx_it.o
    0x080035e0   0x080035e0   0x00000006   Code   RO         2632    i.PID_ChangeSP      pid.o
    0x080035e6   0x080035e6   0x00000002   PAD
    0x080035e8   0x080035e8   0x000000ec   Code   RO         2633    i.PID_Compute       pid.o
    0x080036d4   0x080036d4   0x00000002   Code   RO          373    i.PendSV_Handler    stm32f4xx_it.o
    0x080036d6   0x080036d6   0x00000020   Code   RO         2686    i.QD4310_Clamp      qd4310.o
    0x080036f6   0x080036f6   0x00000002   PAD
    0x080036f8   0x080036f8   0x00000050   Code   RO         2689    i.QD4310_SendCommand  qd4310.o
    0x08003748   0x08003748   0x0000004c   Code   RO         2693    i.QD4310_SetSpeed   qd4310.o
    0x08003794   0x08003794   0x0000000c   Code   RO          374    i.SPI1_IRQHandler   stm32f4xx_it.o
    0x080037a0   0x080037a0   0x00000010   Code   RO         1947    i.SPI_DMAAbortOnError  stm32f4xx_hal_spi.o
    0x080037b0   0x080037b0   0x00000022   Code   RO         1948    i.SPI_DMAError      stm32f4xx_hal_spi.o
    0x080037d2   0x080037d2   0x0000000a   Code   RO         1949    i.SPI_DMAHalfReceiveCplt  stm32f4xx_hal_spi.o
    0x080037dc   0x080037dc   0x0000000a   Code   RO         1951    i.SPI_DMAHalfTransmitReceiveCplt  stm32f4xx_hal_spi.o
    0x080037e6   0x080037e6   0x0000006a   Code   RO         1952    i.SPI_DMAReceiveCplt  stm32f4xx_hal_spi.o
    0x08003850   0x08003850   0x0000005a   Code   RO         1955    i.SPI_DMATransmitReceiveCplt  stm32f4xx_hal_spi.o
    0x080038aa   0x080038aa   0x0000005c   Code   RO         1957    i.SPI_EndRxTransaction  stm32f4xx_hal_spi.o
    0x08003906   0x08003906   0x00000002   PAD
    0x08003908   0x08003908   0x0000006c   Code   RO         1958    i.SPI_EndRxTxTransaction  stm32f4xx_hal_spi.o
    0x08003974   0x08003974   0x000000bc   Code   RO         1963    i.SPI_WaitFlagStateUntilTimeout  stm32f4xx_hal_spi.o
    0x08003a30   0x08003a30   0x00000002   Code   RO          375    i.SVC_Handler       stm32f4xx_it.o
    0x08003a32   0x08003a32   0x00000002   PAD
    0x08003a34   0x08003a34   0x0000000c   Code   RO         2772    i.SetGimbal0Speed   control.o
    0x08003a40   0x08003a40   0x0000000c   Code   RO         2773    i.SetGimbal1Speed   control.o
    0x08003a4c   0x08003a4c   0x00000004   Code   RO          376    i.SysTick_Handler   stm32f4xx_it.o
    0x08003a50   0x08003a50   0x00000094   Code   RO           14    i.SystemClock_Config  main.o
    0x08003ae4   0x08003ae4   0x00000010   Code   RO         2595    i.SystemInit        system_stm32f4xx.o
    0x08003af4   0x08003af4   0x0000000e   Code   RO         2274    i.UART_DMAAbortOnError  stm32f4xx_hal_uart.o
    0x08003b02   0x08003b02   0x0000004a   Code   RO         2275    i.UART_DMAError     stm32f4xx_hal_uart.o
    0x08003b4c   0x08003b4c   0x00000086   Code   RO         2276    i.UART_DMAReceiveCplt  stm32f4xx_hal_uart.o
    0x08003bd2   0x08003bd2   0x0000001e   Code   RO         2278    i.UART_DMARxHalfCplt  stm32f4xx_hal_uart.o
    0x08003bf0   0x08003bf0   0x0000004e   Code   RO         2284    i.UART_EndRxTransfer  stm32f4xx_hal_uart.o
    0x08003c3e   0x08003c3e   0x0000001c   Code   RO         2285    i.UART_EndTxTransfer  stm32f4xx_hal_uart.o
    0x08003c5a   0x08003c5a   0x000000c2   Code   RO         2286    i.UART_Receive_IT   stm32f4xx_hal_uart.o
    0x08003d1c   0x08003d1c   0x0000010c   Code   RO         2287    i.UART_SetConfig    stm32f4xx_hal_uart.o
    0x08003e28   0x08003e28   0x000000a0   Code   RO         2288    i.UART_Start_Receive_DMA  stm32f4xx_hal_uart.o
    0x08003ec8   0x08003ec8   0x00000072   Code   RO         2290    i.UART_WaitOnFlagUntilTimeout  stm32f4xx_hal_uart.o
    0x08003f3a   0x08003f3a   0x00000002   PAD
    0x08003f3c   0x08003f3c   0x000000ac   Code   RO         3252    i.USART1_Proc       bmi_dection.o
    0x08003fe8   0x08003fe8   0x0000000c   Code   RO          377    i.USART6_IRQHandler  stm32f4xx_it.o
    0x08003ff4   0x08003ff4   0x00000002   Code   RO          378    i.UsageFault_Handler  stm32f4xx_it.o
    0x08003ff6   0x08003ff6   0x00000002   PAD
    0x08003ff8   0x08003ff8   0x00000008   Code   RO         2836    i.Vision_GetErr     receive.o
    0x08004000   0x08004000   0x00000024   Code   RO         2837    i.Vision_Init       receive.o
    0x08004024   0x08004024   0x00000020   Code   RO         2838    i.Vision_IsOnline   receive.o
    0x08004044   0x08004044   0x00000030   Code   RO         3412    i.__ARM_fpclassify  m_wm.l(fpclassify.o)
    0x08004074   0x08004074   0x00000020   Code   RO         1519    i.__NVIC_SetPriority  stm32f4xx_hal_cortex.o
    0x08004094   0x08004094   0x0000000e   Code   RO         3303    i._is_digit         c_w.l(__printf_wp.o)
    0x080040a2   0x080040a2   0x00000032   Code   RO         3175    i.binary_search     qmath.o
    0x080040d4   0x080040d4   0x0000002c   Code   RO         2912    i.inv_sqrt          bmi088.o
    0x08004100   0x08004100   0x00000044   Code   RO           15    i.main              main.o
    0x08004144   0x08004144   0x000000f4   Code   RO         2839    i.parse_frame       receive.o
    0x08004238   0x08004238   0x0000008c   Code   RO         2913    i.parse_gyro        bmi088.o
    0x080042c4   0x080042c4   0x00000068   Code   RO         2840    i.parse_int         receive.o
    0x0800432c   0x0800432c   0x00000190   Code   RO         2914    i.pitch_solve_step  bmi088.o
    0x080044bc   0x080044bc   0x0000004c   Code   RO         3177    i.qasin             qmath.o
    0x08004508   0x08004508   0x0000004c   Code   RO         3178    i.qatan             qmath.o
    0x08004554   0x08004554   0x00000080   Code   RO         3179    i.qatan2            qmath.o
    0x080045d4   0x080045d4   0x00000024   Code   RO         2841    i.vision_start_dma  receive.o
    0x080045f8   0x080045f8   0x00000034   Code   RO         2774    i.wrap_pi           control.o
    0x0800462c   0x0800462c   0x00000060   Code   RO         2918    i.yaw_solve_step    bmi088.o
    0x0800468c   0x0800468c   0x0000002c   Code   RO         3408    locale$$code        c_w.l(lc_numeric_c.o)
    0x080046b8   0x080046b8   0x0000000c   Code   RO         3349    x$fpl$dretinf       fz_wm.l(dretinf.o)
    0x080046c4   0x080046c4   0x00000056   Code   RO         3323    x$fpl$f2d           fz_wm.l(f2d.o)
    0x0800471a   0x0800471a   0x00000060   Code   RO         3329    x$fpl$ffltll        fz_wm.l(ffltll_clz.o)
    0x0800477a   0x0800477a   0x0000008c   Code   RO         3351    x$fpl$fnaninf       fz_wm.l(fnaninf.o)
    0x08004806   0x08004806   0x0000000a   Code   RO         3488    x$fpl$fpinit        fz_wm.l(fpinit.o)
    0x08004810   0x08004810   0x00000004   Code   RO         3331    x$fpl$printf1       fz_wm.l(printf1.o)
    0x08004814   0x08004814   0x00000000   Code   RO         3353    x$fpl$usenofp       fz_wm.l(usenofp.o)
    0x08004814   0x08004814   0x00000008   Data   RO         1233    .constdata          stm32f4xx_hal_dma.o
    0x0800481c   0x0800481c   0x00000010   Data   RO         2596    .constdata          system_stm32f4xx.o
    0x0800482c   0x0800482c   0x00000008   Data   RO         2597    .constdata          system_stm32f4xx.o
    0x08004834   0x08004834   0x00002000   Data   RO         3183    .constdata          qmath.o
    0x08006834   0x08006834   0x00000094   Data   RO         3383    .constdata          c_w.l(bigflt0.o)
    0x080068c8   0x080068c8   0x00000020   Data   RO         3559    Region$$Table       anon$$obj.o
    0x080068e8   0x080068e8   0x0000001c   Data   RO         3407    locale$$data        c_w.l(lc_numeric_c.o)


    Execution Region RW_IRAM1 (Exec base: 0x20000000, Load base: 0x08006904, Size: 0x000009f8, Max: 0x0001c000, ABSOLUTE)

    Exec Addr    Load Addr    Size         Type   Attr      Idx    E Section Name        Object

    0x20000000   0x08006904   0x0000000c   Data   RW         1678    .data               stm32f4xx_hal.o
    0x2000000c   0x08006910   0x00000004   Data   RW         2598    .data               system_stm32f4xx.o
    0x20000010   0x08006914   0x00000003   Data   RW         2696    .data               qd4310.o
    0x20000013   0x08006917   0x00000001   PAD
    0x20000014   0x08006918   0x00000014   Data   RW         2776    .data               control.o
    0x20000028   0x0800692c   0x00000064   Data   RW         2919    .data               bmi088.o
    0x2000008c   0x08006990   0x00000004   Data   RW         3130    .data               delay.o
    0x20000090   0x08006994   0x00000004   Data   RW         3253    .data               bmi_dection.o
    0x20000094        -       0x00000028   Zero   RW          206    .bss                can.o
    0x200000bc        -       0x00000118   Zero   RW          272    .bss                spi.o
    0x200001d4        -       0x000000f0   Zero   RW          315    .bss                usart.o
    0x200002c4   0x08006998   0x00000004   PAD
    0x200002c8        -       0x00000078   Zero   RW         2775    .bss                control.o
    0x20000340        -       0x00000054   Zero   RW         2842    .bss                receive.o
    0x20000394        -       0x00000060   Zero   RW         3415    .bss                c_w.l(libspace.o)
    0x200003f4   0x08006998   0x00000004   PAD
    0x200003f8        -       0x00000200   Zero   RW            2    HEAP                startup_stm32f407xx.o
    0x200005f8        -       0x00000400   Zero   RW            1    STACK               startup_stm32f407xx.o


    Execution Region RW_IRAM2 (Exec base: 0x2001c000, Load base: 0x08006998, Size: 0x00000000, Max: 0x00004000, ABSOLUTE)

    **** No section assigned to this execution region ****


==============================================================================

Image component sizes


      Code (inc. data)   RO Data    RW Data    ZI Data      Debug   Object Name

      1004         98          0        100          0       6614   bmi088.o
       172         72          0          4          0       1126   bmi_dection.o
       236         22          0          0         40       1801   can.o
       356         46          0         20        120       4081   control.o
       100         18          0          4          0       1545   delay.o
        76          4          0          0          0        830   dma.o
       360         20          0          0          0       1167   gpio.o
       220         22          0          0          0     677952   main.o
       242         10          0          0          0       2353   pid.o
       188         18          0          3          0       3431   qd4310.o
       330         38       8192          0          0       3617   qmath.o
       512         48          0          0         84       5289   receive.o
       344         34          0          0        280       1995   spi.o
        64         26        392          0       1536        860   startup_stm32f407xx.o
       144         24          0         12          0       8913   stm32f4xx_hal.o
      1068          0          0          0          0      12384   stm32f4xx_hal_can.o
       198         14          0          0          0      33947   stm32f4xx_hal_cortex.o
      1084         16          8          0          0       7526   stm32f4xx_hal_dma.o
       530         52          0          0          0       2899   stm32f4xx_hal_gpio.o
        48          6          0          0          0        898   stm32f4xx_hal_msp.o
      1348         76          0          0          0       5380   stm32f4xx_hal_rcc.o
      1374         42          0          0          0      12459   stm32f4xx_hal_spi.o
      2076         28          0          0          0      15341   stm32f4xx_hal_uart.o
       140         54          0          0          0       9745   stm32f4xx_it.o
        16          4         24          4          0       1187   system_stm32f4xx.o
       388         50          0          0        240       2666   usart.o

    ----------------------------------------------------------------------
     12646        842       8648        148       2304     826006   Object Totals
         0          0         32          0          0          0   (incl. Generated)
        28          0          0          1          4          0   (incl. Padding)

    ----------------------------------------------------------------------

      Code (inc. data)   RO Data    RW Data    ZI Data      Debug   Library Member Name

        56          6          0          0          0         88   __2snprintf.o
         8          0          0          0          0         68   __main.o
       284          0          0          0          0        156   __printf_wp.o
         0          0          0          0          0          0   __rtentry.o
        12          0          0          0          0          0   __rtentry2.o
         6          0          0          0          0          0   __rtentry4.o
        52          8          0          0          0          0   __scatter.o
        26          0          0          0          0          0   __scatter_copy.o
        28          0          0          0          0          0   __scatter_zi.o
        48          6          0          0          0         96   _printf_char_common.o
         6          0          0          0          0          0   _printf_d.o
       120         16          0          0          0         92   _printf_dec.o
         6          0          0          0          0          0   _printf_f.o
      1054          0          0          0          0        216   _printf_fp_dec.o
       128         16          0          0          0         84   _printf_fp_infnan.o
       178          0          0          0          0         88   _printf_intcommon.o
         0          0          0          0          0          0   _printf_percent.o
         4          0          0          0          0          0   _printf_percent_end.o
         6          0          0          0          0          0   _printf_u.o
        16          0          0          0          0         68   _snputc.o
        10          0          0          0          0         68   _sputc.o
       228          4        148          0          0         96   bigflt0.o
      1936        128          0          0          0        672   btod.o
        18          0          0          0          0         80   exit.o
         6          0          0          0          0        152   heapauxi.o
         0          0          0          0          0          0   indicate_semi.o
        44         10         28          0          0         76   lc_numeric_c.o
         2          0          0          0          0          0   libinit.o
        22          0          0          0          0          0   libinit2.o
         2          0          0          0          0          0   libshutdown.o
         2          0          0          0          0          0   libshutdown2.o
         8          4          0          0         96         68   libspace.o
       138          0          0          0          0         80   lludiv10.o
       238          0          0          0          0        100   lludivv7m.o
         8          4          0          0          0         68   rt_locale_intlibspace.o
        78          0          0          0          0         80   rt_memclr_w.o
         2          0          0          0          0          0   rtexit.o
        10          0          0          0          0          0   rtexit2.o
       128          0          0          0          0         68   strcmpv7m.o
        12          4          0          0          0         68   sys_exit.o
        74          0          0          0          0         80   sys_stackheap_outer.o
         2          0          0          0          0         68   use_no_semi.o
        12          0          0          0          0        116   dretinf.o
        86          4          0          0          0        132   f2d.o
        96          0          0          0          0        132   ffltll_clz.o
       140          4          0          0          0        132   fnaninf.o
        10          0          0          0          0        116   fpinit.o
         4          0          0          0          0        116   printf1.o
         0          0          0          0          0          0   usenofp.o
        48          0          0          0          0        124   fpclassify.o

    ----------------------------------------------------------------------
      5414        214        176          0        100       3648   Library Totals
        12          0          0          0          4          0   (incl. Padding)

    ----------------------------------------------------------------------

      Code (inc. data)   RO Data    RW Data    ZI Data      Debug   Library Name

      5006        206        176          0         96       2780   c_w.l
       348          8          0          0          0        744   fz_wm.l
        48          0          0          0          0        124   m_wm.l

    ----------------------------------------------------------------------
      5414        214        176          0        100       3648   Library Totals

    ----------------------------------------------------------------------

==============================================================================


      Code (inc. data)   RO Data    RW Data    ZI Data      Debug   

     18060       1056       8824        148       2404     814346   Grand Totals
     18060       1056       8824        148       2404     814346   ELF Image Totals
     18060       1056       8824        148          0          0   ROM Totals

==============================================================================

    Total RO  Size (Code + RO Data)                26884 (  26.25kB)
    Total RW  Size (RW Data + ZI Data)              2552 (   2.49kB)
    Total ROM Size (Code + RO Data + RW Data)      27032 (  26.40kB)

==============================================================================

